
*** src/lib.rs:1158:5: replace decrypt_in_place_detached -> Result<(), Error> with Ok(())

*** mutation diff:
--- src/lib.rs
+++ replace decrypt_in_place_detached -> Result<(), Error> with Ok(())
@@ -1150,76 +1150,17 @@
 /// place. Note this destroys the caller's buffer on the failure path.
 pub fn decrypt_in_place_detached(
     key: &[u8; 32],
     nonce: &[u8; NONCE_LEN],
     aad: &[u8],
     buffer: &mut [u8],
     tag: &[u8; TAG_LEN],
 ) -> Result<(), Error> {
-    check_lengths(buffer.len(), aad.len())?;
-
-    let (mut mac_key, mut enc_seed) = derive_material(key, nonce);
-    let (mut enc_key, mut enc_nonce) = derive_enc(&enc_seed, tag);
-
-    chacha20_apply(&enc_key, 0, &enc_nonce, &Input::InPlace, buffer);
-
-    let mut computed_tag = derive_tag(&mac_key, key, nonce, aad, buffer);
-    #[cfg(feature = "hardened")]
-    let gates = {
-        // See the matching block in `decrypt`: identical reasoning, and the same
-        // volatile re-read, so both entry points get a second gate that is a
-        // recomputation rather than a copy of the first.
-        let first = computed_tag.ct_eq(tag) & tag.ct_eq(&computed_tag);
-
-        // SAFETY: `computed_tag` is a live local, initialised and aligned for a
-        // `[u8; TAG_LEN]` read for the whole statement; nothing writes through the
-        // pointer, and a volatile read of live memory has no effect beyond being
-        // the read itself.
-        let mut computed_tag_copy = unsafe { core::ptr::read_volatile(&computed_tag) };
-        // SAFETY: as above, for the caller's reference: `tag` is a live `&[u8;
-        // TAG_LEN]` and this only reads through it, so aliasing rules hold.
-        let mut tag_copy = unsafe { core::ptr::read_volatile(tag) };
-        let second = computed_tag_copy.ct_eq(&tag_copy) & tag_copy.ct_eq(&computed_tag_copy);
-
-        // The copies are secret-derived (they are the computed MAC), so they are
-        // wiped like every other copy in this function rather than left in the
-        // frame of the `hardened` build.
-        zeroize_array(&mut computed_tag_copy);
-        zeroize_array(&mut tag_copy);
-
-        (first, second)
-    };
-    #[cfg(not(feature = "hardened"))]
-    let auth_ok = computed_tag.ct_eq(tag);
-
-    zeroize_array(&mut mac_key);
-    zeroize_array(&mut enc_seed);
-    zeroize_array(&mut enc_key);
-    // The per-message ChaCha20 nonce is secret-derived too (it comes out of
-    // the same XOF call as `enc_key`), so it is wiped with the rest rather
-    // than left on the stack.
-    zeroize_array(&mut enc_nonce);
-    zeroize_array(&mut computed_tag);
-
-    // As in `decrypt`: the rejection is written first, so a fault that skips the
-    // call cannot accept.
-    let mut decision: Result<(), Error> = Err(Error::AuthenticationFailed);
-    #[cfg(not(feature = "hardened"))]
-    accept_or_reject(auth_ok, auth_ok, buffer, &mut decision);
-    #[cfg(feature = "hardened")]
-    accept_or_reject(gates.0, gates.1, buffer, &mut decision);
-
-    if decision.is_ok() {
-        return Ok(());
-    }
-    // Reached on rejection, and on a call that never happened -- in which case the
-    // caller's buffer still holds the unverified plaintext and is wiped here.
-    zeroize_slice(buffer);
-    Err(Error::AuthenticationFailed)
+    Ok(()) /* ~ changed by cargo-mutants ~ */
 }
 
 // ── ChaCha20 Primitive ────────────────────────────────────────────────
 
 /// Quarter round: (a, b, c, d) → (a', b', c', d')
 #[inline]
 fn qr(a: u32, b: u32, c: u32, d: u32) -> (u32, u32, u32, u32) {
     let a = a.wrapping_add(b);


*** /home/dev123/.rustup/toolchains/stable-x86_64-unknown-linux-gnu/bin/cargo test --no-run --verbose --package=xchacha20-blake3-siv@0.1.0 --features=hardened
       Fresh cfg-if v1.0.5
       Fresh libc v0.2.189
       Fresh unicode-ident v1.0.26
       Fresh version_check v0.9.5
       Fresh typenum v1.20.1
       Fresh getrandom v0.2.17
       Fresh zeroize v1.9.0
       Fresh autocfg v1.5.1
       Fresh find-msvc-tools v0.1.13
       Fresh shlex v2.0.1
       Fresh subtle v2.6.1
       Fresh either v1.18.0
       Fresh regex-syntax v0.8.11
       Fresh anstyle v1.0.14
       Fresh cpufeatures v0.2.17
       Fresh memchr v2.8.3
       Fresh clap_lex v1.1.1
       Fresh itoa v1.0.18
       Fresh ciborium-io v0.2.2
       Fresh plotters-backend v0.3.7
       Fresh same-file v1.0.6
       Fresh cast v0.3.0
       Fresh cpufeatures v0.3.1
       Fresh proc-macro2 v1.0.107
       Fresh rand_core v0.6.4
       Fresh cc v1.4.7
       Fresh itertools v0.10.5
       Fresh plotters-svg v0.3.7
       Fresh arrayvec v0.7.8
       Fresh regex-automata v0.4.18
       Fresh clap_builder v4.6.7
       Fresh opaque-debug v0.3.1
       Fresh constant_time_eq v0.4.2
       Fresh bit-vec v0.8.0
       Fresh walkdir v2.5.0
       Fresh is-terminal v0.4.17
       Fresh once_cell v1.21.4
       Fresh anes v0.1.6
       Fresh bitflags v2.13.2
       Fresh unarray v0.1.4
       Fresh oorandom v11.1.5
       Fresh quote v1.0.47
       Fresh serde_core v1.0.229
       Fresh getrandom v0.3.4
       Fresh crossbeam-utils v0.8.23
       Fresh zmij v1.0.23
       Fresh criterion-plot v0.5.0
       Fresh regex v1.13.1
       Fresh clap v4.6.7
       Fresh bit-set v0.8.0
       Fresh syn v2.0.119
       Fresh generic-array v0.14.7
       Fresh syn v3.0.6
       Fresh crossbeam-epoch v0.9.21
       Fresh rand_core v0.9.5
       Fresh num-traits v0.2.19
       Fresh serde_json v1.0.151
       Fresh zerocopy-derive v0.8.57
       Fresh crypto-common v0.1.7
       Fresh serde_derive v1.0.229
       Fresh crossbeam-deque v0.8.8
       Fresh inout v0.1.4
       Fresh blake3 v1.8.7
       Fresh rand v0.9.5
       Fresh rand_xorshift v0.4.0
       Fresh plotters v0.3.7
       Fresh zerocopy v0.8.57
       Fresh serde v1.0.229
       Fresh universal-hash v0.5.1
       Fresh rayon-core v1.13.0
       Fresh cipher v0.4.4
       Fresh aead v0.5.2
       Dirty xchacha20-blake3-siv v0.1.0 (/tmp/cargo-mutants-XChaCha20-BLAKE3-SIV-P9Bk7S.tmp): couldn't read metadata for file `target/debug/deps/libxchacha20_blake3_siv-2745143b601a872d.rlib`
   Compiling xchacha20-blake3-siv v0.1.0 (/tmp/cargo-mutants-XChaCha20-BLAKE3-SIV-P9Bk7S.tmp)
       Fresh half v2.7.1
       Fresh ppv-lite86 v0.2.21
       Fresh tinytemplate v1.2.1
       Fresh chacha20 v0.9.1
       Fresh rayon v1.12.0
       Fresh poly1305 v0.8.0
       Fresh ciborium-ll v0.2.2
       Fresh rand_chacha v0.9.0
       Fresh chacha20poly1305 v0.10.1
     Running `/home/dev123/.rustup/toolchains/stable-x86_64-unknown-linux-gnu/bin/rustc --crate-name xchacha20_blake3_siv --edition=2021 src/lib.rs --error-format=json --json=diagnostic-rendered-ansi,artifacts,future-incompat --crate-type lib --emit=dep-info,metadata,link -C embed-bitcode=no -C debuginfo=2 --warn=unexpected_cfgs '--deny=clippy::undocumented_unsafe_blocks' --check-cfg 'cfg(kani)' --cfg 'feature="hardened"' --check-cfg 'cfg(docsrs,test)' --check-cfg 'cfg(feature, values("hardened", "pure", "rng"))' -C metadata=b247ba3bf813dc04 -C extra-filename=-2745143b601a872d --out-dir /tmp/cargo-mutants-XChaCha20-BLAKE3-SIV-P9Bk7S.tmp/target/debug/deps -C incremental=/tmp/cargo-mutants-XChaCha20-BLAKE3-SIV-P9Bk7S.tmp/target/debug/incremental -L dependency=/tmp/cargo-mutants-XChaCha20-BLAKE3-SIV-P9Bk7S.tmp/target/debug/deps --extern blake3=/tmp/cargo-mutants-XChaCha20-BLAKE3-SIV-P9Bk7S.tmp/target/debug/deps/libblake3-f8715a0be2228f6c.rmeta --extern subtle=/tmp/cargo-mutants-XChaCha20-BLAKE3-SIV-P9Bk7S.tmp/target/debug/deps/libsubtle-55f702608e37091d.rmeta --extern zeroize=/tmp/cargo-mutants-XChaCha20-BLAKE3-SIV-P9Bk7S.tmp/target/debug/deps/libzeroize-5087b20aec4f24d3.rmeta -L native=/tmp/cargo-mutants-XChaCha20-BLAKE3-SIV-P9Bk7S.tmp/target/debug/build/blake3-db6c4b796fede836/out -L native=/tmp/cargo-mutants-XChaCha20-BLAKE3-SIV-P9Bk7S.tmp/target/debug/build/blake3-db6c4b796fede836/out`
       Fresh ciborium v0.2.2
       Fresh proptest v1.11.0
       Fresh criterion v0.5.1
     Running `/home/dev123/.rustup/toolchains/stable-x86_64-unknown-linux-gnu/bin/rustc --crate-name xchacha20_blake3_siv --edition=2021 src/lib.rs --error-format=json --json=diagnostic-rendered-ansi,artifacts,future-incompat --emit=dep-info,link -C embed-bitcode=no -C debuginfo=2 --warn=unexpected_cfgs '--deny=clippy::undocumented_unsafe_blocks' --check-cfg 'cfg(kani)' --test --cfg 'feature="hardened"' --check-cfg 'cfg(docsrs,test)' --check-cfg 'cfg(feature, values("hardened", "pure", "rng"))' -C metadata=950c5203e00bfaec -C extra-filename=-bf774737df67b035 --out-dir /tmp/cargo-mutants-XChaCha20-BLAKE3-SIV-P9Bk7S.tmp/target/debug/deps -C incremental=/tmp/cargo-mutants-XChaCha20-BLAKE3-SIV-P9Bk7S.tmp/target/debug/incremental -L dependency=/tmp/cargo-mutants-XChaCha20-BLAKE3-SIV-P9Bk7S.tmp/target/debug/deps --extern aead=/tmp/cargo-mutants-XChaCha20-BLAKE3-SIV-P9Bk7S.tmp/target/debug/deps/libaead-15f867564fd89215.rlib --extern blake3=/tmp/cargo-mutants-XChaCha20-BLAKE3-SIV-P9Bk7S.tmp/target/debug/deps/libblake3-f8715a0be2228f6c.rlib --extern chacha20poly1305=/tmp/cargo-mutants-XChaCha20-BLAKE3-SIV-P9Bk7S.tmp/target/debug/deps/libchacha20poly1305-4bd1b2516f5448bb.rlib --extern criterion=/tmp/cargo-mutants-XChaCha20-BLAKE3-SIV-P9Bk7S.tmp/target/debug/deps/libcriterion-7a3675e7698ab10d.rlib --extern proptest=/tmp/cargo-mutants-XChaCha20-BLAKE3-SIV-P9Bk7S.tmp/target/debug/deps/libproptest-35af120c880ec346.rlib --extern subtle=/tmp/cargo-mutants-XChaCha20-BLAKE3-SIV-P9Bk7S.tmp/target/debug/deps/libsubtle-55f702608e37091d.rlib --extern zeroize=/tmp/cargo-mutants-XChaCha20-BLAKE3-SIV-P9Bk7S.tmp/target/debug/deps/libzeroize-5087b20aec4f24d3.rlib -L native=/tmp/cargo-mutants-XChaCha20-BLAKE3-SIV-P9Bk7S.tmp/target/debug/build/blake3-db6c4b796fede836/out -L native=/tmp/cargo-mutants-XChaCha20-BLAKE3-SIV-P9Bk7S.tmp/target/debug/build/blake3-db6c4b796fede836/out`
warning: unused variable: `key`
    --> src/lib.rs:1152:5
     |
1152 |     key: &[u8; 32],
     |     ^^^ help: if this is intentional, prefix it with an underscore: `_key`
     |
     = note: `#[warn(unused_variables)]` (part of `#[warn(unused)]`) on by default

warning: unused variable: `nonce`
    --> src/lib.rs:1153:5
     |
1153 |     nonce: &[u8; NONCE_LEN],
     |     ^^^^^ help: if this is intentional, prefix it with an underscore: `_nonce`

warning: unused variable: `aad`
    --> src/lib.rs:1154:5
     |
1154 |     aad: &[u8],
     |     ^^^ help: if this is intentional, prefix it with an underscore: `_aad`

warning: unused variable: `buffer`
    --> src/lib.rs:1155:5
     |
1155 |     buffer: &mut [u8],
     |     ^^^^^^ help: if this is intentional, prefix it with an underscore: `_buffer`

warning: unused variable: `tag`
    --> src/lib.rs:1156:5
     |
1156 |     tag: &[u8; TAG_LEN],
     |     ^^^ help: if this is intentional, prefix it with an underscore: `_tag`

warning: `xchacha20-blake3-siv` (lib) generated 5 warnings (run `cargo fix --lib -p xchacha20-blake3-siv` to apply 5 suggestions)
     Running `/home/dev123/.rustup/toolchains/stable-x86_64-unknown-linux-gnu/bin/rustc --crate-name threads --edition=2021 tests/threads.rs --error-format=json --json=diagnostic-rendered-ansi,artifacts,future-incompat --emit=dep-info,link -C embed-bitcode=no -C debuginfo=2 --warn=unexpected_cfgs '--deny=clippy::undocumented_unsafe_blocks' --check-cfg 'cfg(kani)' --test --cfg 'feature="hardened"' --check-cfg 'cfg(docsrs,test)' --check-cfg 'cfg(feature, values("hardened", "pure", "rng"))' -C metadata=7726508dff626c23 -C extra-filename=-e001592f162af788 --out-dir /tmp/cargo-mutants-XChaCha20-BLAKE3-SIV-P9Bk7S.tmp/target/debug/deps -C incremental=/tmp/cargo-mutants-XChaCha20-BLAKE3-SIV-P9Bk7S.tmp/target/debug/incremental -L dependency=/tmp/cargo-mutants-XChaCha20-BLAKE3-SIV-P9Bk7S.tmp/target/debug/deps --extern aead=/tmp/cargo-mutants-XChaCha20-BLAKE3-SIV-P9Bk7S.tmp/target/debug/deps/libaead-15f867564fd89215.rlib --extern blake3=/tmp/cargo-mutants-XChaCha20-BLAKE3-SIV-P9Bk7S.tmp/target/debug/deps/libblake3-f8715a0be2228f6c.rlib --extern chacha20poly1305=/tmp/cargo-mutants-XChaCha20-BLAKE3-SIV-P9Bk7S.tmp/target/debug/deps/libchacha20poly1305-4bd1b2516f5448bb.rlib --extern criterion=/tmp/cargo-mutants-XChaCha20-BLAKE3-SIV-P9Bk7S.tmp/target/debug/deps/libcriterion-7a3675e7698ab10d.rlib --extern proptest=/tmp/cargo-mutants-XChaCha20-BLAKE3-SIV-P9Bk7S.tmp/target/debug/deps/libproptest-35af120c880ec346.rlib --extern subtle=/tmp/cargo-mutants-XChaCha20-BLAKE3-SIV-P9Bk7S.tmp/target/debug/deps/libsubtle-55f702608e37091d.rlib --extern xchacha20_blake3_siv=/tmp/cargo-mutants-XChaCha20-BLAKE3-SIV-P9Bk7S.tmp/target/debug/deps/libxchacha20_blake3_siv-2745143b601a872d.rlib --extern zeroize=/tmp/cargo-mutants-XChaCha20-BLAKE3-SIV-P9Bk7S.tmp/target/debug/deps/libzeroize-5087b20aec4f24d3.rlib -L native=/tmp/cargo-mutants-XChaCha20-BLAKE3-SIV-P9Bk7S.tmp/target/debug/build/blake3-db6c4b796fede836/out -L native=/tmp/cargo-mutants-XChaCha20-BLAKE3-SIV-P9Bk7S.tmp/target/debug/build/blake3-db6c4b796fede836/out`
     Running `/home/dev123/.rustup/toolchains/stable-x86_64-unknown-linux-gnu/bin/rustc --crate-name differential_reference --edition=2021 tests/differential_reference.rs --error-format=json --json=diagnostic-rendered-ansi,artifacts,future-incompat --emit=dep-info,link -C embed-bitcode=no -C debuginfo=2 --warn=unexpected_cfgs '--deny=clippy::undocumented_unsafe_blocks' --check-cfg 'cfg(kani)' --test --cfg 'feature="hardened"' --check-cfg 'cfg(docsrs,test)' --check-cfg 'cfg(feature, values("hardened", "pure", "rng"))' -C metadata=a32fe430f39ac063 -C extra-filename=-284229bb6078a162 --out-dir /tmp/cargo-mutants-XChaCha20-BLAKE3-SIV-P9Bk7S.tmp/target/debug/deps -C incremental=/tmp/cargo-mutants-XChaCha20-BLAKE3-SIV-P9Bk7S.tmp/target/debug/incremental -L dependency=/tmp/cargo-mutants-XChaCha20-BLAKE3-SIV-P9Bk7S.tmp/target/debug/deps --extern aead=/tmp/cargo-mutants-XChaCha20-BLAKE3-SIV-P9Bk7S.tmp/target/debug/deps/libaead-15f867564fd89215.rlib --extern blake3=/tmp/cargo-mutants-XChaCha20-BLAKE3-SIV-P9Bk7S.tmp/target/debug/deps/libblake3-f8715a0be2228f6c.rlib --extern chacha20poly1305=/tmp/cargo-mutants-XChaCha20-BLAKE3-SIV-P9Bk7S.tmp/target/debug/deps/libchacha20poly1305-4bd1b2516f5448bb.rlib --extern criterion=/tmp/cargo-mutants-XChaCha20-BLAKE3-SIV-P9Bk7S.tmp/target/debug/deps/libcriterion-7a3675e7698ab10d.rlib --extern proptest=/tmp/cargo-mutants-XChaCha20-BLAKE3-SIV-P9Bk7S.tmp/target/debug/deps/libproptest-35af120c880ec346.rlib --extern subtle=/tmp/cargo-mutants-XChaCha20-BLAKE3-SIV-P9Bk7S.tmp/target/debug/deps/libsubtle-55f702608e37091d.rlib --extern xchacha20_blake3_siv=/tmp/cargo-mutants-XChaCha20-BLAKE3-SIV-P9Bk7S.tmp/target/debug/deps/libxchacha20_blake3_siv-2745143b601a872d.rlib --extern zeroize=/tmp/cargo-mutants-XChaCha20-BLAKE3-SIV-P9Bk7S.tmp/target/debug/deps/libzeroize-5087b20aec4f24d3.rlib -L native=/tmp/cargo-mutants-XChaCha20-BLAKE3-SIV-P9Bk7S.tmp/target/debug/build/blake3-db6c4b796fede836/out -L native=/tmp/cargo-mutants-XChaCha20-BLAKE3-SIV-P9Bk7S.tmp/target/debug/build/blake3-db6c4b796fede836/out`
     Running `/home/dev123/.rustup/toolchains/stable-x86_64-unknown-linux-gnu/bin/rustc --crate-name decision_scope --edition=2021 tests/decision_scope.rs --error-format=json --json=diagnostic-rendered-ansi,artifacts,future-incompat --emit=dep-info,link -C embed-bitcode=no -C debuginfo=2 --warn=unexpected_cfgs '--deny=clippy::undocumented_unsafe_blocks' --check-cfg 'cfg(kani)' --test --cfg 'feature="hardened"' --check-cfg 'cfg(docsrs,test)' --check-cfg 'cfg(feature, values("hardened", "pure", "rng"))' -C metadata=d46c05457cc4fb6d -C extra-filename=-94fc66e48cbd8a4d --out-dir /tmp/cargo-mutants-XChaCha20-BLAKE3-SIV-P9Bk7S.tmp/target/debug/deps -C incremental=/tmp/cargo-mutants-XChaCha20-BLAKE3-SIV-P9Bk7S.tmp/target/debug/incremental -L dependency=/tmp/cargo-mutants-XChaCha20-BLAKE3-SIV-P9Bk7S.tmp/target/debug/deps --extern aead=/tmp/cargo-mutants-XChaCha20-BLAKE3-SIV-P9Bk7S.tmp/target/debug/deps/libaead-15f867564fd89215.rlib --extern blake3=/tmp/cargo-mutants-XChaCha20-BLAKE3-SIV-P9Bk7S.tmp/target/debug/deps/libblake3-f8715a0be2228f6c.rlib --extern chacha20poly1305=/tmp/cargo-mutants-XChaCha20-BLAKE3-SIV-P9Bk7S.tmp/target/debug/deps/libchacha20poly1305-4bd1b2516f5448bb.rlib --extern criterion=/tmp/cargo-mutants-XChaCha20-BLAKE3-SIV-P9Bk7S.tmp/target/debug/deps/libcriterion-7a3675e7698ab10d.rlib --extern proptest=/tmp/cargo-mutants-XChaCha20-BLAKE3-SIV-P9Bk7S.tmp/target/debug/deps/libproptest-35af120c880ec346.rlib --extern subtle=/tmp/cargo-mutants-XChaCha20-BLAKE3-SIV-P9Bk7S.tmp/target/debug/deps/libsubtle-55f702608e37091d.rlib --extern xchacha20_blake3_siv=/tmp/cargo-mutants-XChaCha20-BLAKE3-SIV-P9Bk7S.tmp/target/debug/deps/libxchacha20_blake3_siv-2745143b601a872d.rlib --extern zeroize=/tmp/cargo-mutants-XChaCha20-BLAKE3-SIV-P9Bk7S.tmp/target/debug/deps/libzeroize-5087b20aec4f24d3.rlib -L native=/tmp/cargo-mutants-XChaCha20-BLAKE3-SIV-P9Bk7S.tmp/target/debug/build/blake3-db6c4b796fede836/out -L native=/tmp/cargo-mutants-XChaCha20-BLAKE3-SIV-P9Bk7S.tmp/target/debug/build/blake3-db6c4b796fede836/out`
     Running `/home/dev123/.rustup/toolchains/stable-x86_64-unknown-linux-gnu/bin/rustc --crate-name ctgrind --edition=2021 tests/ctgrind.rs --error-format=json --json=diagnostic-rendered-ansi,artifacts,future-incompat --emit=dep-info,link -C embed-bitcode=no -C debuginfo=2 --warn=unexpected_cfgs '--deny=clippy::undocumented_unsafe_blocks' --check-cfg 'cfg(kani)' --test --cfg 'feature="hardened"' --check-cfg 'cfg(docsrs,test)' --check-cfg 'cfg(feature, values("hardened", "pure", "rng"))' -C metadata=ff7b5ddd5f7b42cb -C extra-filename=-3c355a7e5ee4474d --out-dir /tmp/cargo-mutants-XChaCha20-BLAKE3-SIV-P9Bk7S.tmp/target/debug/deps -C incremental=/tmp/cargo-mutants-XChaCha20-BLAKE3-SIV-P9Bk7S.tmp/target/debug/incremental -L dependency=/tmp/cargo-mutants-XChaCha20-BLAKE3-SIV-P9Bk7S.tmp/target/debug/deps --extern aead=/tmp/cargo-mutants-XChaCha20-BLAKE3-SIV-P9Bk7S.tmp/target/debug/deps/libaead-15f867564fd89215.rlib --extern blake3=/tmp/cargo-mutants-XChaCha20-BLAKE3-SIV-P9Bk7S.tmp/target/debug/deps/libblake3-f8715a0be2228f6c.rlib --extern chacha20poly1305=/tmp/cargo-mutants-XChaCha20-BLAKE3-SIV-P9Bk7S.tmp/target/debug/deps/libchacha20poly1305-4bd1b2516f5448bb.rlib --extern criterion=/tmp/cargo-mutants-XChaCha20-BLAKE3-SIV-P9Bk7S.tmp/target/debug/deps/libcriterion-7a3675e7698ab10d.rlib --extern proptest=/tmp/cargo-mutants-XChaCha20-BLAKE3-SIV-P9Bk7S.tmp/target/debug/deps/libproptest-35af120c880ec346.rlib --extern subtle=/tmp/cargo-mutants-XChaCha20-BLAKE3-SIV-P9Bk7S.tmp/target/debug/deps/libsubtle-55f702608e37091d.rlib --extern xchacha20_blake3_siv=/tmp/cargo-mutants-XChaCha20-BLAKE3-SIV-P9Bk7S.tmp/target/debug/deps/libxchacha20_blake3_siv-2745143b601a872d.rlib --extern zeroize=/tmp/cargo-mutants-XChaCha20-BLAKE3-SIV-P9Bk7S.tmp/target/debug/deps/libzeroize-5087b20aec4f24d3.rlib -L native=/tmp/cargo-mutants-XChaCha20-BLAKE3-SIV-P9Bk7S.tmp/target/debug/build/blake3-db6c4b796fede836/out -L native=/tmp/cargo-mutants-XChaCha20-BLAKE3-SIV-P9Bk7S.tmp/target/debug/build/blake3-db6c4b796fede836/out`
     Running `/home/dev123/.rustup/toolchains/stable-x86_64-unknown-linux-gnu/bin/rustc --crate-name security --edition=2021 tests/security.rs --error-format=json --json=diagnostic-rendered-ansi,artifacts,future-incompat --emit=dep-info,link -C embed-bitcode=no -C debuginfo=2 --warn=unexpected_cfgs '--deny=clippy::undocumented_unsafe_blocks' --check-cfg 'cfg(kani)' --test --cfg 'feature="hardened"' --check-cfg 'cfg(docsrs,test)' --check-cfg 'cfg(feature, values("hardened", "pure", "rng"))' -C metadata=d3b8ddfcb91c3b50 -C extra-filename=-f442725a1ed2505a --out-dir /tmp/cargo-mutants-XChaCha20-BLAKE3-SIV-P9Bk7S.tmp/target/debug/deps -C incremental=/tmp/cargo-mutants-XChaCha20-BLAKE3-SIV-P9Bk7S.tmp/target/debug/incremental -L dependency=/tmp/cargo-mutants-XChaCha20-BLAKE3-SIV-P9Bk7S.tmp/target/debug/deps --extern aead=/tmp/cargo-mutants-XChaCha20-BLAKE3-SIV-P9Bk7S.tmp/target/debug/deps/libaead-15f867564fd89215.rlib --extern blake3=/tmp/cargo-mutants-XChaCha20-BLAKE3-SIV-P9Bk7S.tmp/target/debug/deps/libblake3-f8715a0be2228f6c.rlib --extern chacha20poly1305=/tmp/cargo-mutants-XChaCha20-BLAKE3-SIV-P9Bk7S.tmp/target/debug/deps/libchacha20poly1305-4bd1b2516f5448bb.rlib --extern criterion=/tmp/cargo-mutants-XChaCha20-BLAKE3-SIV-P9Bk7S.tmp/target/debug/deps/libcriterion-7a3675e7698ab10d.rlib --extern proptest=/tmp/cargo-mutants-XChaCha20-BLAKE3-SIV-P9Bk7S.tmp/target/debug/deps/libproptest-35af120c880ec346.rlib --extern subtle=/tmp/cargo-mutants-XChaCha20-BLAKE3-SIV-P9Bk7S.tmp/target/debug/deps/libsubtle-55f702608e37091d.rlib --extern xchacha20_blake3_siv=/tmp/cargo-mutants-XChaCha20-BLAKE3-SIV-P9Bk7S.tmp/target/debug/deps/libxchacha20_blake3_siv-2745143b601a872d.rlib --extern zeroize=/tmp/cargo-mutants-XChaCha20-BLAKE3-SIV-P9Bk7S.tmp/target/debug/deps/libzeroize-5087b20aec4f24d3.rlib -L native=/tmp/cargo-mutants-XChaCha20-BLAKE3-SIV-P9Bk7S.tmp/target/debug/build/blake3-db6c4b796fede836/out -L native=/tmp/cargo-mutants-XChaCha20-BLAKE3-SIV-P9Bk7S.tmp/target/debug/build/blake3-db6c4b796fede836/out`
     Running `/home/dev123/.rustup/toolchains/stable-x86_64-unknown-linux-gnu/bin/rustc --crate-name decision --edition=2021 tests/decision.rs --error-format=json --json=diagnostic-rendered-ansi,artifacts,future-incompat --emit=dep-info,link -C embed-bitcode=no -C debuginfo=2 --warn=unexpected_cfgs '--deny=clippy::undocumented_unsafe_blocks' --check-cfg 'cfg(kani)' --test --cfg 'feature="hardened"' --check-cfg 'cfg(docsrs,test)' --check-cfg 'cfg(feature, values("hardened", "pure", "rng"))' -C metadata=b0ae64b2bb017d9a -C extra-filename=-9ca86fe0dd893810 --out-dir /tmp/cargo-mutants-XChaCha20-BLAKE3-SIV-P9Bk7S.tmp/target/debug/deps -C incremental=/tmp/cargo-mutants-XChaCha20-BLAKE3-SIV-P9Bk7S.tmp/target/debug/incremental -L dependency=/tmp/cargo-mutants-XChaCha20-BLAKE3-SIV-P9Bk7S.tmp/target/debug/deps --extern aead=/tmp/cargo-mutants-XChaCha20-BLAKE3-SIV-P9Bk7S.tmp/target/debug/deps/libaead-15f867564fd89215.rlib --extern blake3=/tmp/cargo-mutants-XChaCha20-BLAKE3-SIV-P9Bk7S.tmp/target/debug/deps/libblake3-f8715a0be2228f6c.rlib --extern chacha20poly1305=/tmp/cargo-mutants-XChaCha20-BLAKE3-SIV-P9Bk7S.tmp/target/debug/deps/libchacha20poly1305-4bd1b2516f5448bb.rlib --extern criterion=/tmp/cargo-mutants-XChaCha20-BLAKE3-SIV-P9Bk7S.tmp/target/debug/deps/libcriterion-7a3675e7698ab10d.rlib --extern proptest=/tmp/cargo-mutants-XChaCha20-BLAKE3-SIV-P9Bk7S.tmp/target/debug/deps/libproptest-35af120c880ec346.rlib --extern subtle=/tmp/cargo-mutants-XChaCha20-BLAKE3-SIV-P9Bk7S.tmp/target/debug/deps/libsubtle-55f702608e37091d.rlib --extern xchacha20_blake3_siv=/tmp/cargo-mutants-XChaCha20-BLAKE3-SIV-P9Bk7S.tmp/target/debug/deps/libxchacha20_blake3_siv-2745143b601a872d.rlib --extern zeroize=/tmp/cargo-mutants-XChaCha20-BLAKE3-SIV-P9Bk7S.tmp/target/debug/deps/libzeroize-5087b20aec4f24d3.rlib -L native=/tmp/cargo-mutants-XChaCha20-BLAKE3-SIV-P9Bk7S.tmp/target/debug/build/blake3-db6c4b796fede836/out -L native=/tmp/cargo-mutants-XChaCha20-BLAKE3-SIV-P9Bk7S.tmp/target/debug/build/blake3-db6c4b796fede836/out`
     Running `/home/dev123/.rustup/toolchains/stable-x86_64-unknown-linux-gnu/bin/rustc --crate-name timing --edition=2021 tests/timing.rs --error-format=json --json=diagnostic-rendered-ansi,artifacts,future-incompat --emit=dep-info,link -C embed-bitcode=no -C debuginfo=2 --warn=unexpected_cfgs '--deny=clippy::undocumented_unsafe_blocks' --check-cfg 'cfg(kani)' --test --cfg 'feature="hardened"' --check-cfg 'cfg(docsrs,test)' --check-cfg 'cfg(feature, values("hardened", "pure", "rng"))' -C metadata=465c593629f530da -C extra-filename=-6b6c9eea360738ff --out-dir /tmp/cargo-mutants-XChaCha20-BLAKE3-SIV-P9Bk7S.tmp/target/debug/deps -C incremental=/tmp/cargo-mutants-XChaCha20-BLAKE3-SIV-P9Bk7S.tmp/target/debug/incremental -L dependency=/tmp/cargo-mutants-XChaCha20-BLAKE3-SIV-P9Bk7S.tmp/target/debug/deps --extern aead=/tmp/cargo-mutants-XChaCha20-BLAKE3-SIV-P9Bk7S.tmp/target/debug/deps/libaead-15f867564fd89215.rlib --extern blake3=/tmp/cargo-mutants-XChaCha20-BLAKE3-SIV-P9Bk7S.tmp/target/debug/deps/libblake3-f8715a0be2228f6c.rlib --extern chacha20poly1305=/tmp/cargo-mutants-XChaCha20-BLAKE3-SIV-P9Bk7S.tmp/target/debug/deps/libchacha20poly1305-4bd1b2516f5448bb.rlib --extern criterion=/tmp/cargo-mutants-XChaCha20-BLAKE3-SIV-P9Bk7S.tmp/target/debug/deps/libcriterion-7a3675e7698ab10d.rlib --extern proptest=/tmp/cargo-mutants-XChaCha20-BLAKE3-SIV-P9Bk7S.tmp/target/debug/deps/libproptest-35af120c880ec346.rlib --extern subtle=/tmp/cargo-mutants-XChaCha20-BLAKE3-SIV-P9Bk7S.tmp/target/debug/deps/libsubtle-55f702608e37091d.rlib --extern xchacha20_blake3_siv=/tmp/cargo-mutants-XChaCha20-BLAKE3-SIV-P9Bk7S.tmp/target/debug/deps/libxchacha20_blake3_siv-2745143b601a872d.rlib --extern zeroize=/tmp/cargo-mutants-XChaCha20-BLAKE3-SIV-P9Bk7S.tmp/target/debug/deps/libzeroize-5087b20aec4f24d3.rlib -L native=/tmp/cargo-mutants-XChaCha20-BLAKE3-SIV-P9Bk7S.tmp/target/debug/build/blake3-db6c4b796fede836/out -L native=/tmp/cargo-mutants-XChaCha20-BLAKE3-SIV-P9Bk7S.tmp/target/debug/build/blake3-db6c4b796fede836/out`
     Running `/home/dev123/.rustup/toolchains/stable-x86_64-unknown-linux-gnu/bin/rustc --crate-name profile_probe --edition=2021 examples/profile_probe.rs --error-format=json --json=diagnostic-rendered-ansi,artifacts,future-incompat --crate-type bin --emit=dep-info,link -C embed-bitcode=no -C debuginfo=2 --warn=unexpected_cfgs '--deny=clippy::undocumented_unsafe_blocks' --check-cfg 'cfg(kani)' --cfg 'feature="hardened"' --check-cfg 'cfg(docsrs,test)' --check-cfg 'cfg(feature, values("hardened", "pure", "rng"))' -C metadata=15fde9d5266d5ea2 -C extra-filename=-037d0bed203479c1 --out-dir /tmp/cargo-mutants-XChaCha20-BLAKE3-SIV-P9Bk7S.tmp/target/debug/examples -C incremental=/tmp/cargo-mutants-XChaCha20-BLAKE3-SIV-P9Bk7S.tmp/target/debug/incremental -L dependency=/tmp/cargo-mutants-XChaCha20-BLAKE3-SIV-P9Bk7S.tmp/target/debug/deps --extern aead=/tmp/cargo-mutants-XChaCha20-BLAKE3-SIV-P9Bk7S.tmp/target/debug/deps/libaead-15f867564fd89215.rlib --extern blake3=/tmp/cargo-mutants-XChaCha20-BLAKE3-SIV-P9Bk7S.tmp/target/debug/deps/libblake3-f8715a0be2228f6c.rlib --extern chacha20poly1305=/tmp/cargo-mutants-XChaCha20-BLAKE3-SIV-P9Bk7S.tmp/target/debug/deps/libchacha20poly1305-4bd1b2516f5448bb.rlib --extern criterion=/tmp/cargo-mutants-XChaCha20-BLAKE3-SIV-P9Bk7S.tmp/target/debug/deps/libcriterion-7a3675e7698ab10d.rlib --extern proptest=/tmp/cargo-mutants-XChaCha20-BLAKE3-SIV-P9Bk7S.tmp/target/debug/deps/libproptest-35af120c880ec346.rlib --extern subtle=/tmp/cargo-mutants-XChaCha20-BLAKE3-SIV-P9Bk7S.tmp/target/debug/deps/libsubtle-55f702608e37091d.rlib --extern xchacha20_blake3_siv=/tmp/cargo-mutants-XChaCha20-BLAKE3-SIV-P9Bk7S.tmp/target/debug/deps/libxchacha20_blake3_siv-2745143b601a872d.rlib --extern zeroize=/tmp/cargo-mutants-XChaCha20-BLAKE3-SIV-P9Bk7S.tmp/target/debug/deps/libzeroize-5087b20aec4f24d3.rlib -L native=/tmp/cargo-mutants-XChaCha20-BLAKE3-SIV-P9Bk7S.tmp/target/debug/build/blake3-db6c4b796fede836/out -L native=/tmp/cargo-mutants-XChaCha20-BLAKE3-SIV-P9Bk7S.tmp/target/debug/build/blake3-db6c4b796fede836/out`
     Running `/home/dev123/.rustup/toolchains/stable-x86_64-unknown-linux-gnu/bin/rustc --crate-name bench_aead --edition=2021 examples/bench_aead.rs --error-format=json --json=diagnostic-rendered-ansi,artifacts,future-incompat --crate-type bin --emit=dep-info,link -C embed-bitcode=no -C debuginfo=2 --warn=unexpected_cfgs '--deny=clippy::undocumented_unsafe_blocks' --check-cfg 'cfg(kani)' --cfg 'feature="hardened"' --check-cfg 'cfg(docsrs,test)' --check-cfg 'cfg(feature, values("hardened", "pure", "rng"))' -C metadata=4bab3a623a477eda -C extra-filename=-bf19070c9103afa1 --out-dir /tmp/cargo-mutants-XChaCha20-BLAKE3-SIV-P9Bk7S.tmp/target/debug/examples -C incremental=/tmp/cargo-mutants-XChaCha20-BLAKE3-SIV-P9Bk7S.tmp/target/debug/incremental -L dependency=/tmp/cargo-mutants-XChaCha20-BLAKE3-SIV-P9Bk7S.tmp/target/debug/deps --extern aead=/tmp/cargo-mutants-XChaCha20-BLAKE3-SIV-P9Bk7S.tmp/target/debug/deps/libaead-15f867564fd89215.rlib --extern blake3=/tmp/cargo-mutants-XChaCha20-BLAKE3-SIV-P9Bk7S.tmp/target/debug/deps/libblake3-f8715a0be2228f6c.rlib --extern chacha20poly1305=/tmp/cargo-mutants-XChaCha20-BLAKE3-SIV-P9Bk7S.tmp/target/debug/deps/libchacha20poly1305-4bd1b2516f5448bb.rlib --extern criterion=/tmp/cargo-mutants-XChaCha20-BLAKE3-SIV-P9Bk7S.tmp/target/debug/deps/libcriterion-7a3675e7698ab10d.rlib --extern proptest=/tmp/cargo-mutants-XChaCha20-BLAKE3-SIV-P9Bk7S.tmp/target/debug/deps/libproptest-35af120c880ec346.rlib --extern subtle=/tmp/cargo-mutants-XChaCha20-BLAKE3-SIV-P9Bk7S.tmp/target/debug/deps/libsubtle-55f702608e37091d.rlib --extern xchacha20_blake3_siv=/tmp/cargo-mutants-XChaCha20-BLAKE3-SIV-P9Bk7S.tmp/target/debug/deps/libxchacha20_blake3_siv-2745143b601a872d.rlib --extern zeroize=/tmp/cargo-mutants-XChaCha20-BLAKE3-SIV-P9Bk7S.tmp/target/debug/deps/libzeroize-5087b20aec4f24d3.rlib -L native=/tmp/cargo-mutants-XChaCha20-BLAKE3-SIV-P9Bk7S.tmp/target/debug/build/blake3-db6c4b796fede836/out -L native=/tmp/cargo-mutants-XChaCha20-BLAKE3-SIV-P9Bk7S.tmp/target/debug/build/blake3-db6c4b796fede836/out`
     Running `/home/dev123/.rustup/toolchains/stable-x86_64-unknown-linux-gnu/bin/rustc --crate-name variable_latency --edition=2021 tests/variable_latency.rs --error-format=json --json=diagnostic-rendered-ansi,artifacts,future-incompat --emit=dep-info,link -C embed-bitcode=no -C debuginfo=2 --warn=unexpected_cfgs '--deny=clippy::undocumented_unsafe_blocks' --check-cfg 'cfg(kani)' --test --cfg 'feature="hardened"' --check-cfg 'cfg(docsrs,test)' --check-cfg 'cfg(feature, values("hardened", "pure", "rng"))' -C metadata=21da2e51a06572f7 -C extra-filename=-b8a17916689e6dd1 --out-dir /tmp/cargo-mutants-XChaCha20-BLAKE3-SIV-P9Bk7S.tmp/target/debug/deps -C incremental=/tmp/cargo-mutants-XChaCha20-BLAKE3-SIV-P9Bk7S.tmp/target/debug/incremental -L dependency=/tmp/cargo-mutants-XChaCha20-BLAKE3-SIV-P9Bk7S.tmp/target/debug/deps --extern aead=/tmp/cargo-mutants-XChaCha20-BLAKE3-SIV-P9Bk7S.tmp/target/debug/deps/libaead-15f867564fd89215.rlib --extern blake3=/tmp/cargo-mutants-XChaCha20-BLAKE3-SIV-P9Bk7S.tmp/target/debug/deps/libblake3-f8715a0be2228f6c.rlib --extern chacha20poly1305=/tmp/cargo-mutants-XChaCha20-BLAKE3-SIV-P9Bk7S.tmp/target/debug/deps/libchacha20poly1305-4bd1b2516f5448bb.rlib --extern criterion=/tmp/cargo-mutants-XChaCha20-BLAKE3-SIV-P9Bk7S.tmp/target/debug/deps/libcriterion-7a3675e7698ab10d.rlib --extern proptest=/tmp/cargo-mutants-XChaCha20-BLAKE3-SIV-P9Bk7S.tmp/target/debug/deps/libproptest-35af120c880ec346.rlib --extern subtle=/tmp/cargo-mutants-XChaCha20-BLAKE3-SIV-P9Bk7S.tmp/target/debug/deps/libsubtle-55f702608e37091d.rlib --extern xchacha20_blake3_siv=/tmp/cargo-mutants-XChaCha20-BLAKE3-SIV-P9Bk7S.tmp/target/debug/deps/libxchacha20_blake3_siv-2745143b601a872d.rlib --extern zeroize=/tmp/cargo-mutants-XChaCha20-BLAKE3-SIV-P9Bk7S.tmp/target/debug/deps/libzeroize-5087b20aec4f24d3.rlib -L native=/tmp/cargo-mutants-XChaCha20-BLAKE3-SIV-P9Bk7S.tmp/target/debug/build/blake3-db6c4b796fede836/out -L native=/tmp/cargo-mutants-XChaCha20-BLAKE3-SIV-P9Bk7S.tmp/target/debug/build/blake3-db6c4b796fede836/out`
     Running `/home/dev123/.rustup/toolchains/stable-x86_64-unknown-linux-gnu/bin/rustc --crate-name xsiv_stdin --edition=2021 examples/xsiv_stdin.rs --error-format=json --json=diagnostic-rendered-ansi,artifacts,future-incompat --crate-type bin --emit=dep-info,link -C embed-bitcode=no -C debuginfo=2 --warn=unexpected_cfgs '--deny=clippy::undocumented_unsafe_blocks' --check-cfg 'cfg(kani)' --cfg 'feature="hardened"' --check-cfg 'cfg(docsrs,test)' --check-cfg 'cfg(feature, values("hardened", "pure", "rng"))' -C metadata=fa26cb91f9e110f9 -C extra-filename=-255afc585759df06 --out-dir /tmp/cargo-mutants-XChaCha20-BLAKE3-SIV-P9Bk7S.tmp/target/debug/examples -C incremental=/tmp/cargo-mutants-XChaCha20-BLAKE3-SIV-P9Bk7S.tmp/target/debug/incremental -L dependency=/tmp/cargo-mutants-XChaCha20-BLAKE3-SIV-P9Bk7S.tmp/target/debug/deps --extern aead=/tmp/cargo-mutants-XChaCha20-BLAKE3-SIV-P9Bk7S.tmp/target/debug/deps/libaead-15f867564fd89215.rlib --extern blake3=/tmp/cargo-mutants-XChaCha20-BLAKE3-SIV-P9Bk7S.tmp/target/debug/deps/libblake3-f8715a0be2228f6c.rlib --extern chacha20poly1305=/tmp/cargo-mutants-XChaCha20-BLAKE3-SIV-P9Bk7S.tmp/target/debug/deps/libchacha20poly1305-4bd1b2516f5448bb.rlib --extern criterion=/tmp/cargo-mutants-XChaCha20-BLAKE3-SIV-P9Bk7S.tmp/target/debug/deps/libcriterion-7a3675e7698ab10d.rlib --extern proptest=/tmp/cargo-mutants-XChaCha20-BLAKE3-SIV-P9Bk7S.tmp/target/debug/deps/libproptest-35af120c880ec346.rlib --extern subtle=/tmp/cargo-mutants-XChaCha20-BLAKE3-SIV-P9Bk7S.tmp/target/debug/deps/libsubtle-55f702608e37091d.rlib --extern xchacha20_blake3_siv=/tmp/cargo-mutants-XChaCha20-BLAKE3-SIV-P9Bk7S.tmp/target/debug/deps/libxchacha20_blake3_siv-2745143b601a872d.rlib --extern zeroize=/tmp/cargo-mutants-XChaCha20-BLAKE3-SIV-P9Bk7S.tmp/target/debug/deps/libzeroize-5087b20aec4f24d3.rlib -L native=/tmp/cargo-mutants-XChaCha20-BLAKE3-SIV-P9Bk7S.tmp/target/debug/build/blake3-db6c4b796fede836/out -L native=/tmp/cargo-mutants-XChaCha20-BLAKE3-SIV-P9Bk7S.tmp/target/debug/build/blake3-db6c4b796fede836/out`
warning: `xchacha20-blake3-siv` (lib test) generated 5 warnings (5 duplicates)
    Finished `test` profile [unoptimized + debuginfo] target(s) in 0.65s
  Executable `/tmp/cargo-mutants-XChaCha20-BLAKE3-SIV-P9Bk7S.tmp/target/debug/deps/xchacha20_blake3_siv-bf774737df67b035`
  Executable `/tmp/cargo-mutants-XChaCha20-BLAKE3-SIV-P9Bk7S.tmp/target/debug/deps/ctgrind-3c355a7e5ee4474d`
  Executable `/tmp/cargo-mutants-XChaCha20-BLAKE3-SIV-P9Bk7S.tmp/target/debug/deps/decision-9ca86fe0dd893810`
  Executable `/tmp/cargo-mutants-XChaCha20-BLAKE3-SIV-P9Bk7S.tmp/target/debug/deps/decision_scope-94fc66e48cbd8a4d`
  Executable `/tmp/cargo-mutants-XChaCha20-BLAKE3-SIV-P9Bk7S.tmp/target/debug/deps/differential_reference-284229bb6078a162`
  Executable `/tmp/cargo-mutants-XChaCha20-BLAKE3-SIV-P9Bk7S.tmp/target/debug/deps/security-f442725a1ed2505a`
  Executable `/tmp/cargo-mutants-XChaCha20-BLAKE3-SIV-P9Bk7S.tmp/target/debug/deps/threads-e001592f162af788`
  Executable `/tmp/cargo-mutants-XChaCha20-BLAKE3-SIV-P9Bk7S.tmp/target/debug/deps/timing-6b6c9eea360738ff`
  Executable `/tmp/cargo-mutants-XChaCha20-BLAKE3-SIV-P9Bk7S.tmp/target/debug/deps/variable_latency-b8a17916689e6dd1`

*** result: Success

*** /home/dev123/.rustup/toolchains/stable-x86_64-unknown-linux-gnu/bin/cargo test --verbose --package=xchacha20-blake3-siv@0.1.0 --features=hardened --test decision
       Fresh cfg-if v1.0.5
       Fresh unicode-ident v1.0.26
       Fresh version_check v0.9.5
       Fresh typenum v1.20.1
       Fresh zeroize v1.9.0
       Fresh autocfg v1.5.1
       Fresh shlex v2.0.1
       Fresh find-msvc-tools v0.1.13
       Fresh regex-syntax v0.8.11
       Fresh either v1.18.0
       Fresh subtle v2.6.1
       Fresh memchr v2.8.3
       Fresh anstyle v1.0.14
       Fresh itoa v1.0.18
       Fresh plotters-backend v0.3.7
       Fresh ciborium-io v0.2.2
       Fresh clap_lex v1.1.1
       Fresh cpufeatures v0.2.17
       Fresh opaque-debug v0.3.1
       Fresh cast v0.3.0
       Fresh constant_time_eq v0.4.2
       Fresh cc v1.4.7
       Fresh arrayvec v0.7.8
       Fresh regex-automata v0.4.18
       Fresh itertools v0.10.5
       Fresh clap_builder v4.6.7
       Fresh plotters-svg v0.3.7
       Fresh same-file v1.0.6
       Fresh bit-vec v0.8.0
       Fresh cpufeatures v0.3.1
       Fresh anes v0.1.6
       Fresh once_cell v1.21.4
       Fresh unarray v0.1.4
       Fresh oorandom v11.1.5
       Fresh bitflags v2.13.2
       Fresh libc v0.2.189
       Fresh proc-macro2 v1.0.107
       Fresh crossbeam-utils v0.8.23
       Fresh serde_core v1.0.229
       Fresh zmij v1.0.23
       Fresh bit-set v0.8.0
       Fresh regex v1.13.1
       Fresh clap v4.6.7
       Fresh walkdir v2.5.0
       Fresh criterion-plot v0.5.0
       Fresh quote v1.0.47
       Fresh getrandom v0.2.17
       Fresh generic-array v0.14.7
       Fresh getrandom v0.3.4
       Fresh crossbeam-epoch v0.9.21
       Fresh num-traits v0.2.19
       Fresh serde_json v1.0.151
       Fresh is-terminal v0.4.17
       Fresh syn v2.0.119
       Fresh rand_core v0.6.4
       Fresh syn v3.0.6
       Fresh rand_core v0.9.5
       Fresh crossbeam-deque v0.8.8
       Fresh inout v0.1.4
       Fresh blake3 v1.8.7
       Fresh plotters v0.3.7
       Fresh zerocopy-derive v0.8.57
       Fresh crypto-common v0.1.7
       Fresh serde_derive v1.0.229
       Fresh rayon-core v1.13.0
       Fresh rand_xorshift v0.4.0
       Fresh rand v0.9.5
warning: unused variable: `key`
    --> src/lib.rs:1152:5
     |
1152 |     key: &[u8; 32],
     |     ^^^ help: if this is intentional, prefix it with an underscore: `_key`
     |
     = note: `#[warn(unused_variables)]` (part of `#[warn(unused)]`) on by default

warning: unused variable: `nonce`
    --> src/lib.rs:1153:5
     |
1153 |     nonce: &[u8; NONCE_LEN],
     |     ^^^^^ help: if this is intentional, prefix it with an underscore: `_nonce`

warning: unused variable: `aad`
    --> src/lib.rs:1154:5
     |
1154 |     aad: &[u8],
     |     ^^^ help: if this is intentional, prefix it with an underscore: `_aad`

warning: unused variable: `buffer`
    --> src/lib.rs:1155:5
     |
1155 |     buffer: &mut [u8],
     |     ^^^^^^ help: if this is intentional, prefix it with an underscore: `_buffer`

warning: unused variable: `tag`
    --> src/lib.rs:1156:5
     |
1156 |     tag: &[u8; TAG_LEN],
     |     ^^^ help: if this is intentional, prefix it with an underscore: `_tag`

warning: `xchacha20-blake3-siv` (lib) generated 5 warnings (run `cargo fix --lib -p xchacha20-blake3-siv` to apply 5 suggestions)
       Fresh zerocopy v0.8.57
       Fresh serde v1.0.229
       Fresh cipher v0.4.4
       Fresh universal-hash v0.5.1
       Fresh aead v0.5.2
       Fresh rayon v1.12.0
       Fresh half v2.7.1
       Fresh ppv-lite86 v0.2.21
       Fresh poly1305 v0.8.0
       Fresh tinytemplate v1.2.1
       Fresh chacha20 v0.9.1
       Fresh ciborium-ll v0.2.2
       Fresh rand_chacha v0.9.0
       Fresh chacha20poly1305 v0.10.1
       Fresh ciborium v0.2.2
       Fresh proptest v1.11.0
       Fresh criterion v0.5.1
       Fresh xchacha20-blake3-siv v0.1.0 (/tmp/cargo-mutants-XChaCha20-BLAKE3-SIV-P9Bk7S.tmp)
    Finished `test` profile [unoptimized + debuginfo] target(s) in 0.06s
     Running `/tmp/cargo-mutants-XChaCha20-BLAKE3-SIV-P9Bk7S.tmp/target/debug/deps/decision-9ca86fe0dd893810`

running 1 test
test a_forged_tag_must_not_be_accepted ... FAILED

failures:

---- a_forged_tag_must_not_be_accepted stdout ----

thread 'a_forged_tag_must_not_be_accepted' (770206) panicked at tests/decision.rs:62:9:
forged tag accepted in place at message length 0
note: run with `RUST_BACKTRACE=1` environment variable to display a backtrace


failures:
    a_forged_tag_must_not_be_accepted

test result: FAILED. 0 passed; 1 failed; 0 ignored; 0 measured; 0 filtered out; finished in 0.00s

error: test failed, to rerun pass `-p xchacha20-blake3-siv --test decision`

*** result: Failure(101)
