
*** src/lib.rs:867:5: replace decrypt -> Result<Plaintext, Error> with Ok(Default::default())

*** mutation diff:
--- src/lib.rs
+++ replace decrypt -> Result<Plaintext, Error> with Ok(Default::default())
@@ -859,71 +859,17 @@
 #[must_use = "the returned plaintext must be handled"]
 pub fn decrypt(
     key: &[u8; 32],
     nonce: &[u8; NONCE_LEN],
     aad: &[u8],
     ciphertext: &[u8],
     tag: &[u8; TAG_LEN],
 ) -> Result<Plaintext, Error> {
-    check_lengths(ciphertext.len(), aad.len())?;
-
-    let (mut mac_key, mut enc_seed) = derive_material(key, nonce);
-    let (mut enc_key, mut enc_nonce) = derive_enc(&enc_seed, tag);
-
-    let mut plaintext = vec![0u8; ciphertext.len()];
-    chacha20_keystream(&enc_key, 0, &enc_nonce, ciphertext, &mut plaintext);
-
-    let mut computed_tag = derive_tag(&mac_key, key, nonce, aad, &plaintext);
-    #[cfg(feature = "hardened")]
-    let gates = (
-        computed_tag.ct_eq(tag) & tag.ct_eq(&computed_tag),
-        computed_tag.ct_eq(tag) & tag.ct_eq(&computed_tag),
-    );
-    #[cfg(not(feature = "hardened"))]
-    let auth_ok = computed_tag.ct_eq(tag);
-
-    zeroize_array(&mut mac_key);
-    zeroize_array(&mut enc_seed);
-    zeroize_array(&mut enc_key);
-    // The per-message ChaCha20 nonce is secret-derived too (it comes out of
-    // the same XOF call as `enc_key`), so it is wiped with the rest rather
-    // than left on the stack.
-    zeroize_array(&mut enc_nonce);
-    zeroize_array(&mut computed_tag);
-
-    #[cfg(not(feature = "hardened"))]
-    if bool::from(auth_ok) {
-        Ok(Plaintext(plaintext))
-    } else {
-        // Per spec, MUST NOT expose unverified plaintext.
-        zeroize_slice(&mut plaintext);
-        Err(Error::AuthenticationFailed)
-    }
-
-    #[cfg(feature = "hardened")]
-    {
-        // Fault-injection hardening (opt-in `hardened` feature): two *recomputed*
-        // checks, each with its own branch, so a single skipped instruction reaches the
-        // other gate instead of accepting. `&` and never `&&`: both comparisons always
-        // run, so the time this takes does not reveal which gate failed. No `unwrap_u8`
-        // and no early exit inside the comparisons -- `bool::from` is the conversion
-        // subtle documents for exactly this place (the end of a verification).
-        // What it does and does not defend against: see README "What is not defended
-        // against".
-        if !bool::from(gates.0) {
-            zeroize_slice(&mut plaintext);
-            return Err(Error::AuthenticationFailed);
-        }
-        if !bool::from(gates.1) {
-            zeroize_slice(&mut plaintext);
-            return Err(Error::AuthenticationFailed);
-        }
-        Ok(Plaintext(plaintext))
-    }
+    Ok(Default::default()) /* ~ changed by cargo-mutants ~ */
 }
 
 /// Decrypt `buffer` in place, verifying the detached tag.
 ///
 /// On failure the buffer is zeroized, so unverified plaintext is never left in
 /// place. Note this destroys the caller's buffer on the failure path.
 pub fn decrypt_in_place_detached(
     key: &[u8; 32],


*** /home/dev123/.rustup/toolchains/stable-x86_64-unknown-linux-gnu/bin/cargo test --no-run --verbose --package=xchacha20-blake3-siv@0.1.0 --features=hardened
       Fresh cfg-if v1.0.5
       Fresh libc v0.2.189
       Fresh unicode-ident v1.0.26
       Fresh version_check v0.9.5
       Fresh typenum v1.20.1
       Fresh getrandom v0.2.17
       Fresh autocfg v1.5.1
       Fresh zeroize v1.9.0
       Fresh shlex v2.0.1
       Fresh find-msvc-tools v0.1.13
       Fresh subtle v2.6.1
       Fresh regex-syntax v0.8.11
       Fresh either v1.18.0
       Fresh anstyle v1.0.14
       Fresh plotters-backend v0.3.7
       Fresh clap_lex v1.1.1
       Fresh cpufeatures v0.2.17
       Fresh ciborium-io v0.2.2
       Fresh memchr v2.8.3
       Fresh itoa v1.0.18
       Fresh same-file v1.0.6
       Fresh bit-vec v0.8.0
       Fresh constant_time_eq v0.4.2
       Fresh cpufeatures v0.3.1
       Fresh opaque-debug v0.3.1
       Fresh proc-macro2 v1.0.107
       Fresh rand_core v0.6.4
       Fresh cc v1.4.7
       Fresh plotters-svg v0.3.7
       Fresh clap_builder v4.6.7
       Fresh regex-automata v0.4.18
       Fresh itertools v0.10.5
       Fresh arrayvec v0.7.8
       Fresh cast v0.3.0
       Fresh walkdir v2.5.0
       Fresh bit-set v0.8.0
       Fresh is-terminal v0.4.17
       Fresh bitflags v2.13.2
       Fresh anes v0.1.6
       Fresh unarray v0.1.4
       Fresh oorandom v11.1.5
       Fresh once_cell v1.21.4
       Fresh quote v1.0.47
       Fresh generic-array v0.14.7
       Fresh serde_core v1.0.229
       Fresh crossbeam-utils v0.8.23
       Fresh getrandom v0.3.4
       Fresh zmij v1.0.23
       Fresh criterion-plot v0.5.0
       Fresh regex v1.13.1
       Fresh clap v4.6.7
       Fresh syn v2.0.119
       Fresh crypto-common v0.1.7
       Fresh syn v3.0.6
       Fresh crossbeam-epoch v0.9.21
       Fresh rand_core v0.9.5
       Fresh num-traits v0.2.19
       Fresh inout v0.1.4
       Fresh serde_json v1.0.151
       Fresh zerocopy-derive v0.8.57
       Fresh serde_derive v1.0.229
       Fresh crossbeam-deque v0.8.8
       Fresh universal-hash v0.5.1
       Fresh cipher v0.4.4
       Fresh plotters v0.3.7
       Fresh rand v0.9.5
       Fresh rand_xorshift v0.4.0
       Fresh blake3 v1.8.7
       Fresh aead v0.5.2
       Fresh zerocopy v0.8.57
       Fresh serde v1.0.229
       Fresh rayon-core v1.13.0
       Fresh poly1305 v0.8.0
       Fresh chacha20 v0.9.1
       Dirty xchacha20-blake3-siv v0.1.0 (/tmp/cargo-mutants-XChaCha20-BLAKE3-SIV-RO2Eco.tmp): the file `src/lib.rs` has changed (1790346261.064291347s, 7s after last build at 1790346254.656292464s)
   Compiling xchacha20-blake3-siv v0.1.0 (/tmp/cargo-mutants-XChaCha20-BLAKE3-SIV-RO2Eco.tmp)
       Fresh half v2.7.1
       Fresh ppv-lite86 v0.2.21
       Fresh rayon v1.12.0
       Fresh tinytemplate v1.2.1
       Fresh chacha20poly1305 v0.10.1
       Fresh ciborium-ll v0.2.2
       Fresh rand_chacha v0.9.0
       Fresh ciborium v0.2.2
       Fresh proptest v1.11.0
       Fresh criterion v0.5.1
     Running `/home/dev123/.rustup/toolchains/stable-x86_64-unknown-linux-gnu/bin/rustc --crate-name xchacha20_blake3_siv --edition=2021 src/lib.rs --error-format=json --json=diagnostic-rendered-ansi,artifacts,future-incompat --crate-type lib --emit=dep-info,metadata,link -C embed-bitcode=no -C debuginfo=2 --warn=unexpected_cfgs '--deny=clippy::undocumented_unsafe_blocks' --check-cfg 'cfg(kani)' --cfg 'feature="hardened"' --check-cfg 'cfg(docsrs,test)' --check-cfg 'cfg(feature, values("hardened", "pure", "rng"))' -C metadata=b247ba3bf813dc04 -C extra-filename=-2745143b601a872d --out-dir /home/dev123/.audit/mut-t3/debug/deps -C incremental=/home/dev123/.audit/mut-t3/debug/incremental -L dependency=/home/dev123/.audit/mut-t3/debug/deps --extern blake3=/home/dev123/.audit/mut-t3/debug/deps/libblake3-f8715a0be2228f6c.rmeta --extern subtle=/home/dev123/.audit/mut-t3/debug/deps/libsubtle-55f702608e37091d.rmeta --extern zeroize=/home/dev123/.audit/mut-t3/debug/deps/libzeroize-5087b20aec4f24d3.rmeta -L native=/home/dev123/.audit/mut-t3/debug/build/blake3-db6c4b796fede836/out -L native=/home/dev123/.audit/mut-t3/debug/build/blake3-db6c4b796fede836/out`
     Running `/home/dev123/.rustup/toolchains/stable-x86_64-unknown-linux-gnu/bin/rustc --crate-name xchacha20_blake3_siv --edition=2021 src/lib.rs --error-format=json --json=diagnostic-rendered-ansi,artifacts,future-incompat --emit=dep-info,link -C embed-bitcode=no -C debuginfo=2 --warn=unexpected_cfgs '--deny=clippy::undocumented_unsafe_blocks' --check-cfg 'cfg(kani)' --test --cfg 'feature="hardened"' --check-cfg 'cfg(docsrs,test)' --check-cfg 'cfg(feature, values("hardened", "pure", "rng"))' -C metadata=950c5203e00bfaec -C extra-filename=-bf774737df67b035 --out-dir /home/dev123/.audit/mut-t3/debug/deps -C incremental=/home/dev123/.audit/mut-t3/debug/incremental -L dependency=/home/dev123/.audit/mut-t3/debug/deps --extern aead=/home/dev123/.audit/mut-t3/debug/deps/libaead-15f867564fd89215.rlib --extern blake3=/home/dev123/.audit/mut-t3/debug/deps/libblake3-f8715a0be2228f6c.rlib --extern chacha20poly1305=/home/dev123/.audit/mut-t3/debug/deps/libchacha20poly1305-4bd1b2516f5448bb.rlib --extern criterion=/home/dev123/.audit/mut-t3/debug/deps/libcriterion-7a3675e7698ab10d.rlib --extern proptest=/home/dev123/.audit/mut-t3/debug/deps/libproptest-35af120c880ec346.rlib --extern subtle=/home/dev123/.audit/mut-t3/debug/deps/libsubtle-55f702608e37091d.rlib --extern zeroize=/home/dev123/.audit/mut-t3/debug/deps/libzeroize-5087b20aec4f24d3.rlib -L native=/home/dev123/.audit/mut-t3/debug/build/blake3-db6c4b796fede836/out -L native=/home/dev123/.audit/mut-t3/debug/build/blake3-db6c4b796fede836/out`
error[E0277]: the trait bound `Plaintext: Default` is not satisfied
   --> src/lib.rs:867:8
    |
867 |     Ok(Default::default()) /* ~ changed by cargo-mutants ~ */
    |        ^^^^^^^^^^^^^^^^^^ the trait `Default` is not implemented for `Plaintext`
    |
help: consider annotating `Plaintext` with `#[derive(Default)]`
    |
317 + #[derive(Default)]
318 | pub struct Plaintext(Vec<u8>);
    |

For more information about this error, try `rustc --explain E0277`.
error: could not compile `xchacha20-blake3-siv` (lib) due to 1 previous error

Caused by:
  process didn't exit successfully: `/home/dev123/.rustup/toolchains/stable-x86_64-unknown-linux-gnu/bin/rustc --crate-name xchacha20_blake3_siv --edition=2021 src/lib.rs --error-format=json --json=diagnostic-rendered-ansi,artifacts,future-incompat --crate-type lib --emit=dep-info,metadata,link -C embed-bitcode=no -C debuginfo=2 --warn=unexpected_cfgs '--deny=clippy::undocumented_unsafe_blocks' --check-cfg 'cfg(kani)' --cfg 'feature="hardened"' --check-cfg 'cfg(docsrs,test)' --check-cfg 'cfg(feature, values("hardened", "pure", "rng"))' -C metadata=b247ba3bf813dc04 -C extra-filename=-2745143b601a872d --out-dir /home/dev123/.audit/mut-t3/debug/deps -C incremental=/home/dev123/.audit/mut-t3/debug/incremental -L dependency=/home/dev123/.audit/mut-t3/debug/deps --extern blake3=/home/dev123/.audit/mut-t3/debug/deps/libblake3-f8715a0be2228f6c.rmeta --extern subtle=/home/dev123/.audit/mut-t3/debug/deps/libsubtle-55f702608e37091d.rmeta --extern zeroize=/home/dev123/.audit/mut-t3/debug/deps/libzeroize-5087b20aec4f24d3.rmeta -L native=/home/dev123/.audit/mut-t3/debug/build/blake3-db6c4b796fede836/out -L native=/home/dev123/.audit/mut-t3/debug/build/blake3-db6c4b796fede836/out` (exit status: 1)
warning: build failed, waiting for other jobs to finish...
error: could not compile `xchacha20-blake3-siv` (lib test) due to 1 previous error

Caused by:
  process didn't exit successfully: `/home/dev123/.rustup/toolchains/stable-x86_64-unknown-linux-gnu/bin/rustc --crate-name xchacha20_blake3_siv --edition=2021 src/lib.rs --error-format=json --json=diagnostic-rendered-ansi,artifacts,future-incompat --emit=dep-info,link -C embed-bitcode=no -C debuginfo=2 --warn=unexpected_cfgs '--deny=clippy::undocumented_unsafe_blocks' --check-cfg 'cfg(kani)' --test --cfg 'feature="hardened"' --check-cfg 'cfg(docsrs,test)' --check-cfg 'cfg(feature, values("hardened", "pure", "rng"))' -C metadata=950c5203e00bfaec -C extra-filename=-bf774737df67b035 --out-dir /home/dev123/.audit/mut-t3/debug/deps -C incremental=/home/dev123/.audit/mut-t3/debug/incremental -L dependency=/home/dev123/.audit/mut-t3/debug/deps --extern aead=/home/dev123/.audit/mut-t3/debug/deps/libaead-15f867564fd89215.rlib --extern blake3=/home/dev123/.audit/mut-t3/debug/deps/libblake3-f8715a0be2228f6c.rlib --extern chacha20poly1305=/home/dev123/.audit/mut-t3/debug/deps/libchacha20poly1305-4bd1b2516f5448bb.rlib --extern criterion=/home/dev123/.audit/mut-t3/debug/deps/libcriterion-7a3675e7698ab10d.rlib --extern proptest=/home/dev123/.audit/mut-t3/debug/deps/libproptest-35af120c880ec346.rlib --extern subtle=/home/dev123/.audit/mut-t3/debug/deps/libsubtle-55f702608e37091d.rlib --extern zeroize=/home/dev123/.audit/mut-t3/debug/deps/libzeroize-5087b20aec4f24d3.rlib -L native=/home/dev123/.audit/mut-t3/debug/build/blake3-db6c4b796fede836/out -L native=/home/dev123/.audit/mut-t3/debug/build/blake3-db6c4b796fede836/out` (exit status: 1)

*** result: Failure(101)
