
*** src/lib.rs:1680:5: replace decrypt_in_place_detached -> Result<(), Error> with Ok(())

*** mutation diff:
--- src/lib.rs
+++ replace decrypt_in_place_detached -> Result<(), Error> with Ok(())
@@ -1672,95 +1672,17 @@
 /// place. Note this destroys the caller's buffer on the failure path.
 pub fn decrypt_in_place_detached(
     key: &[u8; 32],
     nonce: &[u8; NONCE_LEN],
     aad: &[u8],
     buffer: &mut [u8],
     tag: &[u8; TAG_LEN],
 ) -> Result<(), Error> {
-    check_lengths(buffer.len(), aad.len())?;
-
-    let (mut mac_key, mut enc_seed) = derive_material(key, nonce);
-    let (mut enc_key, mut enc_nonce) = derive_enc(&enc_seed, tag);
-
-    chacha20_apply(&enc_key, 0, &enc_nonce, &Input::InPlace, buffer);
-
-    let mut computed_tag = derive_tag(&mac_key, key, nonce, aad, buffer);
-    // `ultra`/`dual-mac`, as in `decrypt`: an independent recomputation that must agree
-    // with both the stored value and the received tag.
-    #[cfg(feature = "dual-mac")]
-    let mut recomputed_tag = derive_tag(&mac_key, key, nonce, aad, buffer);
-    #[cfg(feature = "hardened")]
-    let gates = {
-        // See the matching block in `decrypt`: identical reasoning, and the same
-        // volatile re-read, so both entry points get a second gate that is a
-        // recomputation rather than a copy of the first.
-        let first = computed_tag.ct_eq(tag) & tag.ct_eq(&computed_tag);
-
-        // SAFETY: `computed_tag` is a live local, initialised and aligned for a
-        // `[u8; TAG_LEN]` read for the whole statement; nothing writes through the
-        // pointer, and a volatile read of live memory has no effect beyond being
-        // the read itself.
-        let mut computed_tag_copy = unsafe { core::ptr::read_volatile(&computed_tag) };
-        // SAFETY: as above, for the caller's reference: `tag` is a live `&[u8;
-        // TAG_LEN]` and this only reads through it, so aliasing rules hold.
-        let mut tag_copy = unsafe { core::ptr::read_volatile(tag) };
-        let gate_pair = computed_tag_copy.ct_eq(&tag_copy) & tag_copy.ct_eq(&computed_tag_copy);
-        // The independent recomputation joins the second gate: it must match the
-        // stored value *and* the received tag, so a fault that corrupted the stored
-        // value (or a silently rewritten constant) is caught here even though both
-        // gate expressions read the same memory.
-        #[cfg(feature = "dual-mac")]
-        let second = gate_pair & recomputed_tag.ct_eq(&computed_tag) & recomputed_tag.ct_eq(tag);
-        #[cfg(not(feature = "dual-mac"))]
-        let second = gate_pair;
-
-        // The copies are secret-derived (they are the computed MAC), so they are
-        // wiped like every other copy in this function rather than left in the
-        // frame of the `hardened` build.
-        zeroize_array(&mut computed_tag_copy);
-        zeroize_array(&mut tag_copy);
-
-        (first, second)
-    };
-    #[cfg(not(feature = "hardened"))]
-    let auth_ok = computed_tag.ct_eq(tag);
-
-    zeroize_array(&mut mac_key);
-    zeroize_array(&mut enc_seed);
-    zeroize_array(&mut enc_key);
-    // The per-message ChaCha20 nonce is secret-derived too (it comes out of
-    // the same XOF call as `enc_key`), so it is wiped with the rest rather
-    // than left on the stack.
-    zeroize_array(&mut enc_nonce);
-    zeroize_array(&mut computed_tag);
-    // The independent recomputation is the computed MAC too, so it is wiped like the
-    // rest -- `tests/ultra.rs` asserts this, which is how the omission was found.
-    #[cfg(feature = "dual-mac")]
-    zeroize_array(&mut recomputed_tag);
-
-    // As in `decrypt`: two rejections written first, and two serial checks, so a fault
-    // that skips the call or corrupts one outcome cannot accept.
-    let mut decision0: Result<(), Error> = Err(Error::AuthenticationFailed);
-    let mut decision1: Result<(), Error> = Err(Error::AuthenticationFailed);
-    #[cfg(not(feature = "hardened"))]
-    accept_or_reject(auth_ok, auth_ok, &mut decision0, &mut decision1);
-    #[cfg(feature = "hardened")]
-    accept_or_reject(gates.0, gates.1, &mut decision0, &mut decision1);
-
-    if decision0.is_err() {
-        zeroize_slice(buffer);
-        return Err(Error::AuthenticationFailed);
-    }
-    if decision1.is_err() {
-        zeroize_slice(buffer);
-        return Err(Error::AuthenticationFailed);
-    }
-    Ok(())
+    Ok(()) /* ~ changed by cargo-mutants ~ */
 }
 
 // ── ChaCha20 Primitive ────────────────────────────────────────────────
 
 /// Quarter round: (a, b, c, d) → (a', b', c', d')
 #[inline]
 fn qr(a: u32, b: u32, c: u32, d: u32) -> (u32, u32, u32, u32) {
     let a = a.wrapping_add(b);


*** /home/dev123/.rustup/toolchains/stable-x86_64-unknown-linux-gnu/bin/cargo test --no-run --verbose --package=xchacha20-blake3-siv@0.1.0 --features=hardened,dual-mac
       Fresh cfg-if v1.0.5
       Fresh unicode-ident v1.0.26
       Fresh version_check v0.9.5
       Fresh typenum v1.20.1
       Fresh zeroize v1.9.0
       Fresh autocfg v1.5.1
       Fresh find-msvc-tools v0.1.13
       Fresh shlex v2.0.1
       Fresh subtle v2.6.1
       Fresh either v1.18.0
       Fresh regex-syntax v0.8.11
       Fresh anstyle v1.0.14
       Fresh memchr v2.8.3
       Fresh ciborium-io v0.2.2
       Fresh cpufeatures v0.2.17
       Fresh plotters-backend v0.3.7
       Fresh itoa v1.0.18
       Fresh clap_lex v1.1.1
       Fresh constant_time_eq v0.4.2
       Fresh bit-vec v0.8.0
       Fresh cast v0.3.0
       Fresh same-file v1.0.6
       Fresh opaque-debug v0.3.1
       Fresh libc v0.2.189
       Fresh proc-macro2 v1.0.107
       Fresh crossbeam-utils v0.8.23
       Fresh serde_core v1.0.229
       Fresh cc v1.4.7
       Fresh itertools v0.10.5
       Fresh plotters-svg v0.3.7
       Fresh clap_builder v4.6.7
       Fresh arrayvec v0.7.8
       Fresh regex-automata v0.4.18
       Fresh cpufeatures v0.3.1
       Fresh bit-set v0.8.0
       Fresh walkdir v2.5.0
       Fresh oorandom v11.1.5
       Fresh bitflags v2.13.2
       Fresh unarray v0.1.4
       Fresh once_cell v1.21.4
       Fresh anes v0.1.6
       Fresh quote v1.0.47
       Fresh getrandom v0.2.17
       Fresh generic-array v0.14.7
       Fresh getrandom v0.3.4
       Fresh crossbeam-epoch v0.9.21
       Fresh zmij v1.0.23
       Fresh criterion-plot v0.5.0
       Fresh is-terminal v0.4.17
       Fresh clap v4.6.7
       Fresh regex v1.13.1
       Fresh syn v2.0.119
       Fresh rand_core v0.6.4
       Fresh syn v3.0.6
       Fresh rand_core v0.9.5
       Fresh crossbeam-deque v0.8.8
       Fresh inout v0.1.4
       Fresh num-traits v0.2.19
       Fresh serde_json v1.0.151
       Fresh zerocopy-derive v0.8.57
       Fresh crypto-common v0.1.7
       Fresh serde_derive v1.0.229
       Fresh rayon-core v1.13.0
       Fresh rand_xorshift v0.4.0
       Fresh plotters v0.3.7
       Fresh blake3 v1.8.7
       Fresh rand v0.9.5
       Fresh zerocopy v0.8.57
       Fresh serde v1.0.229
       Fresh cipher v0.4.4
       Fresh universal-hash v0.5.1
       Fresh aead v0.5.2
       Fresh rayon v1.12.0
       Dirty xchacha20-blake3-siv v0.1.0 (/tmp/cargo-mutants-XChaCha20-BLAKE3-SIV-Zb0Z9i.tmp): the file `src/lib.rs` has changed (1790468468.081869118s, 4s after last build at 1790468464.981869676s)
   Compiling xchacha20-blake3-siv v0.1.0 (/tmp/cargo-mutants-XChaCha20-BLAKE3-SIV-Zb0Z9i.tmp)
       Fresh half v2.7.1
       Fresh ppv-lite86 v0.2.21
       Fresh chacha20 v0.9.1
       Fresh tinytemplate v1.2.1
       Fresh poly1305 v0.8.0
       Fresh ciborium-ll v0.2.2
       Fresh rand_chacha v0.9.0
       Fresh chacha20poly1305 v0.10.1
       Fresh ciborium v0.2.2
       Fresh proptest v1.11.0
       Fresh criterion v0.5.1
     Running `/home/dev123/.rustup/toolchains/stable-x86_64-unknown-linux-gnu/bin/rustc --crate-name xchacha20_blake3_siv --edition=2021 src/lib.rs --error-format=json --json=diagnostic-rendered-ansi,artifacts,future-incompat --emit=dep-info,link -C embed-bitcode=no -C debuginfo=2 --warn=unexpected_cfgs '--deny=clippy::undocumented_unsafe_blocks' --check-cfg 'cfg(kani)' --test --cfg 'feature="default"' --cfg 'feature="dual-mac"' --cfg 'feature="hardened"' --check-cfg 'cfg(docsrs,test)' --check-cfg 'cfg(feature, values("default", "dual-mac", "hardened", "locked", "pure", "rng", "ultra"))' -C metadata=0b88d369f12580cc -C extra-filename=-f4c2c85424f6fee7 --out-dir /tmp/cargo-mutants-XChaCha20-BLAKE3-SIV-Zb0Z9i.tmp/target/debug/deps -C incremental=/tmp/cargo-mutants-XChaCha20-BLAKE3-SIV-Zb0Z9i.tmp/target/debug/incremental -L dependency=/tmp/cargo-mutants-XChaCha20-BLAKE3-SIV-Zb0Z9i.tmp/target/debug/deps --extern aead=/tmp/cargo-mutants-XChaCha20-BLAKE3-SIV-Zb0Z9i.tmp/target/debug/deps/libaead-15f867564fd89215.rlib --extern blake3=/tmp/cargo-mutants-XChaCha20-BLAKE3-SIV-Zb0Z9i.tmp/target/debug/deps/libblake3-f8715a0be2228f6c.rlib --extern chacha20poly1305=/tmp/cargo-mutants-XChaCha20-BLAKE3-SIV-Zb0Z9i.tmp/target/debug/deps/libchacha20poly1305-4bd1b2516f5448bb.rlib --extern criterion=/tmp/cargo-mutants-XChaCha20-BLAKE3-SIV-Zb0Z9i.tmp/target/debug/deps/libcriterion-7a3675e7698ab10d.rlib --extern proptest=/tmp/cargo-mutants-XChaCha20-BLAKE3-SIV-Zb0Z9i.tmp/target/debug/deps/libproptest-35af120c880ec346.rlib --extern subtle=/tmp/cargo-mutants-XChaCha20-BLAKE3-SIV-Zb0Z9i.tmp/target/debug/deps/libsubtle-55f702608e37091d.rlib --extern zeroize=/tmp/cargo-mutants-XChaCha20-BLAKE3-SIV-Zb0Z9i.tmp/target/debug/deps/libzeroize-5087b20aec4f24d3.rlib -L native=/tmp/cargo-mutants-XChaCha20-BLAKE3-SIV-Zb0Z9i.tmp/target/debug/build/blake3-db6c4b796fede836/out -L native=/tmp/cargo-mutants-XChaCha20-BLAKE3-SIV-Zb0Z9i.tmp/target/debug/build/blake3-db6c4b796fede836/out`
     Running `/home/dev123/.rustup/toolchains/stable-x86_64-unknown-linux-gnu/bin/rustc --crate-name xchacha20_blake3_siv --edition=2021 src/lib.rs --error-format=json --json=diagnostic-rendered-ansi,artifacts,future-incompat --crate-type lib --emit=dep-info,metadata,link -C embed-bitcode=no -C debuginfo=2 --warn=unexpected_cfgs '--deny=clippy::undocumented_unsafe_blocks' --check-cfg 'cfg(kani)' --cfg 'feature="default"' --cfg 'feature="dual-mac"' --cfg 'feature="hardened"' --check-cfg 'cfg(docsrs,test)' --check-cfg 'cfg(feature, values("default", "dual-mac", "hardened", "locked", "pure", "rng", "ultra"))' -C metadata=217ab6b04575c7c7 -C extra-filename=-24859b04d9d3a1ab --out-dir /tmp/cargo-mutants-XChaCha20-BLAKE3-SIV-Zb0Z9i.tmp/target/debug/deps -C incremental=/tmp/cargo-mutants-XChaCha20-BLAKE3-SIV-Zb0Z9i.tmp/target/debug/incremental -L dependency=/tmp/cargo-mutants-XChaCha20-BLAKE3-SIV-Zb0Z9i.tmp/target/debug/deps --extern blake3=/tmp/cargo-mutants-XChaCha20-BLAKE3-SIV-Zb0Z9i.tmp/target/debug/deps/libblake3-f8715a0be2228f6c.rmeta --extern subtle=/tmp/cargo-mutants-XChaCha20-BLAKE3-SIV-Zb0Z9i.tmp/target/debug/deps/libsubtle-55f702608e37091d.rmeta --extern zeroize=/tmp/cargo-mutants-XChaCha20-BLAKE3-SIV-Zb0Z9i.tmp/target/debug/deps/libzeroize-5087b20aec4f24d3.rmeta -L native=/tmp/cargo-mutants-XChaCha20-BLAKE3-SIV-Zb0Z9i.tmp/target/debug/build/blake3-db6c4b796fede836/out -L native=/tmp/cargo-mutants-XChaCha20-BLAKE3-SIV-Zb0Z9i.tmp/target/debug/build/blake3-db6c4b796fede836/out`
warning: unused variable: `key`
    --> src/lib.rs:1674:5
     |
1674 |     key: &[u8; 32],
     |     ^^^ help: if this is intentional, prefix it with an underscore: `_key`
     |
     = note: `#[warn(unused_variables)]` (part of `#[warn(unused)]`) on by default

warning: unused variable: `nonce`
    --> src/lib.rs:1675:5
     |
1675 |     nonce: &[u8; NONCE_LEN],
     |     ^^^^^ help: if this is intentional, prefix it with an underscore: `_nonce`

warning: unused variable: `aad`
    --> src/lib.rs:1676:5
     |
1676 |     aad: &[u8],
     |     ^^^ help: if this is intentional, prefix it with an underscore: `_aad`

warning: unused variable: `buffer`
    --> src/lib.rs:1677:5
     |
1677 |     buffer: &mut [u8],
     |     ^^^^^^ help: if this is intentional, prefix it with an underscore: `_buffer`

warning: unused variable: `tag`
    --> src/lib.rs:1678:5
     |
1678 |     tag: &[u8; TAG_LEN],
     |     ^^^ help: if this is intentional, prefix it with an underscore: `_tag`

warning: `xchacha20-blake3-siv` (lib) generated 5 warnings (run `cargo fix --lib -p xchacha20-blake3-siv` to apply 5 suggestions)
     Running `/home/dev123/.rustup/toolchains/stable-x86_64-unknown-linux-gnu/bin/rustc --crate-name ultra --edition=2021 tests/ultra.rs --error-format=json --json=diagnostic-rendered-ansi,artifacts,future-incompat --emit=dep-info,link -C embed-bitcode=no -C debuginfo=2 --warn=unexpected_cfgs '--deny=clippy::undocumented_unsafe_blocks' --check-cfg 'cfg(kani)' --test --cfg 'feature="default"' --cfg 'feature="dual-mac"' --cfg 'feature="hardened"' --check-cfg 'cfg(docsrs,test)' --check-cfg 'cfg(feature, values("default", "dual-mac", "hardened", "locked", "pure", "rng", "ultra"))' -C metadata=a2d962d32433d4d9 -C extra-filename=-06b908cc94188729 --out-dir /tmp/cargo-mutants-XChaCha20-BLAKE3-SIV-Zb0Z9i.tmp/target/debug/deps -C incremental=/tmp/cargo-mutants-XChaCha20-BLAKE3-SIV-Zb0Z9i.tmp/target/debug/incremental -L dependency=/tmp/cargo-mutants-XChaCha20-BLAKE3-SIV-Zb0Z9i.tmp/target/debug/deps --extern aead=/tmp/cargo-mutants-XChaCha20-BLAKE3-SIV-Zb0Z9i.tmp/target/debug/deps/libaead-15f867564fd89215.rlib --extern blake3=/tmp/cargo-mutants-XChaCha20-BLAKE3-SIV-Zb0Z9i.tmp/target/debug/deps/libblake3-f8715a0be2228f6c.rlib --extern chacha20poly1305=/tmp/cargo-mutants-XChaCha20-BLAKE3-SIV-Zb0Z9i.tmp/target/debug/deps/libchacha20poly1305-4bd1b2516f5448bb.rlib --extern criterion=/tmp/cargo-mutants-XChaCha20-BLAKE3-SIV-Zb0Z9i.tmp/target/debug/deps/libcriterion-7a3675e7698ab10d.rlib --extern proptest=/tmp/cargo-mutants-XChaCha20-BLAKE3-SIV-Zb0Z9i.tmp/target/debug/deps/libproptest-35af120c880ec346.rlib --extern subtle=/tmp/cargo-mutants-XChaCha20-BLAKE3-SIV-Zb0Z9i.tmp/target/debug/deps/libsubtle-55f702608e37091d.rlib --extern xchacha20_blake3_siv=/tmp/cargo-mutants-XChaCha20-BLAKE3-SIV-Zb0Z9i.tmp/target/debug/deps/libxchacha20_blake3_siv-24859b04d9d3a1ab.rlib --extern zeroize=/tmp/cargo-mutants-XChaCha20-BLAKE3-SIV-Zb0Z9i.tmp/target/debug/deps/libzeroize-5087b20aec4f24d3.rlib -L native=/tmp/cargo-mutants-XChaCha20-BLAKE3-SIV-Zb0Z9i.tmp/target/debug/build/blake3-db6c4b796fede836/out -L native=/tmp/cargo-mutants-XChaCha20-BLAKE3-SIV-Zb0Z9i.tmp/target/debug/build/blake3-db6c4b796fede836/out`
     Running `/home/dev123/.rustup/toolchains/stable-x86_64-unknown-linux-gnu/bin/rustc --crate-name bench_aead --edition=2021 examples/bench_aead.rs --error-format=json --json=diagnostic-rendered-ansi,artifacts,future-incompat --crate-type bin --emit=dep-info,link -C embed-bitcode=no -C debuginfo=2 --warn=unexpected_cfgs '--deny=clippy::undocumented_unsafe_blocks' --check-cfg 'cfg(kani)' --cfg 'feature="default"' --cfg 'feature="dual-mac"' --cfg 'feature="hardened"' --check-cfg 'cfg(docsrs,test)' --check-cfg 'cfg(feature, values("default", "dual-mac", "hardened", "locked", "pure", "rng", "ultra"))' -C metadata=19904671956696bd -C extra-filename=-4409d6bb38c12fe8 --out-dir /tmp/cargo-mutants-XChaCha20-BLAKE3-SIV-Zb0Z9i.tmp/target/debug/examples -C incremental=/tmp/cargo-mutants-XChaCha20-BLAKE3-SIV-Zb0Z9i.tmp/target/debug/incremental -L dependency=/tmp/cargo-mutants-XChaCha20-BLAKE3-SIV-Zb0Z9i.tmp/target/debug/deps --extern aead=/tmp/cargo-mutants-XChaCha20-BLAKE3-SIV-Zb0Z9i.tmp/target/debug/deps/libaead-15f867564fd89215.rlib --extern blake3=/tmp/cargo-mutants-XChaCha20-BLAKE3-SIV-Zb0Z9i.tmp/target/debug/deps/libblake3-f8715a0be2228f6c.rlib --extern chacha20poly1305=/tmp/cargo-mutants-XChaCha20-BLAKE3-SIV-Zb0Z9i.tmp/target/debug/deps/libchacha20poly1305-4bd1b2516f5448bb.rlib --extern criterion=/tmp/cargo-mutants-XChaCha20-BLAKE3-SIV-Zb0Z9i.tmp/target/debug/deps/libcriterion-7a3675e7698ab10d.rlib --extern proptest=/tmp/cargo-mutants-XChaCha20-BLAKE3-SIV-Zb0Z9i.tmp/target/debug/deps/libproptest-35af120c880ec346.rlib --extern subtle=/tmp/cargo-mutants-XChaCha20-BLAKE3-SIV-Zb0Z9i.tmp/target/debug/deps/libsubtle-55f702608e37091d.rlib --extern xchacha20_blake3_siv=/tmp/cargo-mutants-XChaCha20-BLAKE3-SIV-Zb0Z9i.tmp/target/debug/deps/libxchacha20_blake3_siv-24859b04d9d3a1ab.rlib --extern zeroize=/tmp/cargo-mutants-XChaCha20-BLAKE3-SIV-Zb0Z9i.tmp/target/debug/deps/libzeroize-5087b20aec4f24d3.rlib -L native=/tmp/cargo-mutants-XChaCha20-BLAKE3-SIV-Zb0Z9i.tmp/target/debug/build/blake3-db6c4b796fede836/out -L native=/tmp/cargo-mutants-XChaCha20-BLAKE3-SIV-Zb0Z9i.tmp/target/debug/build/blake3-db6c4b796fede836/out`
     Running `/home/dev123/.rustup/toolchains/stable-x86_64-unknown-linux-gnu/bin/rustc --crate-name xsiv_stdin --edition=2021 examples/xsiv_stdin.rs --error-format=json --json=diagnostic-rendered-ansi,artifacts,future-incompat --crate-type bin --emit=dep-info,link -C embed-bitcode=no -C debuginfo=2 --warn=unexpected_cfgs '--deny=clippy::undocumented_unsafe_blocks' --check-cfg 'cfg(kani)' --cfg 'feature="default"' --cfg 'feature="dual-mac"' --cfg 'feature="hardened"' --check-cfg 'cfg(docsrs,test)' --check-cfg 'cfg(feature, values("default", "dual-mac", "hardened", "locked", "pure", "rng", "ultra"))' -C metadata=127ea1eb2ee740d0 -C extra-filename=-3809e0c2ce427707 --out-dir /tmp/cargo-mutants-XChaCha20-BLAKE3-SIV-Zb0Z9i.tmp/target/debug/examples -C incremental=/tmp/cargo-mutants-XChaCha20-BLAKE3-SIV-Zb0Z9i.tmp/target/debug/incremental -L dependency=/tmp/cargo-mutants-XChaCha20-BLAKE3-SIV-Zb0Z9i.tmp/target/debug/deps --extern aead=/tmp/cargo-mutants-XChaCha20-BLAKE3-SIV-Zb0Z9i.tmp/target/debug/deps/libaead-15f867564fd89215.rlib --extern blake3=/tmp/cargo-mutants-XChaCha20-BLAKE3-SIV-Zb0Z9i.tmp/target/debug/deps/libblake3-f8715a0be2228f6c.rlib --extern chacha20poly1305=/tmp/cargo-mutants-XChaCha20-BLAKE3-SIV-Zb0Z9i.tmp/target/debug/deps/libchacha20poly1305-4bd1b2516f5448bb.rlib --extern criterion=/tmp/cargo-mutants-XChaCha20-BLAKE3-SIV-Zb0Z9i.tmp/target/debug/deps/libcriterion-7a3675e7698ab10d.rlib --extern proptest=/tmp/cargo-mutants-XChaCha20-BLAKE3-SIV-Zb0Z9i.tmp/target/debug/deps/libproptest-35af120c880ec346.rlib --extern subtle=/tmp/cargo-mutants-XChaCha20-BLAKE3-SIV-Zb0Z9i.tmp/target/debug/deps/libsubtle-55f702608e37091d.rlib --extern xchacha20_blake3_siv=/tmp/cargo-mutants-XChaCha20-BLAKE3-SIV-Zb0Z9i.tmp/target/debug/deps/libxchacha20_blake3_siv-24859b04d9d3a1ab.rlib --extern zeroize=/tmp/cargo-mutants-XChaCha20-BLAKE3-SIV-Zb0Z9i.tmp/target/debug/deps/libzeroize-5087b20aec4f24d3.rlib -L native=/tmp/cargo-mutants-XChaCha20-BLAKE3-SIV-Zb0Z9i.tmp/target/debug/build/blake3-db6c4b796fede836/out -L native=/tmp/cargo-mutants-XChaCha20-BLAKE3-SIV-Zb0Z9i.tmp/target/debug/build/blake3-db6c4b796fede836/out`
     Running `/home/dev123/.rustup/toolchains/stable-x86_64-unknown-linux-gnu/bin/rustc --crate-name decision --edition=2021 tests/decision.rs --error-format=json --json=diagnostic-rendered-ansi,artifacts,future-incompat --emit=dep-info,link -C embed-bitcode=no -C debuginfo=2 --warn=unexpected_cfgs '--deny=clippy::undocumented_unsafe_blocks' --check-cfg 'cfg(kani)' --test --cfg 'feature="default"' --cfg 'feature="dual-mac"' --cfg 'feature="hardened"' --check-cfg 'cfg(docsrs,test)' --check-cfg 'cfg(feature, values("default", "dual-mac", "hardened", "locked", "pure", "rng", "ultra"))' -C metadata=61cd78ae120c218e -C extra-filename=-b72b75a9962dfebf --out-dir /tmp/cargo-mutants-XChaCha20-BLAKE3-SIV-Zb0Z9i.tmp/target/debug/deps -C incremental=/tmp/cargo-mutants-XChaCha20-BLAKE3-SIV-Zb0Z9i.tmp/target/debug/incremental -L dependency=/tmp/cargo-mutants-XChaCha20-BLAKE3-SIV-Zb0Z9i.tmp/target/debug/deps --extern aead=/tmp/cargo-mutants-XChaCha20-BLAKE3-SIV-Zb0Z9i.tmp/target/debug/deps/libaead-15f867564fd89215.rlib --extern blake3=/tmp/cargo-mutants-XChaCha20-BLAKE3-SIV-Zb0Z9i.tmp/target/debug/deps/libblake3-f8715a0be2228f6c.rlib --extern chacha20poly1305=/tmp/cargo-mutants-XChaCha20-BLAKE3-SIV-Zb0Z9i.tmp/target/debug/deps/libchacha20poly1305-4bd1b2516f5448bb.rlib --extern criterion=/tmp/cargo-mutants-XChaCha20-BLAKE3-SIV-Zb0Z9i.tmp/target/debug/deps/libcriterion-7a3675e7698ab10d.rlib --extern proptest=/tmp/cargo-mutants-XChaCha20-BLAKE3-SIV-Zb0Z9i.tmp/target/debug/deps/libproptest-35af120c880ec346.rlib --extern subtle=/tmp/cargo-mutants-XChaCha20-BLAKE3-SIV-Zb0Z9i.tmp/target/debug/deps/libsubtle-55f702608e37091d.rlib --extern xchacha20_blake3_siv=/tmp/cargo-mutants-XChaCha20-BLAKE3-SIV-Zb0Z9i.tmp/target/debug/deps/libxchacha20_blake3_siv-24859b04d9d3a1ab.rlib --extern zeroize=/tmp/cargo-mutants-XChaCha20-BLAKE3-SIV-Zb0Z9i.tmp/target/debug/deps/libzeroize-5087b20aec4f24d3.rlib -L native=/tmp/cargo-mutants-XChaCha20-BLAKE3-SIV-Zb0Z9i.tmp/target/debug/build/blake3-db6c4b796fede836/out -L native=/tmp/cargo-mutants-XChaCha20-BLAKE3-SIV-Zb0Z9i.tmp/target/debug/build/blake3-db6c4b796fede836/out`
     Running `/home/dev123/.rustup/toolchains/stable-x86_64-unknown-linux-gnu/bin/rustc --crate-name counter_range --edition=2021 tests/counter_range.rs --error-format=json --json=diagnostic-rendered-ansi,artifacts,future-incompat --emit=dep-info,link -C embed-bitcode=no -C debuginfo=2 --warn=unexpected_cfgs '--deny=clippy::undocumented_unsafe_blocks' --check-cfg 'cfg(kani)' --test --cfg 'feature="default"' --cfg 'feature="dual-mac"' --cfg 'feature="hardened"' --check-cfg 'cfg(docsrs,test)' --check-cfg 'cfg(feature, values("default", "dual-mac", "hardened", "locked", "pure", "rng", "ultra"))' -C metadata=c8798ad750dee165 -C extra-filename=-e964176ae1d2c446 --out-dir /tmp/cargo-mutants-XChaCha20-BLAKE3-SIV-Zb0Z9i.tmp/target/debug/deps -C incremental=/tmp/cargo-mutants-XChaCha20-BLAKE3-SIV-Zb0Z9i.tmp/target/debug/incremental -L dependency=/tmp/cargo-mutants-XChaCha20-BLAKE3-SIV-Zb0Z9i.tmp/target/debug/deps --extern aead=/tmp/cargo-mutants-XChaCha20-BLAKE3-SIV-Zb0Z9i.tmp/target/debug/deps/libaead-15f867564fd89215.rlib --extern blake3=/tmp/cargo-mutants-XChaCha20-BLAKE3-SIV-Zb0Z9i.tmp/target/debug/deps/libblake3-f8715a0be2228f6c.rlib --extern chacha20poly1305=/tmp/cargo-mutants-XChaCha20-BLAKE3-SIV-Zb0Z9i.tmp/target/debug/deps/libchacha20poly1305-4bd1b2516f5448bb.rlib --extern criterion=/tmp/cargo-mutants-XChaCha20-BLAKE3-SIV-Zb0Z9i.tmp/target/debug/deps/libcriterion-7a3675e7698ab10d.rlib --extern proptest=/tmp/cargo-mutants-XChaCha20-BLAKE3-SIV-Zb0Z9i.tmp/target/debug/deps/libproptest-35af120c880ec346.rlib --extern subtle=/tmp/cargo-mutants-XChaCha20-BLAKE3-SIV-Zb0Z9i.tmp/target/debug/deps/libsubtle-55f702608e37091d.rlib --extern xchacha20_blake3_siv=/tmp/cargo-mutants-XChaCha20-BLAKE3-SIV-Zb0Z9i.tmp/target/debug/deps/libxchacha20_blake3_siv-24859b04d9d3a1ab.rlib --extern zeroize=/tmp/cargo-mutants-XChaCha20-BLAKE3-SIV-Zb0Z9i.tmp/target/debug/deps/libzeroize-5087b20aec4f24d3.rlib -L native=/tmp/cargo-mutants-XChaCha20-BLAKE3-SIV-Zb0Z9i.tmp/target/debug/build/blake3-db6c4b796fede836/out -L native=/tmp/cargo-mutants-XChaCha20-BLAKE3-SIV-Zb0Z9i.tmp/target/debug/build/blake3-db6c4b796fede836/out`
     Running `/home/dev123/.rustup/toolchains/stable-x86_64-unknown-linux-gnu/bin/rustc --crate-name profile_probe --edition=2021 examples/profile_probe.rs --error-format=json --json=diagnostic-rendered-ansi,artifacts,future-incompat --crate-type bin --emit=dep-info,link -C embed-bitcode=no -C debuginfo=2 --warn=unexpected_cfgs '--deny=clippy::undocumented_unsafe_blocks' --check-cfg 'cfg(kani)' --cfg 'feature="default"' --cfg 'feature="dual-mac"' --cfg 'feature="hardened"' --check-cfg 'cfg(docsrs,test)' --check-cfg 'cfg(feature, values("default", "dual-mac", "hardened", "locked", "pure", "rng", "ultra"))' -C metadata=5b912aff40573295 -C extra-filename=-20894d40ec42f763 --out-dir /tmp/cargo-mutants-XChaCha20-BLAKE3-SIV-Zb0Z9i.tmp/target/debug/examples -C incremental=/tmp/cargo-mutants-XChaCha20-BLAKE3-SIV-Zb0Z9i.tmp/target/debug/incremental -L dependency=/tmp/cargo-mutants-XChaCha20-BLAKE3-SIV-Zb0Z9i.tmp/target/debug/deps --extern aead=/tmp/cargo-mutants-XChaCha20-BLAKE3-SIV-Zb0Z9i.tmp/target/debug/deps/libaead-15f867564fd89215.rlib --extern blake3=/tmp/cargo-mutants-XChaCha20-BLAKE3-SIV-Zb0Z9i.tmp/target/debug/deps/libblake3-f8715a0be2228f6c.rlib --extern chacha20poly1305=/tmp/cargo-mutants-XChaCha20-BLAKE3-SIV-Zb0Z9i.tmp/target/debug/deps/libchacha20poly1305-4bd1b2516f5448bb.rlib --extern criterion=/tmp/cargo-mutants-XChaCha20-BLAKE3-SIV-Zb0Z9i.tmp/target/debug/deps/libcriterion-7a3675e7698ab10d.rlib --extern proptest=/tmp/cargo-mutants-XChaCha20-BLAKE3-SIV-Zb0Z9i.tmp/target/debug/deps/libproptest-35af120c880ec346.rlib --extern subtle=/tmp/cargo-mutants-XChaCha20-BLAKE3-SIV-Zb0Z9i.tmp/target/debug/deps/libsubtle-55f702608e37091d.rlib --extern xchacha20_blake3_siv=/tmp/cargo-mutants-XChaCha20-BLAKE3-SIV-Zb0Z9i.tmp/target/debug/deps/libxchacha20_blake3_siv-24859b04d9d3a1ab.rlib --extern zeroize=/tmp/cargo-mutants-XChaCha20-BLAKE3-SIV-Zb0Z9i.tmp/target/debug/deps/libzeroize-5087b20aec4f24d3.rlib -L native=/tmp/cargo-mutants-XChaCha20-BLAKE3-SIV-Zb0Z9i.tmp/target/debug/build/blake3-db6c4b796fede836/out -L native=/tmp/cargo-mutants-XChaCha20-BLAKE3-SIV-Zb0Z9i.tmp/target/debug/build/blake3-db6c4b796fede836/out`
     Running `/home/dev123/.rustup/toolchains/stable-x86_64-unknown-linux-gnu/bin/rustc --crate-name threads --edition=2021 tests/threads.rs --error-format=json --json=diagnostic-rendered-ansi,artifacts,future-incompat --emit=dep-info,link -C embed-bitcode=no -C debuginfo=2 --warn=unexpected_cfgs '--deny=clippy::undocumented_unsafe_blocks' --check-cfg 'cfg(kani)' --test --cfg 'feature="default"' --cfg 'feature="dual-mac"' --cfg 'feature="hardened"' --check-cfg 'cfg(docsrs,test)' --check-cfg 'cfg(feature, values("default", "dual-mac", "hardened", "locked", "pure", "rng", "ultra"))' -C metadata=bcdd440bc343fdc8 -C extra-filename=-e8771feb22ca6bba --out-dir /tmp/cargo-mutants-XChaCha20-BLAKE3-SIV-Zb0Z9i.tmp/target/debug/deps -C incremental=/tmp/cargo-mutants-XChaCha20-BLAKE3-SIV-Zb0Z9i.tmp/target/debug/incremental -L dependency=/tmp/cargo-mutants-XChaCha20-BLAKE3-SIV-Zb0Z9i.tmp/target/debug/deps --extern aead=/tmp/cargo-mutants-XChaCha20-BLAKE3-SIV-Zb0Z9i.tmp/target/debug/deps/libaead-15f867564fd89215.rlib --extern blake3=/tmp/cargo-mutants-XChaCha20-BLAKE3-SIV-Zb0Z9i.tmp/target/debug/deps/libblake3-f8715a0be2228f6c.rlib --extern chacha20poly1305=/tmp/cargo-mutants-XChaCha20-BLAKE3-SIV-Zb0Z9i.tmp/target/debug/deps/libchacha20poly1305-4bd1b2516f5448bb.rlib --extern criterion=/tmp/cargo-mutants-XChaCha20-BLAKE3-SIV-Zb0Z9i.tmp/target/debug/deps/libcriterion-7a3675e7698ab10d.rlib --extern proptest=/tmp/cargo-mutants-XChaCha20-BLAKE3-SIV-Zb0Z9i.tmp/target/debug/deps/libproptest-35af120c880ec346.rlib --extern subtle=/tmp/cargo-mutants-XChaCha20-BLAKE3-SIV-Zb0Z9i.tmp/target/debug/deps/libsubtle-55f702608e37091d.rlib --extern xchacha20_blake3_siv=/tmp/cargo-mutants-XChaCha20-BLAKE3-SIV-Zb0Z9i.tmp/target/debug/deps/libxchacha20_blake3_siv-24859b04d9d3a1ab.rlib --extern zeroize=/tmp/cargo-mutants-XChaCha20-BLAKE3-SIV-Zb0Z9i.tmp/target/debug/deps/libzeroize-5087b20aec4f24d3.rlib -L native=/tmp/cargo-mutants-XChaCha20-BLAKE3-SIV-Zb0Z9i.tmp/target/debug/build/blake3-db6c4b796fede836/out -L native=/tmp/cargo-mutants-XChaCha20-BLAKE3-SIV-Zb0Z9i.tmp/target/debug/build/blake3-db6c4b796fede836/out`
     Running `/home/dev123/.rustup/toolchains/stable-x86_64-unknown-linux-gnu/bin/rustc --crate-name variable_latency --edition=2021 tests/variable_latency.rs --error-format=json --json=diagnostic-rendered-ansi,artifacts,future-incompat --emit=dep-info,link -C embed-bitcode=no -C debuginfo=2 --warn=unexpected_cfgs '--deny=clippy::undocumented_unsafe_blocks' --check-cfg 'cfg(kani)' --test --cfg 'feature="default"' --cfg 'feature="dual-mac"' --cfg 'feature="hardened"' --check-cfg 'cfg(docsrs,test)' --check-cfg 'cfg(feature, values("default", "dual-mac", "hardened", "locked", "pure", "rng", "ultra"))' -C metadata=d290af8537b47c8b -C extra-filename=-92c77437fc5bd028 --out-dir /tmp/cargo-mutants-XChaCha20-BLAKE3-SIV-Zb0Z9i.tmp/target/debug/deps -C incremental=/tmp/cargo-mutants-XChaCha20-BLAKE3-SIV-Zb0Z9i.tmp/target/debug/incremental -L dependency=/tmp/cargo-mutants-XChaCha20-BLAKE3-SIV-Zb0Z9i.tmp/target/debug/deps --extern aead=/tmp/cargo-mutants-XChaCha20-BLAKE3-SIV-Zb0Z9i.tmp/target/debug/deps/libaead-15f867564fd89215.rlib --extern blake3=/tmp/cargo-mutants-XChaCha20-BLAKE3-SIV-Zb0Z9i.tmp/target/debug/deps/libblake3-f8715a0be2228f6c.rlib --extern chacha20poly1305=/tmp/cargo-mutants-XChaCha20-BLAKE3-SIV-Zb0Z9i.tmp/target/debug/deps/libchacha20poly1305-4bd1b2516f5448bb.rlib --extern criterion=/tmp/cargo-mutants-XChaCha20-BLAKE3-SIV-Zb0Z9i.tmp/target/debug/deps/libcriterion-7a3675e7698ab10d.rlib --extern proptest=/tmp/cargo-mutants-XChaCha20-BLAKE3-SIV-Zb0Z9i.tmp/target/debug/deps/libproptest-35af120c880ec346.rlib --extern subtle=/tmp/cargo-mutants-XChaCha20-BLAKE3-SIV-Zb0Z9i.tmp/target/debug/deps/libsubtle-55f702608e37091d.rlib --extern xchacha20_blake3_siv=/tmp/cargo-mutants-XChaCha20-BLAKE3-SIV-Zb0Z9i.tmp/target/debug/deps/libxchacha20_blake3_siv-24859b04d9d3a1ab.rlib --extern zeroize=/tmp/cargo-mutants-XChaCha20-BLAKE3-SIV-Zb0Z9i.tmp/target/debug/deps/libzeroize-5087b20aec4f24d3.rlib -L native=/tmp/cargo-mutants-XChaCha20-BLAKE3-SIV-Zb0Z9i.tmp/target/debug/build/blake3-db6c4b796fede836/out -L native=/tmp/cargo-mutants-XChaCha20-BLAKE3-SIV-Zb0Z9i.tmp/target/debug/build/blake3-db6c4b796fede836/out`
     Running `/home/dev123/.rustup/toolchains/stable-x86_64-unknown-linux-gnu/bin/rustc --crate-name ctgrind --edition=2021 tests/ctgrind.rs --error-format=json --json=diagnostic-rendered-ansi,artifacts,future-incompat --emit=dep-info,link -C embed-bitcode=no -C debuginfo=2 --warn=unexpected_cfgs '--deny=clippy::undocumented_unsafe_blocks' --check-cfg 'cfg(kani)' --test --cfg 'feature="default"' --cfg 'feature="dual-mac"' --cfg 'feature="hardened"' --check-cfg 'cfg(docsrs,test)' --check-cfg 'cfg(feature, values("default", "dual-mac", "hardened", "locked", "pure", "rng", "ultra"))' -C metadata=94fb00d58dec92c4 -C extra-filename=-e4ba638c661a8e41 --out-dir /tmp/cargo-mutants-XChaCha20-BLAKE3-SIV-Zb0Z9i.tmp/target/debug/deps -C incremental=/tmp/cargo-mutants-XChaCha20-BLAKE3-SIV-Zb0Z9i.tmp/target/debug/incremental -L dependency=/tmp/cargo-mutants-XChaCha20-BLAKE3-SIV-Zb0Z9i.tmp/target/debug/deps --extern aead=/tmp/cargo-mutants-XChaCha20-BLAKE3-SIV-Zb0Z9i.tmp/target/debug/deps/libaead-15f867564fd89215.rlib --extern blake3=/tmp/cargo-mutants-XChaCha20-BLAKE3-SIV-Zb0Z9i.tmp/target/debug/deps/libblake3-f8715a0be2228f6c.rlib --extern chacha20poly1305=/tmp/cargo-mutants-XChaCha20-BLAKE3-SIV-Zb0Z9i.tmp/target/debug/deps/libchacha20poly1305-4bd1b2516f5448bb.rlib --extern criterion=/tmp/cargo-mutants-XChaCha20-BLAKE3-SIV-Zb0Z9i.tmp/target/debug/deps/libcriterion-7a3675e7698ab10d.rlib --extern proptest=/tmp/cargo-mutants-XChaCha20-BLAKE3-SIV-Zb0Z9i.tmp/target/debug/deps/libproptest-35af120c880ec346.rlib --extern subtle=/tmp/cargo-mutants-XChaCha20-BLAKE3-SIV-Zb0Z9i.tmp/target/debug/deps/libsubtle-55f702608e37091d.rlib --extern xchacha20_blake3_siv=/tmp/cargo-mutants-XChaCha20-BLAKE3-SIV-Zb0Z9i.tmp/target/debug/deps/libxchacha20_blake3_siv-24859b04d9d3a1ab.rlib --extern zeroize=/tmp/cargo-mutants-XChaCha20-BLAKE3-SIV-Zb0Z9i.tmp/target/debug/deps/libzeroize-5087b20aec4f24d3.rlib -L native=/tmp/cargo-mutants-XChaCha20-BLAKE3-SIV-Zb0Z9i.tmp/target/debug/build/blake3-db6c4b796fede836/out -L native=/tmp/cargo-mutants-XChaCha20-BLAKE3-SIV-Zb0Z9i.tmp/target/debug/build/blake3-db6c4b796fede836/out`
     Running `/home/dev123/.rustup/toolchains/stable-x86_64-unknown-linux-gnu/bin/rustc --crate-name security --edition=2021 tests/security.rs --error-format=json --json=diagnostic-rendered-ansi,artifacts,future-incompat --emit=dep-info,link -C embed-bitcode=no -C debuginfo=2 --warn=unexpected_cfgs '--deny=clippy::undocumented_unsafe_blocks' --check-cfg 'cfg(kani)' --test --cfg 'feature="default"' --cfg 'feature="dual-mac"' --cfg 'feature="hardened"' --check-cfg 'cfg(docsrs,test)' --check-cfg 'cfg(feature, values("default", "dual-mac", "hardened", "locked", "pure", "rng", "ultra"))' -C metadata=24cc62767e392b28 -C extra-filename=-613fb2a36602b073 --out-dir /tmp/cargo-mutants-XChaCha20-BLAKE3-SIV-Zb0Z9i.tmp/target/debug/deps -C incremental=/tmp/cargo-mutants-XChaCha20-BLAKE3-SIV-Zb0Z9i.tmp/target/debug/incremental -L dependency=/tmp/cargo-mutants-XChaCha20-BLAKE3-SIV-Zb0Z9i.tmp/target/debug/deps --extern aead=/tmp/cargo-mutants-XChaCha20-BLAKE3-SIV-Zb0Z9i.tmp/target/debug/deps/libaead-15f867564fd89215.rlib --extern blake3=/tmp/cargo-mutants-XChaCha20-BLAKE3-SIV-Zb0Z9i.tmp/target/debug/deps/libblake3-f8715a0be2228f6c.rlib --extern chacha20poly1305=/tmp/cargo-mutants-XChaCha20-BLAKE3-SIV-Zb0Z9i.tmp/target/debug/deps/libchacha20poly1305-4bd1b2516f5448bb.rlib --extern criterion=/tmp/cargo-mutants-XChaCha20-BLAKE3-SIV-Zb0Z9i.tmp/target/debug/deps/libcriterion-7a3675e7698ab10d.rlib --extern proptest=/tmp/cargo-mutants-XChaCha20-BLAKE3-SIV-Zb0Z9i.tmp/target/debug/deps/libproptest-35af120c880ec346.rlib --extern subtle=/tmp/cargo-mutants-XChaCha20-BLAKE3-SIV-Zb0Z9i.tmp/target/debug/deps/libsubtle-55f702608e37091d.rlib --extern xchacha20_blake3_siv=/tmp/cargo-mutants-XChaCha20-BLAKE3-SIV-Zb0Z9i.tmp/target/debug/deps/libxchacha20_blake3_siv-24859b04d9d3a1ab.rlib --extern zeroize=/tmp/cargo-mutants-XChaCha20-BLAKE3-SIV-Zb0Z9i.tmp/target/debug/deps/libzeroize-5087b20aec4f24d3.rlib -L native=/tmp/cargo-mutants-XChaCha20-BLAKE3-SIV-Zb0Z9i.tmp/target/debug/build/blake3-db6c4b796fede836/out -L native=/tmp/cargo-mutants-XChaCha20-BLAKE3-SIV-Zb0Z9i.tmp/target/debug/build/blake3-db6c4b796fede836/out`
     Running `/home/dev123/.rustup/toolchains/stable-x86_64-unknown-linux-gnu/bin/rustc --crate-name decision_scope --edition=2021 tests/decision_scope.rs --error-format=json --json=diagnostic-rendered-ansi,artifacts,future-incompat --emit=dep-info,link -C embed-bitcode=no -C debuginfo=2 --warn=unexpected_cfgs '--deny=clippy::undocumented_unsafe_blocks' --check-cfg 'cfg(kani)' --test --cfg 'feature="default"' --cfg 'feature="dual-mac"' --cfg 'feature="hardened"' --check-cfg 'cfg(docsrs,test)' --check-cfg 'cfg(feature, values("default", "dual-mac", "hardened", "locked", "pure", "rng", "ultra"))' -C metadata=38c14f4f0bf147a4 -C extra-filename=-6763ab44eac48c91 --out-dir /tmp/cargo-mutants-XChaCha20-BLAKE3-SIV-Zb0Z9i.tmp/target/debug/deps -C incremental=/tmp/cargo-mutants-XChaCha20-BLAKE3-SIV-Zb0Z9i.tmp/target/debug/incremental -L dependency=/tmp/cargo-mutants-XChaCha20-BLAKE3-SIV-Zb0Z9i.tmp/target/debug/deps --extern aead=/tmp/cargo-mutants-XChaCha20-BLAKE3-SIV-Zb0Z9i.tmp/target/debug/deps/libaead-15f867564fd89215.rlib --extern blake3=/tmp/cargo-mutants-XChaCha20-BLAKE3-SIV-Zb0Z9i.tmp/target/debug/deps/libblake3-f8715a0be2228f6c.rlib --extern chacha20poly1305=/tmp/cargo-mutants-XChaCha20-BLAKE3-SIV-Zb0Z9i.tmp/target/debug/deps/libchacha20poly1305-4bd1b2516f5448bb.rlib --extern criterion=/tmp/cargo-mutants-XChaCha20-BLAKE3-SIV-Zb0Z9i.tmp/target/debug/deps/libcriterion-7a3675e7698ab10d.rlib --extern proptest=/tmp/cargo-mutants-XChaCha20-BLAKE3-SIV-Zb0Z9i.tmp/target/debug/deps/libproptest-35af120c880ec346.rlib --extern subtle=/tmp/cargo-mutants-XChaCha20-BLAKE3-SIV-Zb0Z9i.tmp/target/debug/deps/libsubtle-55f702608e37091d.rlib --extern xchacha20_blake3_siv=/tmp/cargo-mutants-XChaCha20-BLAKE3-SIV-Zb0Z9i.tmp/target/debug/deps/libxchacha20_blake3_siv-24859b04d9d3a1ab.rlib --extern zeroize=/tmp/cargo-mutants-XChaCha20-BLAKE3-SIV-Zb0Z9i.tmp/target/debug/deps/libzeroize-5087b20aec4f24d3.rlib -L native=/tmp/cargo-mutants-XChaCha20-BLAKE3-SIV-Zb0Z9i.tmp/target/debug/build/blake3-db6c4b796fede836/out -L native=/tmp/cargo-mutants-XChaCha20-BLAKE3-SIV-Zb0Z9i.tmp/target/debug/build/blake3-db6c4b796fede836/out`
     Running `/home/dev123/.rustup/toolchains/stable-x86_64-unknown-linux-gnu/bin/rustc --crate-name differential_reference --edition=2021 tests/differential_reference.rs --error-format=json --json=diagnostic-rendered-ansi,artifacts,future-incompat --emit=dep-info,link -C embed-bitcode=no -C debuginfo=2 --warn=unexpected_cfgs '--deny=clippy::undocumented_unsafe_blocks' --check-cfg 'cfg(kani)' --test --cfg 'feature="default"' --cfg 'feature="dual-mac"' --cfg 'feature="hardened"' --check-cfg 'cfg(docsrs,test)' --check-cfg 'cfg(feature, values("default", "dual-mac", "hardened", "locked", "pure", "rng", "ultra"))' -C metadata=f18e5cb5ed735a18 -C extra-filename=-05917dd85bae36e1 --out-dir /tmp/cargo-mutants-XChaCha20-BLAKE3-SIV-Zb0Z9i.tmp/target/debug/deps -C incremental=/tmp/cargo-mutants-XChaCha20-BLAKE3-SIV-Zb0Z9i.tmp/target/debug/incremental -L dependency=/tmp/cargo-mutants-XChaCha20-BLAKE3-SIV-Zb0Z9i.tmp/target/debug/deps --extern aead=/tmp/cargo-mutants-XChaCha20-BLAKE3-SIV-Zb0Z9i.tmp/target/debug/deps/libaead-15f867564fd89215.rlib --extern blake3=/tmp/cargo-mutants-XChaCha20-BLAKE3-SIV-Zb0Z9i.tmp/target/debug/deps/libblake3-f8715a0be2228f6c.rlib --extern chacha20poly1305=/tmp/cargo-mutants-XChaCha20-BLAKE3-SIV-Zb0Z9i.tmp/target/debug/deps/libchacha20poly1305-4bd1b2516f5448bb.rlib --extern criterion=/tmp/cargo-mutants-XChaCha20-BLAKE3-SIV-Zb0Z9i.tmp/target/debug/deps/libcriterion-7a3675e7698ab10d.rlib --extern proptest=/tmp/cargo-mutants-XChaCha20-BLAKE3-SIV-Zb0Z9i.tmp/target/debug/deps/libproptest-35af120c880ec346.rlib --extern subtle=/tmp/cargo-mutants-XChaCha20-BLAKE3-SIV-Zb0Z9i.tmp/target/debug/deps/libsubtle-55f702608e37091d.rlib --extern xchacha20_blake3_siv=/tmp/cargo-mutants-XChaCha20-BLAKE3-SIV-Zb0Z9i.tmp/target/debug/deps/libxchacha20_blake3_siv-24859b04d9d3a1ab.rlib --extern zeroize=/tmp/cargo-mutants-XChaCha20-BLAKE3-SIV-Zb0Z9i.tmp/target/debug/deps/libzeroize-5087b20aec4f24d3.rlib -L native=/tmp/cargo-mutants-XChaCha20-BLAKE3-SIV-Zb0Z9i.tmp/target/debug/build/blake3-db6c4b796fede836/out -L native=/tmp/cargo-mutants-XChaCha20-BLAKE3-SIV-Zb0Z9i.tmp/target/debug/build/blake3-db6c4b796fede836/out`
     Running `/home/dev123/.rustup/toolchains/stable-x86_64-unknown-linux-gnu/bin/rustc --crate-name timing --edition=2021 tests/timing.rs --error-format=json --json=diagnostic-rendered-ansi,artifacts,future-incompat --emit=dep-info,link -C embed-bitcode=no -C debuginfo=2 --warn=unexpected_cfgs '--deny=clippy::undocumented_unsafe_blocks' --check-cfg 'cfg(kani)' --test --cfg 'feature="default"' --cfg 'feature="dual-mac"' --cfg 'feature="hardened"' --check-cfg 'cfg(docsrs,test)' --check-cfg 'cfg(feature, values("default", "dual-mac", "hardened", "locked", "pure", "rng", "ultra"))' -C metadata=361ae657ee13e2c0 -C extra-filename=-696ef3e33fca4c3d --out-dir /tmp/cargo-mutants-XChaCha20-BLAKE3-SIV-Zb0Z9i.tmp/target/debug/deps -C incremental=/tmp/cargo-mutants-XChaCha20-BLAKE3-SIV-Zb0Z9i.tmp/target/debug/incremental -L dependency=/tmp/cargo-mutants-XChaCha20-BLAKE3-SIV-Zb0Z9i.tmp/target/debug/deps --extern aead=/tmp/cargo-mutants-XChaCha20-BLAKE3-SIV-Zb0Z9i.tmp/target/debug/deps/libaead-15f867564fd89215.rlib --extern blake3=/tmp/cargo-mutants-XChaCha20-BLAKE3-SIV-Zb0Z9i.tmp/target/debug/deps/libblake3-f8715a0be2228f6c.rlib --extern chacha20poly1305=/tmp/cargo-mutants-XChaCha20-BLAKE3-SIV-Zb0Z9i.tmp/target/debug/deps/libchacha20poly1305-4bd1b2516f5448bb.rlib --extern criterion=/tmp/cargo-mutants-XChaCha20-BLAKE3-SIV-Zb0Z9i.tmp/target/debug/deps/libcriterion-7a3675e7698ab10d.rlib --extern proptest=/tmp/cargo-mutants-XChaCha20-BLAKE3-SIV-Zb0Z9i.tmp/target/debug/deps/libproptest-35af120c880ec346.rlib --extern subtle=/tmp/cargo-mutants-XChaCha20-BLAKE3-SIV-Zb0Z9i.tmp/target/debug/deps/libsubtle-55f702608e37091d.rlib --extern xchacha20_blake3_siv=/tmp/cargo-mutants-XChaCha20-BLAKE3-SIV-Zb0Z9i.tmp/target/debug/deps/libxchacha20_blake3_siv-24859b04d9d3a1ab.rlib --extern zeroize=/tmp/cargo-mutants-XChaCha20-BLAKE3-SIV-Zb0Z9i.tmp/target/debug/deps/libzeroize-5087b20aec4f24d3.rlib -L native=/tmp/cargo-mutants-XChaCha20-BLAKE3-SIV-Zb0Z9i.tmp/target/debug/build/blake3-db6c4b796fede836/out -L native=/tmp/cargo-mutants-XChaCha20-BLAKE3-SIV-Zb0Z9i.tmp/target/debug/build/blake3-db6c4b796fede836/out`
warning: `xchacha20-blake3-siv` (lib test) generated 5 warnings (5 duplicates)
    Finished `test` profile [unoptimized + debuginfo] target(s) in 0.62s
  Executable `/tmp/cargo-mutants-XChaCha20-BLAKE3-SIV-Zb0Z9i.tmp/target/debug/deps/xchacha20_blake3_siv-f4c2c85424f6fee7`
  Executable `/tmp/cargo-mutants-XChaCha20-BLAKE3-SIV-Zb0Z9i.tmp/target/debug/deps/counter_range-e964176ae1d2c446`
  Executable `/tmp/cargo-mutants-XChaCha20-BLAKE3-SIV-Zb0Z9i.tmp/target/debug/deps/ctgrind-e4ba638c661a8e41`
  Executable `/tmp/cargo-mutants-XChaCha20-BLAKE3-SIV-Zb0Z9i.tmp/target/debug/deps/decision-b72b75a9962dfebf`
  Executable `/tmp/cargo-mutants-XChaCha20-BLAKE3-SIV-Zb0Z9i.tmp/target/debug/deps/decision_scope-6763ab44eac48c91`
  Executable `/tmp/cargo-mutants-XChaCha20-BLAKE3-SIV-Zb0Z9i.tmp/target/debug/deps/differential_reference-05917dd85bae36e1`
  Executable `/tmp/cargo-mutants-XChaCha20-BLAKE3-SIV-Zb0Z9i.tmp/target/debug/deps/security-613fb2a36602b073`
  Executable `/tmp/cargo-mutants-XChaCha20-BLAKE3-SIV-Zb0Z9i.tmp/target/debug/deps/threads-e8771feb22ca6bba`
  Executable `/tmp/cargo-mutants-XChaCha20-BLAKE3-SIV-Zb0Z9i.tmp/target/debug/deps/timing-696ef3e33fca4c3d`
  Executable `/tmp/cargo-mutants-XChaCha20-BLAKE3-SIV-Zb0Z9i.tmp/target/debug/deps/ultra-06b908cc94188729`
  Executable `/tmp/cargo-mutants-XChaCha20-BLAKE3-SIV-Zb0Z9i.tmp/target/debug/deps/variable_latency-92c77437fc5bd028`

*** result: Success

*** /home/dev123/.rustup/toolchains/stable-x86_64-unknown-linux-gnu/bin/cargo test --verbose --package=xchacha20-blake3-siv@0.1.0 --features=hardened,dual-mac --test decision --test security
       Fresh cfg-if v1.0.5
       Fresh unicode-ident v1.0.26
       Fresh version_check v0.9.5
       Fresh typenum v1.20.1
       Fresh zeroize v1.9.0
       Fresh autocfg v1.5.1
       Fresh shlex v2.0.1
       Fresh find-msvc-tools v0.1.13
       Fresh either v1.18.0
       Fresh regex-syntax v0.8.11
       Fresh subtle v2.6.1
       Fresh plotters-backend v0.3.7
       Fresh cpufeatures v0.2.17
       Fresh anstyle v1.0.14
       Fresh itoa v1.0.18
       Fresh ciborium-io v0.2.2
       Fresh clap_lex v1.1.1
       Fresh memchr v2.8.3
       Fresh arrayvec v0.7.8
       Fresh cast v0.3.0
       Fresh bit-vec v0.8.0
       Fresh cpufeatures v0.3.1
       Fresh same-file v1.0.6
       Fresh opaque-debug v0.3.1
       Fresh libc v0.2.189
       Fresh proc-macro2 v1.0.107
       Fresh crossbeam-utils v0.8.23
       Fresh serde_core v1.0.229
       Fresh cc v1.4.7
       Fresh clap_builder v4.6.7
       Fresh regex-automata v0.4.18
       Fresh plotters-svg v0.3.7
       Fresh itertools v0.10.5
       Fresh constant_time_eq v0.4.2
       Fresh walkdir v2.5.0
       Fresh bit-set v0.8.0
       Fresh unarray v0.1.4
       Fresh bitflags v2.13.2
       Fresh anes v0.1.6
       Fresh once_cell v1.21.4
       Fresh oorandom v11.1.5
       Fresh quote v1.0.47
       Fresh getrandom v0.2.17
       Fresh generic-array v0.14.7
       Fresh getrandom v0.3.4
       Fresh crossbeam-epoch v0.9.21
       Fresh num-traits v0.2.19
       Fresh zmij v1.0.23
       Fresh criterion-plot v0.5.0
       Fresh is-terminal v0.4.17
       Fresh clap v4.6.7
       Fresh regex v1.13.1
       Fresh syn v2.0.119
       Fresh rand_core v0.6.4
       Fresh syn v3.0.6
       Fresh rand_core v0.9.5
       Fresh crossbeam-deque v0.8.8
       Fresh inout v0.1.4
       Fresh serde_json v1.0.151
       Fresh plotters v0.3.7
       Fresh zerocopy-derive v0.8.57
       Fresh crypto-common v0.1.7
       Fresh serde_derive v1.0.229
       Fresh rayon-core v1.13.0
       Fresh blake3 v1.8.7
       Fresh rand_xorshift v0.4.0
       Fresh rand v0.9.5
       Fresh zerocopy v0.8.57
       Fresh serde v1.0.229
       Fresh cipher v0.4.4
       Fresh universal-hash v0.5.1
       Fresh aead v0.5.2
       Fresh rayon v1.12.0
warning: unused variable: `key`
    --> src/lib.rs:1674:5
     |
1674 |     key: &[u8; 32],
     |     ^^^ help: if this is intentional, prefix it with an underscore: `_key`
     |
     = note: `#[warn(unused_variables)]` (part of `#[warn(unused)]`) on by default

warning: unused variable: `nonce`
    --> src/lib.rs:1675:5
     |
1675 |     nonce: &[u8; NONCE_LEN],
     |     ^^^^^ help: if this is intentional, prefix it with an underscore: `_nonce`

warning: unused variable: `aad`
    --> src/lib.rs:1676:5
     |
1676 |     aad: &[u8],
     |     ^^^ help: if this is intentional, prefix it with an underscore: `_aad`

warning: unused variable: `buffer`
    --> src/lib.rs:1677:5
     |
1677 |     buffer: &mut [u8],
     |     ^^^^^^ help: if this is intentional, prefix it with an underscore: `_buffer`

warning: unused variable: `tag`
    --> src/lib.rs:1678:5
     |
1678 |     tag: &[u8; TAG_LEN],
     |     ^^^ help: if this is intentional, prefix it with an underscore: `_tag`

warning: `xchacha20-blake3-siv` (lib) generated 5 warnings (run `cargo fix --lib -p xchacha20-blake3-siv` to apply 5 suggestions)
       Fresh half v2.7.1
       Fresh ppv-lite86 v0.2.21
       Fresh poly1305 v0.8.0
       Fresh tinytemplate v1.2.1
       Fresh chacha20 v0.9.1
       Fresh ciborium-ll v0.2.2
       Fresh rand_chacha v0.9.0
       Fresh chacha20poly1305 v0.10.1
       Fresh ciborium v0.2.2
       Fresh proptest v1.11.0
       Fresh criterion v0.5.1
       Fresh xchacha20-blake3-siv v0.1.0 (/tmp/cargo-mutants-XChaCha20-BLAKE3-SIV-Zb0Z9i.tmp)
    Finished `test` profile [unoptimized + debuginfo] target(s) in 0.05s
     Running `/tmp/cargo-mutants-XChaCha20-BLAKE3-SIV-Zb0Z9i.tmp/target/debug/deps/decision-b72b75a9962dfebf`

running 1 test
test a_forged_tag_must_not_be_accepted ... FAILED

failures:

---- a_forged_tag_must_not_be_accepted stdout ----

thread 'a_forged_tag_must_not_be_accepted' (2731164) panicked at tests/decision.rs:62:9:
forged tag accepted in place at message length 0
note: run with `RUST_BACKTRACE=1` environment variable to display a backtrace


failures:
    a_forged_tag_must_not_be_accepted

test result: FAILED. 0 passed; 1 failed; 0 ignored; 0 measured; 0 filtered out; finished in 0.00s

error: test failed, to rerun pass `-p xchacha20-blake3-siv --test decision`

*** result: Failure(101)
