
*** src/lib.rs:2715:5: replace decrypt_in_place_detached -> Result<(), Error> with Ok(())

*** mutation diff:
--- src/lib.rs
+++ replace decrypt_in_place_detached -> Result<(), Error> with Ok(())
@@ -2707,158 +2707,17 @@
 /// place. Note this destroys the caller's buffer on the failure path.
 pub fn decrypt_in_place_detached(
     key: &[u8; 32],
     nonce: &[u8; NONCE_LEN],
     aad: &[u8],
     buffer: &mut [u8],
     tag: &[u8; TAG_LEN],
 ) -> Result<(), Error> {
-    check_lengths(buffer.len(), aad.len())?;
-
-    // `ultra` needs the ciphertext later, and the in-place transform consumes it, so a copy is
-    // taken. This was the first version's bug: the witness was handed `buffer` *after* the XOR,
-    // so it decrypted plaintext-as-ciphertext and disagreed with everything -- which is at
-    // least the right failure (a rejection), but for a reason unrelated to any fault.
-    //
-    // Both buffers are allocated *before* any derivation, like `encrypt`'s and `decrypt`'s: the
-    // `?` here must not return through live key material. It did, while these two were
-    // allocated where they are used -- the same defect `encrypt` was fixed for, reintroduced by
-    // adding an allocation after the derivations.
-    #[cfg(feature = "ultra")]
-    let mut witness_ciphertext = alloc_zeroed(buffer.len())?;
-    #[cfg(feature = "ultra")]
-    let mut witness_plaintext = alloc_zeroed(buffer.len())?;
-
-    let mut k_in = [0u8; 32];
-    let mut k_out = [0u8; 32];
-    let mut enc_seed = [0u8; 32];
-    derive_material(key, nonce, &mut k_in, &mut k_out, &mut enc_seed);
-    let mut enc_key = [0u8; 32];
-    let mut enc_nonce = [0u8; 12];
-    derive_enc(&enc_seed, tag, &mut enc_key, &mut enc_nonce);
-
-    #[cfg(feature = "ultra")]
-    witness_ciphertext.copy_from_slice(buffer);
-
-    chacha20_apply(&enc_key, 0, &enc_nonce, &Input::InPlace, buffer);
-
-    let mut computed_tag = derive_tag(&k_in, &k_out, nonce, aad, buffer);
-    // `ultra`: the independent implementation recomputes the whole decryption from the
-    // ciphertext the caller still holds, and its agreement rides the existing gate rather than
-    // becoming a branch of its own -- a branch on a secret-derived comparison outside
-    // `accept_or_reject` is what `tests/ctgrind.supp` exists to forbid, and the first version
-    // of this did exactly that (seven memcheck reports against this crate, caught by
-    // `tools/ctgrind.sh --features ultra`). Riding the gate keeps one branch site, keeps it
-    // fail-closed, and keeps it audited.
-    #[cfg(feature = "ultra")]
-    let witness_ok: subtle::Choice = {
-        let mut witness_tag = witness::decrypt(
-            key,
-            nonce,
-            aad,
-            &witness_ciphertext,
-            tag,
-            &mut witness_plaintext,
-        );
-        let agree = witness_tag.ct_eq(&computed_tag) & witness_plaintext.ct_eq(buffer);
-        // All three are secret-derived (a MAC, the recovered plaintext, and the recovered
-        // ciphertext buffer); wiped like the rest of the copies in this function.
-        zeroize_array(&mut witness_tag);
-        zeroize_slice(&mut witness_plaintext);
-        zeroize_slice(&mut witness_ciphertext);
-        agree
-    };
-    // Constant `true` when `ultra` is off, so the gate below stays one expression; see the
-    // matching binding in `decrypt` for the reasoning (cargo-mutants does not read `cfg`).
-    #[cfg(all(not(feature = "ultra"), feature = "hardened"))]
-    let witness_ok: subtle::Choice = subtle::Choice::from(1);
-    // `ultra`/`dual-mac`, as in `decrypt`: an independent recomputation that must agree
-    // with both the stored value and the received tag.
-    #[cfg(feature = "dual-mac")]
-    let mut recomputed_tag = derive_tag(&k_in, &k_out, nonce, aad, buffer);
-    #[cfg(feature = "hardened")]
-    let gates = {
-        // See the matching block in `decrypt`: identical reasoning, and the same
-        // volatile re-read, so both entry points get a second gate that is a
-        // recomputation rather than a copy of the first.
-        let first = computed_tag.ct_eq(tag) & tag.ct_eq(&computed_tag);
-
-        // SAFETY: `computed_tag` is a live local, initialised and aligned for a
-        // `[u8; TAG_LEN]` read for the whole statement; nothing writes through the
-        // pointer, and a volatile read of live memory has no effect beyond being
-        // the read itself.
-        let mut computed_tag_copy = unsafe { core::ptr::read_volatile(&computed_tag) };
-        // SAFETY: as above, for the caller's reference: `tag` is a live `&[u8;
-        // TAG_LEN]` and this only reads through it, so aliasing rules hold.
-        let mut tag_copy = unsafe { core::ptr::read_volatile(tag) };
-        // The independent recomputation joins the second gate: it must match the
-        // stored value *and* the received tag, so a fault that corrupted the stored
-        // value (or a silently rewritten constant) is caught here even though both
-        // gate expressions read the same memory.
-        //
-        // `witness_ok` -- `ultra`'s independent-implementation agreement, a constant
-        // `true` in every other configuration -- is folded in *here*, on the one line
-        // that is compiled in all of them, rather than as a `#[cfg]`-selected copy of the
-        // gate below. `cargo mutants` does not evaluate `cfg`: a copy that is not compiled
-        // in a given run reads there as an uncaught mutant, and the `&`s it contains are
-        // then either reported as gaps that are not gaps or (worse) lose their coverage
-        // silently. Measured when this was three arms: six MISSED mutants.
-        let gate_pair = second_gate_comparison(&computed_tag_copy, &tag_copy) & witness_ok;
-        #[cfg(feature = "dual-mac")]
-        let second = gate_pair & recomputed_tag.ct_eq(&computed_tag) & recomputed_tag.ct_eq(tag);
-        #[cfg(not(feature = "dual-mac"))]
-        let second = gate_pair;
-
-        // The copies are secret-derived (they are the computed MAC), so they are
-        // wiped like every other copy in this function rather than left in the
-        // frame of the `hardened` build.
-        zeroize_array(&mut computed_tag_copy);
-        zeroize_array(&mut tag_copy);
-
-        (first, second)
-    };
-    #[cfg(not(feature = "hardened"))]
-    let auth_ok = computed_tag.ct_eq(tag);
-
-    zeroize_array(&mut k_in);
-    zeroize_array(&mut k_out);
-    zeroize_array(&mut enc_seed);
-    zeroize_array(&mut enc_key);
-    // The per-message ChaCha20 nonce is secret-derived too (it comes out of
-    // the same XOF call as `enc_key`), so it is wiped with the rest rather
-    // than left on the stack.
-    zeroize_array(&mut enc_nonce);
-    zeroize_array(&mut computed_tag);
-    // The independent recomputation is the computed MAC too, so it is wiped like the
-    // rest -- `tests/ultra.rs` asserts this, which is how the omission was found.
-    #[cfg(feature = "dual-mac")]
-    zeroize_array(&mut recomputed_tag);
-
-    // As in `decrypt`: two rejections written first, and two serial checks, so a fault
-    // that skips the call or corrupts one outcome cannot accept.
-    #[cfg(feature = "dual-mac")]
-    scrub_stack();
-
-    let mut decision0: Result<(), Error> = Err(Error::AuthenticationFailed);
-    let mut decision1: Result<(), Error> = Err(Error::AuthenticationFailed);
-    #[cfg(not(feature = "hardened"))]
-    accept_or_reject(auth_ok, auth_ok, &mut decision0, &mut decision1);
-    #[cfg(feature = "hardened")]
-    accept_or_reject(gates.0, gates.1, &mut decision0, &mut decision1);
-
-    if decision0.is_err() {
-        zeroize_slice(buffer);
-        return Err(Error::AuthenticationFailed);
-    }
-    if decision1.is_err() {
-        zeroize_slice(buffer);
-        return Err(Error::AuthenticationFailed);
-    }
-    Ok(())
+    Ok(()) /* ~ changed by cargo-mutants ~ */
 }
 
 // ── ChaCha20 Primitive ────────────────────────────────────────────────
 
 /// Quarter round: (a, b, c, d) → (a', b', c', d')
 #[inline]
 fn qr(a: u32, b: u32, c: u32, d: u32) -> (u32, u32, u32, u32) {
     let a = a.wrapping_add(b);


*** /home/dev123/.rustup/toolchains/stable-x86_64-unknown-linux-gnu/bin/cargo test --no-run --verbose --package=xchacha20-blake3-siv@0.1.0 --features=ultra
       Fresh cfg-if v1.0.5
       Fresh unicode-ident v1.0.26
       Fresh version_check v0.9.5
       Fresh typenum v1.20.1
       Fresh autocfg v1.5.1
       Fresh zeroize v1.9.0
       Fresh find-msvc-tools v0.1.13
       Fresh shlex v2.0.1
       Fresh regex-syntax v0.8.11
       Fresh subtle v2.6.1
       Fresh either v1.18.0
       Fresh memchr v2.8.3
       Fresh clap_lex v1.1.1
       Fresh cpufeatures v0.2.17
       Fresh itoa v1.0.18
       Fresh plotters-backend v0.3.7
       Fresh ciborium-io v0.2.2
       Fresh anstyle v1.0.14
       Fresh opaque-debug v0.3.1
       Fresh bit-vec v0.8.0
       Fresh libc v0.2.189
       Fresh cc v1.4.7
       Fresh arrayvec v0.7.8
       Fresh regex-automata v0.4.18
       Fresh plotters-svg v0.3.7
       Fresh itertools v0.10.5
       Fresh clap_builder v4.6.7
       Fresh cpufeatures v0.3.1
       Fresh constant_time_eq v0.4.2
       Fresh same-file v1.0.6
       Fresh cast v0.3.0
       Fresh bit-set v0.8.0
       Fresh unarray v0.1.4
       Fresh oorandom v11.1.5
       Fresh once_cell v1.21.4
       Fresh bitflags v2.13.2
       Fresh anes v0.1.6
       Fresh proc-macro2 v1.0.107
       Fresh getrandom v0.2.17
       Fresh crossbeam-utils v0.8.23
       Fresh serde_core v1.0.229
       Fresh getrandom v0.3.4
       Fresh zmij v1.0.23
       Fresh clap v4.6.7
       Fresh is-terminal v0.4.17
       Fresh criterion-plot v0.5.0
       Fresh walkdir v2.5.0
       Fresh regex v1.13.1
       Fresh getrandom v0.4.3
       Fresh quote v1.0.47
       Fresh generic-array v0.14.7
       Fresh rand_core v0.6.4
       Fresh crossbeam-epoch v0.9.21
       Fresh rand_core v0.9.5
       Fresh num-traits v0.2.19
       Fresh serde_json v1.0.151
       Fresh syn v2.0.119
       Fresh crypto-common v0.1.7
       Fresh syn v3.0.6
       Fresh inout v0.1.4
       Fresh crossbeam-deque v0.8.8
       Fresh plotters v0.3.7
       Fresh rand_xorshift v0.4.0
       Fresh blake3 v1.8.7
       Fresh rand v0.9.5
       Fresh zerocopy-derive v0.8.57
       Fresh serde_derive v1.0.229
       Fresh rayon-core v1.13.0
       Fresh universal-hash v0.5.1
       Fresh cipher v0.4.4
       Fresh aead v0.5.2
       Dirty xchacha20-blake3-siv v0.1.0 (/tmp/cargo-mutants-XChaCha20-BLAKE3-SIV-ae1KVp.tmp): the file `src/lib.rs` has changed (1790972736.842995566s, 7s after last build at 1790972729.990997543s)
   Compiling xchacha20-blake3-siv v0.1.0 (/tmp/cargo-mutants-XChaCha20-BLAKE3-SIV-ae1KVp.tmp)
       Fresh zerocopy v0.8.57
       Fresh serde v1.0.229
       Fresh rayon v1.12.0
       Fresh chacha20 v0.9.1
       Fresh poly1305 v0.8.0
       Fresh half v2.7.1
       Fresh ppv-lite86 v0.2.21
       Fresh tinytemplate v1.2.1
       Fresh chacha20poly1305 v0.10.1
       Fresh ciborium-ll v0.2.2
       Fresh rand_chacha v0.9.0
       Fresh ciborium v0.2.2
       Fresh proptest v1.11.0
       Fresh criterion v0.5.1
     Running `/home/dev123/.rustup/toolchains/stable-x86_64-unknown-linux-gnu/bin/rustc --crate-name xchacha20_blake3_siv --edition=2021 src/lib.rs --error-format=json --json=diagnostic-rendered-ansi,artifacts,future-incompat --emit=dep-info,link -C embed-bitcode=no -C debuginfo=2 --warn=unexpected_cfgs '--deny=clippy::undocumented_unsafe_blocks' --check-cfg 'cfg(kani)' --test --cfg 'feature="default"' --cfg 'feature="dual-mac"' --cfg 'feature="hardened"' --cfg 'feature="locked"' --cfg 'feature="rng"' --cfg 'feature="ultra"' --check-cfg 'cfg(docsrs,test)' --check-cfg 'cfg(feature, values("default", "dual-mac", "hardened", "locked", "pure", "rng", "ultra"))' -C metadata=39385fdec308a427 -C extra-filename=-45e61473efc05b82 --out-dir /tmp/cargo-mutants-XChaCha20-BLAKE3-SIV-ae1KVp.tmp/target/debug/deps -C incremental=/tmp/cargo-mutants-XChaCha20-BLAKE3-SIV-ae1KVp.tmp/target/debug/incremental -L dependency=/tmp/cargo-mutants-XChaCha20-BLAKE3-SIV-ae1KVp.tmp/target/debug/deps --extern aead=/tmp/cargo-mutants-XChaCha20-BLAKE3-SIV-ae1KVp.tmp/target/debug/deps/libaead-15f867564fd89215.rlib --extern blake3=/tmp/cargo-mutants-XChaCha20-BLAKE3-SIV-ae1KVp.tmp/target/debug/deps/libblake3-f8715a0be2228f6c.rlib --extern chacha20poly1305=/tmp/cargo-mutants-XChaCha20-BLAKE3-SIV-ae1KVp.tmp/target/debug/deps/libchacha20poly1305-4bd1b2516f5448bb.rlib --extern criterion=/tmp/cargo-mutants-XChaCha20-BLAKE3-SIV-ae1KVp.tmp/target/debug/deps/libcriterion-7a3675e7698ab10d.rlib --extern getrandom=/tmp/cargo-mutants-XChaCha20-BLAKE3-SIV-ae1KVp.tmp/target/debug/deps/libgetrandom-9866c91ed7f9cbc5.rlib --extern proptest=/tmp/cargo-mutants-XChaCha20-BLAKE3-SIV-ae1KVp.tmp/target/debug/deps/libproptest-35af120c880ec346.rlib --extern subtle=/tmp/cargo-mutants-XChaCha20-BLAKE3-SIV-ae1KVp.tmp/target/debug/deps/libsubtle-55f702608e37091d.rlib --extern zeroize=/tmp/cargo-mutants-XChaCha20-BLAKE3-SIV-ae1KVp.tmp/target/debug/deps/libzeroize-5087b20aec4f24d3.rlib -L native=/tmp/cargo-mutants-XChaCha20-BLAKE3-SIV-ae1KVp.tmp/target/debug/build/blake3-db6c4b796fede836/out -L native=/tmp/cargo-mutants-XChaCha20-BLAKE3-SIV-ae1KVp.tmp/target/debug/build/blake3-db6c4b796fede836/out`
     Running `/home/dev123/.rustup/toolchains/stable-x86_64-unknown-linux-gnu/bin/rustc --crate-name xchacha20_blake3_siv --edition=2021 src/lib.rs --error-format=json --json=diagnostic-rendered-ansi,artifacts,future-incompat --crate-type lib --emit=dep-info,metadata,link -C embed-bitcode=no -C debuginfo=2 --warn=unexpected_cfgs '--deny=clippy::undocumented_unsafe_blocks' --check-cfg 'cfg(kani)' --cfg 'feature="default"' --cfg 'feature="dual-mac"' --cfg 'feature="hardened"' --cfg 'feature="locked"' --cfg 'feature="rng"' --cfg 'feature="ultra"' --check-cfg 'cfg(docsrs,test)' --check-cfg 'cfg(feature, values("default", "dual-mac", "hardened", "locked", "pure", "rng", "ultra"))' -C metadata=fc930f39abf48bb4 -C extra-filename=-fb895ea41bd66d7f --out-dir /tmp/cargo-mutants-XChaCha20-BLAKE3-SIV-ae1KVp.tmp/target/debug/deps -C incremental=/tmp/cargo-mutants-XChaCha20-BLAKE3-SIV-ae1KVp.tmp/target/debug/incremental -L dependency=/tmp/cargo-mutants-XChaCha20-BLAKE3-SIV-ae1KVp.tmp/target/debug/deps --extern blake3=/tmp/cargo-mutants-XChaCha20-BLAKE3-SIV-ae1KVp.tmp/target/debug/deps/libblake3-f8715a0be2228f6c.rmeta --extern getrandom=/tmp/cargo-mutants-XChaCha20-BLAKE3-SIV-ae1KVp.tmp/target/debug/deps/libgetrandom-9866c91ed7f9cbc5.rmeta --extern subtle=/tmp/cargo-mutants-XChaCha20-BLAKE3-SIV-ae1KVp.tmp/target/debug/deps/libsubtle-55f702608e37091d.rmeta --extern zeroize=/tmp/cargo-mutants-XChaCha20-BLAKE3-SIV-ae1KVp.tmp/target/debug/deps/libzeroize-5087b20aec4f24d3.rmeta -L native=/tmp/cargo-mutants-XChaCha20-BLAKE3-SIV-ae1KVp.tmp/target/debug/build/blake3-db6c4b796fede836/out -L native=/tmp/cargo-mutants-XChaCha20-BLAKE3-SIV-ae1KVp.tmp/target/debug/build/blake3-db6c4b796fede836/out`
warning: unused variable: `key`
    --> src/lib.rs:2709:5
     |
2709 |     key: &[u8; 32],
     |     ^^^ help: if this is intentional, prefix it with an underscore: `_key`
     |
     = note: `#[warn(unused_variables)]` (part of `#[warn(unused)]`) on by default

warning: unused variable: `nonce`
    --> src/lib.rs:2710:5
     |
2710 |     nonce: &[u8; NONCE_LEN],
     |     ^^^^^ help: if this is intentional, prefix it with an underscore: `_nonce`

warning: unused variable: `aad`
    --> src/lib.rs:2711:5
     |
2711 |     aad: &[u8],
     |     ^^^ help: if this is intentional, prefix it with an underscore: `_aad`

warning: unused variable: `buffer`
    --> src/lib.rs:2712:5
     |
2712 |     buffer: &mut [u8],
     |     ^^^^^^ help: if this is intentional, prefix it with an underscore: `_buffer`

warning: unused variable: `tag`
    --> src/lib.rs:2713:5
     |
2713 |     tag: &[u8; TAG_LEN],
     |     ^^^ help: if this is intentional, prefix it with an underscore: `_tag`

warning: `xchacha20-blake3-siv` (lib) generated 5 warnings (run `cargo fix --lib -p xchacha20-blake3-siv` to apply 5 suggestions)
     Running `/home/dev123/.rustup/toolchains/stable-x86_64-unknown-linux-gnu/bin/rustc --crate-name timing --edition=2021 tests/timing.rs --error-format=json --json=diagnostic-rendered-ansi,artifacts,future-incompat --emit=dep-info,link -C embed-bitcode=no -C debuginfo=2 --warn=unexpected_cfgs '--deny=clippy::undocumented_unsafe_blocks' --check-cfg 'cfg(kani)' --test --cfg 'feature="default"' --cfg 'feature="dual-mac"' --cfg 'feature="hardened"' --cfg 'feature="locked"' --cfg 'feature="rng"' --cfg 'feature="ultra"' --check-cfg 'cfg(docsrs,test)' --check-cfg 'cfg(feature, values("default", "dual-mac", "hardened", "locked", "pure", "rng", "ultra"))' -C metadata=ed3d9a2382451c9f -C extra-filename=-eb910d27f532bdfb --out-dir /tmp/cargo-mutants-XChaCha20-BLAKE3-SIV-ae1KVp.tmp/target/debug/deps -C incremental=/tmp/cargo-mutants-XChaCha20-BLAKE3-SIV-ae1KVp.tmp/target/debug/incremental -L dependency=/tmp/cargo-mutants-XChaCha20-BLAKE3-SIV-ae1KVp.tmp/target/debug/deps --extern aead=/tmp/cargo-mutants-XChaCha20-BLAKE3-SIV-ae1KVp.tmp/target/debug/deps/libaead-15f867564fd89215.rlib --extern blake3=/tmp/cargo-mutants-XChaCha20-BLAKE3-SIV-ae1KVp.tmp/target/debug/deps/libblake3-f8715a0be2228f6c.rlib --extern chacha20poly1305=/tmp/cargo-mutants-XChaCha20-BLAKE3-SIV-ae1KVp.tmp/target/debug/deps/libchacha20poly1305-4bd1b2516f5448bb.rlib --extern criterion=/tmp/cargo-mutants-XChaCha20-BLAKE3-SIV-ae1KVp.tmp/target/debug/deps/libcriterion-7a3675e7698ab10d.rlib --extern getrandom=/tmp/cargo-mutants-XChaCha20-BLAKE3-SIV-ae1KVp.tmp/target/debug/deps/libgetrandom-9866c91ed7f9cbc5.rlib --extern proptest=/tmp/cargo-mutants-XChaCha20-BLAKE3-SIV-ae1KVp.tmp/target/debug/deps/libproptest-35af120c880ec346.rlib --extern subtle=/tmp/cargo-mutants-XChaCha20-BLAKE3-SIV-ae1KVp.tmp/target/debug/deps/libsubtle-55f702608e37091d.rlib --extern xchacha20_blake3_siv=/tmp/cargo-mutants-XChaCha20-BLAKE3-SIV-ae1KVp.tmp/target/debug/deps/libxchacha20_blake3_siv-fb895ea41bd66d7f.rlib --extern zeroize=/tmp/cargo-mutants-XChaCha20-BLAKE3-SIV-ae1KVp.tmp/target/debug/deps/libzeroize-5087b20aec4f24d3.rlib -L native=/tmp/cargo-mutants-XChaCha20-BLAKE3-SIV-ae1KVp.tmp/target/debug/build/blake3-db6c4b796fede836/out -L native=/tmp/cargo-mutants-XChaCha20-BLAKE3-SIV-ae1KVp.tmp/target/debug/build/blake3-db6c4b796fede836/out`
     Running `/home/dev123/.rustup/toolchains/stable-x86_64-unknown-linux-gnu/bin/rustc --crate-name locked --edition=2021 tests/locked.rs --error-format=json --json=diagnostic-rendered-ansi,artifacts,future-incompat --emit=dep-info,link -C embed-bitcode=no -C debuginfo=2 --warn=unexpected_cfgs '--deny=clippy::undocumented_unsafe_blocks' --check-cfg 'cfg(kani)' --test --cfg 'feature="default"' --cfg 'feature="dual-mac"' --cfg 'feature="hardened"' --cfg 'feature="locked"' --cfg 'feature="rng"' --cfg 'feature="ultra"' --check-cfg 'cfg(docsrs,test)' --check-cfg 'cfg(feature, values("default", "dual-mac", "hardened", "locked", "pure", "rng", "ultra"))' -C metadata=1146c0b712276552 -C extra-filename=-ba8d2dda46ccb96e --out-dir /tmp/cargo-mutants-XChaCha20-BLAKE3-SIV-ae1KVp.tmp/target/debug/deps -C incremental=/tmp/cargo-mutants-XChaCha20-BLAKE3-SIV-ae1KVp.tmp/target/debug/incremental -L dependency=/tmp/cargo-mutants-XChaCha20-BLAKE3-SIV-ae1KVp.tmp/target/debug/deps --extern aead=/tmp/cargo-mutants-XChaCha20-BLAKE3-SIV-ae1KVp.tmp/target/debug/deps/libaead-15f867564fd89215.rlib --extern blake3=/tmp/cargo-mutants-XChaCha20-BLAKE3-SIV-ae1KVp.tmp/target/debug/deps/libblake3-f8715a0be2228f6c.rlib --extern chacha20poly1305=/tmp/cargo-mutants-XChaCha20-BLAKE3-SIV-ae1KVp.tmp/target/debug/deps/libchacha20poly1305-4bd1b2516f5448bb.rlib --extern criterion=/tmp/cargo-mutants-XChaCha20-BLAKE3-SIV-ae1KVp.tmp/target/debug/deps/libcriterion-7a3675e7698ab10d.rlib --extern getrandom=/tmp/cargo-mutants-XChaCha20-BLAKE3-SIV-ae1KVp.tmp/target/debug/deps/libgetrandom-9866c91ed7f9cbc5.rlib --extern proptest=/tmp/cargo-mutants-XChaCha20-BLAKE3-SIV-ae1KVp.tmp/target/debug/deps/libproptest-35af120c880ec346.rlib --extern subtle=/tmp/cargo-mutants-XChaCha20-BLAKE3-SIV-ae1KVp.tmp/target/debug/deps/libsubtle-55f702608e37091d.rlib --extern xchacha20_blake3_siv=/tmp/cargo-mutants-XChaCha20-BLAKE3-SIV-ae1KVp.tmp/target/debug/deps/libxchacha20_blake3_siv-fb895ea41bd66d7f.rlib --extern zeroize=/tmp/cargo-mutants-XChaCha20-BLAKE3-SIV-ae1KVp.tmp/target/debug/deps/libzeroize-5087b20aec4f24d3.rlib -L native=/tmp/cargo-mutants-XChaCha20-BLAKE3-SIV-ae1KVp.tmp/target/debug/build/blake3-db6c4b796fede836/out -L native=/tmp/cargo-mutants-XChaCha20-BLAKE3-SIV-ae1KVp.tmp/target/debug/build/blake3-db6c4b796fede836/out`
     Running `/home/dev123/.rustup/toolchains/stable-x86_64-unknown-linux-gnu/bin/rustc --crate-name mac_commitment --edition=2021 tests/mac_commitment.rs --error-format=json --json=diagnostic-rendered-ansi,artifacts,future-incompat --emit=dep-info,link -C embed-bitcode=no -C debuginfo=2 --warn=unexpected_cfgs '--deny=clippy::undocumented_unsafe_blocks' --check-cfg 'cfg(kani)' --test --cfg 'feature="default"' --cfg 'feature="dual-mac"' --cfg 'feature="hardened"' --cfg 'feature="locked"' --cfg 'feature="rng"' --cfg 'feature="ultra"' --check-cfg 'cfg(docsrs,test)' --check-cfg 'cfg(feature, values("default", "dual-mac", "hardened", "locked", "pure", "rng", "ultra"))' -C metadata=e04ac89e048f7148 -C extra-filename=-017e2fbfe28c004e --out-dir /tmp/cargo-mutants-XChaCha20-BLAKE3-SIV-ae1KVp.tmp/target/debug/deps -C incremental=/tmp/cargo-mutants-XChaCha20-BLAKE3-SIV-ae1KVp.tmp/target/debug/incremental -L dependency=/tmp/cargo-mutants-XChaCha20-BLAKE3-SIV-ae1KVp.tmp/target/debug/deps --extern aead=/tmp/cargo-mutants-XChaCha20-BLAKE3-SIV-ae1KVp.tmp/target/debug/deps/libaead-15f867564fd89215.rlib --extern blake3=/tmp/cargo-mutants-XChaCha20-BLAKE3-SIV-ae1KVp.tmp/target/debug/deps/libblake3-f8715a0be2228f6c.rlib --extern chacha20poly1305=/tmp/cargo-mutants-XChaCha20-BLAKE3-SIV-ae1KVp.tmp/target/debug/deps/libchacha20poly1305-4bd1b2516f5448bb.rlib --extern criterion=/tmp/cargo-mutants-XChaCha20-BLAKE3-SIV-ae1KVp.tmp/target/debug/deps/libcriterion-7a3675e7698ab10d.rlib --extern getrandom=/tmp/cargo-mutants-XChaCha20-BLAKE3-SIV-ae1KVp.tmp/target/debug/deps/libgetrandom-9866c91ed7f9cbc5.rlib --extern proptest=/tmp/cargo-mutants-XChaCha20-BLAKE3-SIV-ae1KVp.tmp/target/debug/deps/libproptest-35af120c880ec346.rlib --extern subtle=/tmp/cargo-mutants-XChaCha20-BLAKE3-SIV-ae1KVp.tmp/target/debug/deps/libsubtle-55f702608e37091d.rlib --extern xchacha20_blake3_siv=/tmp/cargo-mutants-XChaCha20-BLAKE3-SIV-ae1KVp.tmp/target/debug/deps/libxchacha20_blake3_siv-fb895ea41bd66d7f.rlib --extern zeroize=/tmp/cargo-mutants-XChaCha20-BLAKE3-SIV-ae1KVp.tmp/target/debug/deps/libzeroize-5087b20aec4f24d3.rlib -L native=/tmp/cargo-mutants-XChaCha20-BLAKE3-SIV-ae1KVp.tmp/target/debug/build/blake3-db6c4b796fede836/out -L native=/tmp/cargo-mutants-XChaCha20-BLAKE3-SIV-ae1KVp.tmp/target/debug/build/blake3-db6c4b796fede836/out`
     Running `/home/dev123/.rustup/toolchains/stable-x86_64-unknown-linux-gnu/bin/rustc --crate-name bench_aead --edition=2021 examples/bench_aead.rs --error-format=json --json=diagnostic-rendered-ansi,artifacts,future-incompat --crate-type bin --emit=dep-info,link -C embed-bitcode=no -C debuginfo=2 --warn=unexpected_cfgs '--deny=clippy::undocumented_unsafe_blocks' --check-cfg 'cfg(kani)' --cfg 'feature="default"' --cfg 'feature="dual-mac"' --cfg 'feature="hardened"' --cfg 'feature="locked"' --cfg 'feature="rng"' --cfg 'feature="ultra"' --check-cfg 'cfg(docsrs,test)' --check-cfg 'cfg(feature, values("default", "dual-mac", "hardened", "locked", "pure", "rng", "ultra"))' -C metadata=7602cf2539c82fb3 -C extra-filename=-3e9d58aed99f5e7b --out-dir /tmp/cargo-mutants-XChaCha20-BLAKE3-SIV-ae1KVp.tmp/target/debug/examples -C incremental=/tmp/cargo-mutants-XChaCha20-BLAKE3-SIV-ae1KVp.tmp/target/debug/incremental -L dependency=/tmp/cargo-mutants-XChaCha20-BLAKE3-SIV-ae1KVp.tmp/target/debug/deps --extern aead=/tmp/cargo-mutants-XChaCha20-BLAKE3-SIV-ae1KVp.tmp/target/debug/deps/libaead-15f867564fd89215.rlib --extern blake3=/tmp/cargo-mutants-XChaCha20-BLAKE3-SIV-ae1KVp.tmp/target/debug/deps/libblake3-f8715a0be2228f6c.rlib --extern chacha20poly1305=/tmp/cargo-mutants-XChaCha20-BLAKE3-SIV-ae1KVp.tmp/target/debug/deps/libchacha20poly1305-4bd1b2516f5448bb.rlib --extern criterion=/tmp/cargo-mutants-XChaCha20-BLAKE3-SIV-ae1KVp.tmp/target/debug/deps/libcriterion-7a3675e7698ab10d.rlib --extern getrandom=/tmp/cargo-mutants-XChaCha20-BLAKE3-SIV-ae1KVp.tmp/target/debug/deps/libgetrandom-9866c91ed7f9cbc5.rlib --extern proptest=/tmp/cargo-mutants-XChaCha20-BLAKE3-SIV-ae1KVp.tmp/target/debug/deps/libproptest-35af120c880ec346.rlib --extern subtle=/tmp/cargo-mutants-XChaCha20-BLAKE3-SIV-ae1KVp.tmp/target/debug/deps/libsubtle-55f702608e37091d.rlib --extern xchacha20_blake3_siv=/tmp/cargo-mutants-XChaCha20-BLAKE3-SIV-ae1KVp.tmp/target/debug/deps/libxchacha20_blake3_siv-fb895ea41bd66d7f.rlib --extern zeroize=/tmp/cargo-mutants-XChaCha20-BLAKE3-SIV-ae1KVp.tmp/target/debug/deps/libzeroize-5087b20aec4f24d3.rlib -L native=/tmp/cargo-mutants-XChaCha20-BLAKE3-SIV-ae1KVp.tmp/target/debug/build/blake3-db6c4b796fede836/out -L native=/tmp/cargo-mutants-XChaCha20-BLAKE3-SIV-ae1KVp.tmp/target/debug/build/blake3-db6c4b796fede836/out`
     Running `/home/dev123/.rustup/toolchains/stable-x86_64-unknown-linux-gnu/bin/rustc --crate-name decision --edition=2021 tests/decision.rs --error-format=json --json=diagnostic-rendered-ansi,artifacts,future-incompat --emit=dep-info,link -C embed-bitcode=no -C debuginfo=2 --warn=unexpected_cfgs '--deny=clippy::undocumented_unsafe_blocks' --check-cfg 'cfg(kani)' --test --cfg 'feature="default"' --cfg 'feature="dual-mac"' --cfg 'feature="hardened"' --cfg 'feature="locked"' --cfg 'feature="rng"' --cfg 'feature="ultra"' --check-cfg 'cfg(docsrs,test)' --check-cfg 'cfg(feature, values("default", "dual-mac", "hardened", "locked", "pure", "rng", "ultra"))' -C metadata=3a7b9401c8b468fe -C extra-filename=-315d06860d62c4a9 --out-dir /tmp/cargo-mutants-XChaCha20-BLAKE3-SIV-ae1KVp.tmp/target/debug/deps -C incremental=/tmp/cargo-mutants-XChaCha20-BLAKE3-SIV-ae1KVp.tmp/target/debug/incremental -L dependency=/tmp/cargo-mutants-XChaCha20-BLAKE3-SIV-ae1KVp.tmp/target/debug/deps --extern aead=/tmp/cargo-mutants-XChaCha20-BLAKE3-SIV-ae1KVp.tmp/target/debug/deps/libaead-15f867564fd89215.rlib --extern blake3=/tmp/cargo-mutants-XChaCha20-BLAKE3-SIV-ae1KVp.tmp/target/debug/deps/libblake3-f8715a0be2228f6c.rlib --extern chacha20poly1305=/tmp/cargo-mutants-XChaCha20-BLAKE3-SIV-ae1KVp.tmp/target/debug/deps/libchacha20poly1305-4bd1b2516f5448bb.rlib --extern criterion=/tmp/cargo-mutants-XChaCha20-BLAKE3-SIV-ae1KVp.tmp/target/debug/deps/libcriterion-7a3675e7698ab10d.rlib --extern getrandom=/tmp/cargo-mutants-XChaCha20-BLAKE3-SIV-ae1KVp.tmp/target/debug/deps/libgetrandom-9866c91ed7f9cbc5.rlib --extern proptest=/tmp/cargo-mutants-XChaCha20-BLAKE3-SIV-ae1KVp.tmp/target/debug/deps/libproptest-35af120c880ec346.rlib --extern subtle=/tmp/cargo-mutants-XChaCha20-BLAKE3-SIV-ae1KVp.tmp/target/debug/deps/libsubtle-55f702608e37091d.rlib --extern xchacha20_blake3_siv=/tmp/cargo-mutants-XChaCha20-BLAKE3-SIV-ae1KVp.tmp/target/debug/deps/libxchacha20_blake3_siv-fb895ea41bd66d7f.rlib --extern zeroize=/tmp/cargo-mutants-XChaCha20-BLAKE3-SIV-ae1KVp.tmp/target/debug/deps/libzeroize-5087b20aec4f24d3.rlib -L native=/tmp/cargo-mutants-XChaCha20-BLAKE3-SIV-ae1KVp.tmp/target/debug/build/blake3-db6c4b796fede836/out -L native=/tmp/cargo-mutants-XChaCha20-BLAKE3-SIV-ae1KVp.tmp/target/debug/build/blake3-db6c4b796fede836/out`
     Running `/home/dev123/.rustup/toolchains/stable-x86_64-unknown-linux-gnu/bin/rustc --crate-name ctgrind --edition=2021 tests/ctgrind.rs --error-format=json --json=diagnostic-rendered-ansi,artifacts,future-incompat --emit=dep-info,link -C embed-bitcode=no -C debuginfo=2 --warn=unexpected_cfgs '--deny=clippy::undocumented_unsafe_blocks' --check-cfg 'cfg(kani)' --test --cfg 'feature="default"' --cfg 'feature="dual-mac"' --cfg 'feature="hardened"' --cfg 'feature="locked"' --cfg 'feature="rng"' --cfg 'feature="ultra"' --check-cfg 'cfg(docsrs,test)' --check-cfg 'cfg(feature, values("default", "dual-mac", "hardened", "locked", "pure", "rng", "ultra"))' -C metadata=9e96c0636759c88c -C extra-filename=-121466ee68bf8e3e --out-dir /tmp/cargo-mutants-XChaCha20-BLAKE3-SIV-ae1KVp.tmp/target/debug/deps -C incremental=/tmp/cargo-mutants-XChaCha20-BLAKE3-SIV-ae1KVp.tmp/target/debug/incremental -L dependency=/tmp/cargo-mutants-XChaCha20-BLAKE3-SIV-ae1KVp.tmp/target/debug/deps --extern aead=/tmp/cargo-mutants-XChaCha20-BLAKE3-SIV-ae1KVp.tmp/target/debug/deps/libaead-15f867564fd89215.rlib --extern blake3=/tmp/cargo-mutants-XChaCha20-BLAKE3-SIV-ae1KVp.tmp/target/debug/deps/libblake3-f8715a0be2228f6c.rlib --extern chacha20poly1305=/tmp/cargo-mutants-XChaCha20-BLAKE3-SIV-ae1KVp.tmp/target/debug/deps/libchacha20poly1305-4bd1b2516f5448bb.rlib --extern criterion=/tmp/cargo-mutants-XChaCha20-BLAKE3-SIV-ae1KVp.tmp/target/debug/deps/libcriterion-7a3675e7698ab10d.rlib --extern getrandom=/tmp/cargo-mutants-XChaCha20-BLAKE3-SIV-ae1KVp.tmp/target/debug/deps/libgetrandom-9866c91ed7f9cbc5.rlib --extern proptest=/tmp/cargo-mutants-XChaCha20-BLAKE3-SIV-ae1KVp.tmp/target/debug/deps/libproptest-35af120c880ec346.rlib --extern subtle=/tmp/cargo-mutants-XChaCha20-BLAKE3-SIV-ae1KVp.tmp/target/debug/deps/libsubtle-55f702608e37091d.rlib --extern xchacha20_blake3_siv=/tmp/cargo-mutants-XChaCha20-BLAKE3-SIV-ae1KVp.tmp/target/debug/deps/libxchacha20_blake3_siv-fb895ea41bd66d7f.rlib --extern zeroize=/tmp/cargo-mutants-XChaCha20-BLAKE3-SIV-ae1KVp.tmp/target/debug/deps/libzeroize-5087b20aec4f24d3.rlib -L native=/tmp/cargo-mutants-XChaCha20-BLAKE3-SIV-ae1KVp.tmp/target/debug/build/blake3-db6c4b796fede836/out -L native=/tmp/cargo-mutants-XChaCha20-BLAKE3-SIV-ae1KVp.tmp/target/debug/build/blake3-db6c4b796fede836/out`
     Running `/home/dev123/.rustup/toolchains/stable-x86_64-unknown-linux-gnu/bin/rustc --crate-name threads --edition=2021 tests/threads.rs --error-format=json --json=diagnostic-rendered-ansi,artifacts,future-incompat --emit=dep-info,link -C embed-bitcode=no -C debuginfo=2 --warn=unexpected_cfgs '--deny=clippy::undocumented_unsafe_blocks' --check-cfg 'cfg(kani)' --test --cfg 'feature="default"' --cfg 'feature="dual-mac"' --cfg 'feature="hardened"' --cfg 'feature="locked"' --cfg 'feature="rng"' --cfg 'feature="ultra"' --check-cfg 'cfg(docsrs,test)' --check-cfg 'cfg(feature, values("default", "dual-mac", "hardened", "locked", "pure", "rng", "ultra"))' -C metadata=10f875879f979ad6 -C extra-filename=-794f98b6b8258ef5 --out-dir /tmp/cargo-mutants-XChaCha20-BLAKE3-SIV-ae1KVp.tmp/target/debug/deps -C incremental=/tmp/cargo-mutants-XChaCha20-BLAKE3-SIV-ae1KVp.tmp/target/debug/incremental -L dependency=/tmp/cargo-mutants-XChaCha20-BLAKE3-SIV-ae1KVp.tmp/target/debug/deps --extern aead=/tmp/cargo-mutants-XChaCha20-BLAKE3-SIV-ae1KVp.tmp/target/debug/deps/libaead-15f867564fd89215.rlib --extern blake3=/tmp/cargo-mutants-XChaCha20-BLAKE3-SIV-ae1KVp.tmp/target/debug/deps/libblake3-f8715a0be2228f6c.rlib --extern chacha20poly1305=/tmp/cargo-mutants-XChaCha20-BLAKE3-SIV-ae1KVp.tmp/target/debug/deps/libchacha20poly1305-4bd1b2516f5448bb.rlib --extern criterion=/tmp/cargo-mutants-XChaCha20-BLAKE3-SIV-ae1KVp.tmp/target/debug/deps/libcriterion-7a3675e7698ab10d.rlib --extern getrandom=/tmp/cargo-mutants-XChaCha20-BLAKE3-SIV-ae1KVp.tmp/target/debug/deps/libgetrandom-9866c91ed7f9cbc5.rlib --extern proptest=/tmp/cargo-mutants-XChaCha20-BLAKE3-SIV-ae1KVp.tmp/target/debug/deps/libproptest-35af120c880ec346.rlib --extern subtle=/tmp/cargo-mutants-XChaCha20-BLAKE3-SIV-ae1KVp.tmp/target/debug/deps/libsubtle-55f702608e37091d.rlib --extern xchacha20_blake3_siv=/tmp/cargo-mutants-XChaCha20-BLAKE3-SIV-ae1KVp.tmp/target/debug/deps/libxchacha20_blake3_siv-fb895ea41bd66d7f.rlib --extern zeroize=/tmp/cargo-mutants-XChaCha20-BLAKE3-SIV-ae1KVp.tmp/target/debug/deps/libzeroize-5087b20aec4f24d3.rlib -L native=/tmp/cargo-mutants-XChaCha20-BLAKE3-SIV-ae1KVp.tmp/target/debug/build/blake3-db6c4b796fede836/out -L native=/tmp/cargo-mutants-XChaCha20-BLAKE3-SIV-ae1KVp.tmp/target/debug/build/blake3-db6c4b796fede836/out`
     Running `/home/dev123/.rustup/toolchains/stable-x86_64-unknown-linux-gnu/bin/rustc --crate-name ultra --edition=2021 tests/ultra.rs --error-format=json --json=diagnostic-rendered-ansi,artifacts,future-incompat --emit=dep-info,link -C embed-bitcode=no -C debuginfo=2 --warn=unexpected_cfgs '--deny=clippy::undocumented_unsafe_blocks' --check-cfg 'cfg(kani)' --test --cfg 'feature="default"' --cfg 'feature="dual-mac"' --cfg 'feature="hardened"' --cfg 'feature="locked"' --cfg 'feature="rng"' --cfg 'feature="ultra"' --check-cfg 'cfg(docsrs,test)' --check-cfg 'cfg(feature, values("default", "dual-mac", "hardened", "locked", "pure", "rng", "ultra"))' -C metadata=ae72c95956155708 -C extra-filename=-5ccf0acb3a3933a7 --out-dir /tmp/cargo-mutants-XChaCha20-BLAKE3-SIV-ae1KVp.tmp/target/debug/deps -C incremental=/tmp/cargo-mutants-XChaCha20-BLAKE3-SIV-ae1KVp.tmp/target/debug/incremental -L dependency=/tmp/cargo-mutants-XChaCha20-BLAKE3-SIV-ae1KVp.tmp/target/debug/deps --extern aead=/tmp/cargo-mutants-XChaCha20-BLAKE3-SIV-ae1KVp.tmp/target/debug/deps/libaead-15f867564fd89215.rlib --extern blake3=/tmp/cargo-mutants-XChaCha20-BLAKE3-SIV-ae1KVp.tmp/target/debug/deps/libblake3-f8715a0be2228f6c.rlib --extern chacha20poly1305=/tmp/cargo-mutants-XChaCha20-BLAKE3-SIV-ae1KVp.tmp/target/debug/deps/libchacha20poly1305-4bd1b2516f5448bb.rlib --extern criterion=/tmp/cargo-mutants-XChaCha20-BLAKE3-SIV-ae1KVp.tmp/target/debug/deps/libcriterion-7a3675e7698ab10d.rlib --extern getrandom=/tmp/cargo-mutants-XChaCha20-BLAKE3-SIV-ae1KVp.tmp/target/debug/deps/libgetrandom-9866c91ed7f9cbc5.rlib --extern proptest=/tmp/cargo-mutants-XChaCha20-BLAKE3-SIV-ae1KVp.tmp/target/debug/deps/libproptest-35af120c880ec346.rlib --extern subtle=/tmp/cargo-mutants-XChaCha20-BLAKE3-SIV-ae1KVp.tmp/target/debug/deps/libsubtle-55f702608e37091d.rlib --extern xchacha20_blake3_siv=/tmp/cargo-mutants-XChaCha20-BLAKE3-SIV-ae1KVp.tmp/target/debug/deps/libxchacha20_blake3_siv-fb895ea41bd66d7f.rlib --extern zeroize=/tmp/cargo-mutants-XChaCha20-BLAKE3-SIV-ae1KVp.tmp/target/debug/deps/libzeroize-5087b20aec4f24d3.rlib -L native=/tmp/cargo-mutants-XChaCha20-BLAKE3-SIV-ae1KVp.tmp/target/debug/build/blake3-db6c4b796fede836/out -L native=/tmp/cargo-mutants-XChaCha20-BLAKE3-SIV-ae1KVp.tmp/target/debug/build/blake3-db6c4b796fede836/out`
     Running `/home/dev123/.rustup/toolchains/stable-x86_64-unknown-linux-gnu/bin/rustc --crate-name differential_reference --edition=2021 tests/differential_reference.rs --error-format=json --json=diagnostic-rendered-ansi,artifacts,future-incompat --emit=dep-info,link -C embed-bitcode=no -C debuginfo=2 --warn=unexpected_cfgs '--deny=clippy::undocumented_unsafe_blocks' --check-cfg 'cfg(kani)' --test --cfg 'feature="default"' --cfg 'feature="dual-mac"' --cfg 'feature="hardened"' --cfg 'feature="locked"' --cfg 'feature="rng"' --cfg 'feature="ultra"' --check-cfg 'cfg(docsrs,test)' --check-cfg 'cfg(feature, values("default", "dual-mac", "hardened", "locked", "pure", "rng", "ultra"))' -C metadata=c9703e3be77cefed -C extra-filename=-bc5fa570bf0ecdaa --out-dir /tmp/cargo-mutants-XChaCha20-BLAKE3-SIV-ae1KVp.tmp/target/debug/deps -C incremental=/tmp/cargo-mutants-XChaCha20-BLAKE3-SIV-ae1KVp.tmp/target/debug/incremental -L dependency=/tmp/cargo-mutants-XChaCha20-BLAKE3-SIV-ae1KVp.tmp/target/debug/deps --extern aead=/tmp/cargo-mutants-XChaCha20-BLAKE3-SIV-ae1KVp.tmp/target/debug/deps/libaead-15f867564fd89215.rlib --extern blake3=/tmp/cargo-mutants-XChaCha20-BLAKE3-SIV-ae1KVp.tmp/target/debug/deps/libblake3-f8715a0be2228f6c.rlib --extern chacha20poly1305=/tmp/cargo-mutants-XChaCha20-BLAKE3-SIV-ae1KVp.tmp/target/debug/deps/libchacha20poly1305-4bd1b2516f5448bb.rlib --extern criterion=/tmp/cargo-mutants-XChaCha20-BLAKE3-SIV-ae1KVp.tmp/target/debug/deps/libcriterion-7a3675e7698ab10d.rlib --extern getrandom=/tmp/cargo-mutants-XChaCha20-BLAKE3-SIV-ae1KVp.tmp/target/debug/deps/libgetrandom-9866c91ed7f9cbc5.rlib --extern proptest=/tmp/cargo-mutants-XChaCha20-BLAKE3-SIV-ae1KVp.tmp/target/debug/deps/libproptest-35af120c880ec346.rlib --extern subtle=/tmp/cargo-mutants-XChaCha20-BLAKE3-SIV-ae1KVp.tmp/target/debug/deps/libsubtle-55f702608e37091d.rlib --extern xchacha20_blake3_siv=/tmp/cargo-mutants-XChaCha20-BLAKE3-SIV-ae1KVp.tmp/target/debug/deps/libxchacha20_blake3_siv-fb895ea41bd66d7f.rlib --extern zeroize=/tmp/cargo-mutants-XChaCha20-BLAKE3-SIV-ae1KVp.tmp/target/debug/deps/libzeroize-5087b20aec4f24d3.rlib -L native=/tmp/cargo-mutants-XChaCha20-BLAKE3-SIV-ae1KVp.tmp/target/debug/build/blake3-db6c4b796fede836/out -L native=/tmp/cargo-mutants-XChaCha20-BLAKE3-SIV-ae1KVp.tmp/target/debug/build/blake3-db6c4b796fede836/out`
     Running `/home/dev123/.rustup/toolchains/stable-x86_64-unknown-linux-gnu/bin/rustc --crate-name xsiv_stdin --edition=2021 examples/xsiv_stdin.rs --error-format=json --json=diagnostic-rendered-ansi,artifacts,future-incompat --crate-type bin --emit=dep-info,link -C embed-bitcode=no -C debuginfo=2 --warn=unexpected_cfgs '--deny=clippy::undocumented_unsafe_blocks' --check-cfg 'cfg(kani)' --cfg 'feature="default"' --cfg 'feature="dual-mac"' --cfg 'feature="hardened"' --cfg 'feature="locked"' --cfg 'feature="rng"' --cfg 'feature="ultra"' --check-cfg 'cfg(docsrs,test)' --check-cfg 'cfg(feature, values("default", "dual-mac", "hardened", "locked", "pure", "rng", "ultra"))' -C metadata=27d604acb890686f -C extra-filename=-eeaef911c01e6f06 --out-dir /tmp/cargo-mutants-XChaCha20-BLAKE3-SIV-ae1KVp.tmp/target/debug/examples -C incremental=/tmp/cargo-mutants-XChaCha20-BLAKE3-SIV-ae1KVp.tmp/target/debug/incremental -L dependency=/tmp/cargo-mutants-XChaCha20-BLAKE3-SIV-ae1KVp.tmp/target/debug/deps --extern aead=/tmp/cargo-mutants-XChaCha20-BLAKE3-SIV-ae1KVp.tmp/target/debug/deps/libaead-15f867564fd89215.rlib --extern blake3=/tmp/cargo-mutants-XChaCha20-BLAKE3-SIV-ae1KVp.tmp/target/debug/deps/libblake3-f8715a0be2228f6c.rlib --extern chacha20poly1305=/tmp/cargo-mutants-XChaCha20-BLAKE3-SIV-ae1KVp.tmp/target/debug/deps/libchacha20poly1305-4bd1b2516f5448bb.rlib --extern criterion=/tmp/cargo-mutants-XChaCha20-BLAKE3-SIV-ae1KVp.tmp/target/debug/deps/libcriterion-7a3675e7698ab10d.rlib --extern getrandom=/tmp/cargo-mutants-XChaCha20-BLAKE3-SIV-ae1KVp.tmp/target/debug/deps/libgetrandom-9866c91ed7f9cbc5.rlib --extern proptest=/tmp/cargo-mutants-XChaCha20-BLAKE3-SIV-ae1KVp.tmp/target/debug/deps/libproptest-35af120c880ec346.rlib --extern subtle=/tmp/cargo-mutants-XChaCha20-BLAKE3-SIV-ae1KVp.tmp/target/debug/deps/libsubtle-55f702608e37091d.rlib --extern xchacha20_blake3_siv=/tmp/cargo-mutants-XChaCha20-BLAKE3-SIV-ae1KVp.tmp/target/debug/deps/libxchacha20_blake3_siv-fb895ea41bd66d7f.rlib --extern zeroize=/tmp/cargo-mutants-XChaCha20-BLAKE3-SIV-ae1KVp.tmp/target/debug/deps/libzeroize-5087b20aec4f24d3.rlib -L native=/tmp/cargo-mutants-XChaCha20-BLAKE3-SIV-ae1KVp.tmp/target/debug/build/blake3-db6c4b796fede836/out -L native=/tmp/cargo-mutants-XChaCha20-BLAKE3-SIV-ae1KVp.tmp/target/debug/build/blake3-db6c4b796fede836/out`
     Running `/home/dev123/.rustup/toolchains/stable-x86_64-unknown-linux-gnu/bin/rustc --crate-name construction_inventory --edition=2021 tests/construction_inventory.rs --error-format=json --json=diagnostic-rendered-ansi,artifacts,future-incompat --emit=dep-info,link -C embed-bitcode=no -C debuginfo=2 --warn=unexpected_cfgs '--deny=clippy::undocumented_unsafe_blocks' --check-cfg 'cfg(kani)' --test --cfg 'feature="default"' --cfg 'feature="dual-mac"' --cfg 'feature="hardened"' --cfg 'feature="locked"' --cfg 'feature="rng"' --cfg 'feature="ultra"' --check-cfg 'cfg(docsrs,test)' --check-cfg 'cfg(feature, values("default", "dual-mac", "hardened", "locked", "pure", "rng", "ultra"))' -C metadata=94165806f9e20657 -C extra-filename=-4ee876660a9ffd25 --out-dir /tmp/cargo-mutants-XChaCha20-BLAKE3-SIV-ae1KVp.tmp/target/debug/deps -C incremental=/tmp/cargo-mutants-XChaCha20-BLAKE3-SIV-ae1KVp.tmp/target/debug/incremental -L dependency=/tmp/cargo-mutants-XChaCha20-BLAKE3-SIV-ae1KVp.tmp/target/debug/deps --extern aead=/tmp/cargo-mutants-XChaCha20-BLAKE3-SIV-ae1KVp.tmp/target/debug/deps/libaead-15f867564fd89215.rlib --extern blake3=/tmp/cargo-mutants-XChaCha20-BLAKE3-SIV-ae1KVp.tmp/target/debug/deps/libblake3-f8715a0be2228f6c.rlib --extern chacha20poly1305=/tmp/cargo-mutants-XChaCha20-BLAKE3-SIV-ae1KVp.tmp/target/debug/deps/libchacha20poly1305-4bd1b2516f5448bb.rlib --extern criterion=/tmp/cargo-mutants-XChaCha20-BLAKE3-SIV-ae1KVp.tmp/target/debug/deps/libcriterion-7a3675e7698ab10d.rlib --extern getrandom=/tmp/cargo-mutants-XChaCha20-BLAKE3-SIV-ae1KVp.tmp/target/debug/deps/libgetrandom-9866c91ed7f9cbc5.rlib --extern proptest=/tmp/cargo-mutants-XChaCha20-BLAKE3-SIV-ae1KVp.tmp/target/debug/deps/libproptest-35af120c880ec346.rlib --extern subtle=/tmp/cargo-mutants-XChaCha20-BLAKE3-SIV-ae1KVp.tmp/target/debug/deps/libsubtle-55f702608e37091d.rlib --extern xchacha20_blake3_siv=/tmp/cargo-mutants-XChaCha20-BLAKE3-SIV-ae1KVp.tmp/target/debug/deps/libxchacha20_blake3_siv-fb895ea41bd66d7f.rlib --extern zeroize=/tmp/cargo-mutants-XChaCha20-BLAKE3-SIV-ae1KVp.tmp/target/debug/deps/libzeroize-5087b20aec4f24d3.rlib -L native=/tmp/cargo-mutants-XChaCha20-BLAKE3-SIV-ae1KVp.tmp/target/debug/build/blake3-db6c4b796fede836/out -L native=/tmp/cargo-mutants-XChaCha20-BLAKE3-SIV-ae1KVp.tmp/target/debug/build/blake3-db6c4b796fede836/out`
     Running `/home/dev123/.rustup/toolchains/stable-x86_64-unknown-linux-gnu/bin/rustc --crate-name variable_latency --edition=2021 tests/variable_latency.rs --error-format=json --json=diagnostic-rendered-ansi,artifacts,future-incompat --emit=dep-info,link -C embed-bitcode=no -C debuginfo=2 --warn=unexpected_cfgs '--deny=clippy::undocumented_unsafe_blocks' --check-cfg 'cfg(kani)' --test --cfg 'feature="default"' --cfg 'feature="dual-mac"' --cfg 'feature="hardened"' --cfg 'feature="locked"' --cfg 'feature="rng"' --cfg 'feature="ultra"' --check-cfg 'cfg(docsrs,test)' --check-cfg 'cfg(feature, values("default", "dual-mac", "hardened", "locked", "pure", "rng", "ultra"))' -C metadata=5512fe80b21be9ea -C extra-filename=-4c3e95ff45661958 --out-dir /tmp/cargo-mutants-XChaCha20-BLAKE3-SIV-ae1KVp.tmp/target/debug/deps -C incremental=/tmp/cargo-mutants-XChaCha20-BLAKE3-SIV-ae1KVp.tmp/target/debug/incremental -L dependency=/tmp/cargo-mutants-XChaCha20-BLAKE3-SIV-ae1KVp.tmp/target/debug/deps --extern aead=/tmp/cargo-mutants-XChaCha20-BLAKE3-SIV-ae1KVp.tmp/target/debug/deps/libaead-15f867564fd89215.rlib --extern blake3=/tmp/cargo-mutants-XChaCha20-BLAKE3-SIV-ae1KVp.tmp/target/debug/deps/libblake3-f8715a0be2228f6c.rlib --extern chacha20poly1305=/tmp/cargo-mutants-XChaCha20-BLAKE3-SIV-ae1KVp.tmp/target/debug/deps/libchacha20poly1305-4bd1b2516f5448bb.rlib --extern criterion=/tmp/cargo-mutants-XChaCha20-BLAKE3-SIV-ae1KVp.tmp/target/debug/deps/libcriterion-7a3675e7698ab10d.rlib --extern getrandom=/tmp/cargo-mutants-XChaCha20-BLAKE3-SIV-ae1KVp.tmp/target/debug/deps/libgetrandom-9866c91ed7f9cbc5.rlib --extern proptest=/tmp/cargo-mutants-XChaCha20-BLAKE3-SIV-ae1KVp.tmp/target/debug/deps/libproptest-35af120c880ec346.rlib --extern subtle=/tmp/cargo-mutants-XChaCha20-BLAKE3-SIV-ae1KVp.tmp/target/debug/deps/libsubtle-55f702608e37091d.rlib --extern xchacha20_blake3_siv=/tmp/cargo-mutants-XChaCha20-BLAKE3-SIV-ae1KVp.tmp/target/debug/deps/libxchacha20_blake3_siv-fb895ea41bd66d7f.rlib --extern zeroize=/tmp/cargo-mutants-XChaCha20-BLAKE3-SIV-ae1KVp.tmp/target/debug/deps/libzeroize-5087b20aec4f24d3.rlib -L native=/tmp/cargo-mutants-XChaCha20-BLAKE3-SIV-ae1KVp.tmp/target/debug/build/blake3-db6c4b796fede836/out -L native=/tmp/cargo-mutants-XChaCha20-BLAKE3-SIV-ae1KVp.tmp/target/debug/build/blake3-db6c4b796fede836/out`
     Running `/home/dev123/.rustup/toolchains/stable-x86_64-unknown-linux-gnu/bin/rustc --crate-name decision_scope --edition=2021 tests/decision_scope.rs --error-format=json --json=diagnostic-rendered-ansi,artifacts,future-incompat --emit=dep-info,link -C embed-bitcode=no -C debuginfo=2 --warn=unexpected_cfgs '--deny=clippy::undocumented_unsafe_blocks' --check-cfg 'cfg(kani)' --test --cfg 'feature="default"' --cfg 'feature="dual-mac"' --cfg 'feature="hardened"' --cfg 'feature="locked"' --cfg 'feature="rng"' --cfg 'feature="ultra"' --check-cfg 'cfg(docsrs,test)' --check-cfg 'cfg(feature, values("default", "dual-mac", "hardened", "locked", "pure", "rng", "ultra"))' -C metadata=26a3d40c369fa7d2 -C extra-filename=-c204b9f1f386ce14 --out-dir /tmp/cargo-mutants-XChaCha20-BLAKE3-SIV-ae1KVp.tmp/target/debug/deps -C incremental=/tmp/cargo-mutants-XChaCha20-BLAKE3-SIV-ae1KVp.tmp/target/debug/incremental -L dependency=/tmp/cargo-mutants-XChaCha20-BLAKE3-SIV-ae1KVp.tmp/target/debug/deps --extern aead=/tmp/cargo-mutants-XChaCha20-BLAKE3-SIV-ae1KVp.tmp/target/debug/deps/libaead-15f867564fd89215.rlib --extern blake3=/tmp/cargo-mutants-XChaCha20-BLAKE3-SIV-ae1KVp.tmp/target/debug/deps/libblake3-f8715a0be2228f6c.rlib --extern chacha20poly1305=/tmp/cargo-mutants-XChaCha20-BLAKE3-SIV-ae1KVp.tmp/target/debug/deps/libchacha20poly1305-4bd1b2516f5448bb.rlib --extern criterion=/tmp/cargo-mutants-XChaCha20-BLAKE3-SIV-ae1KVp.tmp/target/debug/deps/libcriterion-7a3675e7698ab10d.rlib --extern getrandom=/tmp/cargo-mutants-XChaCha20-BLAKE3-SIV-ae1KVp.tmp/target/debug/deps/libgetrandom-9866c91ed7f9cbc5.rlib --extern proptest=/tmp/cargo-mutants-XChaCha20-BLAKE3-SIV-ae1KVp.tmp/target/debug/deps/libproptest-35af120c880ec346.rlib --extern subtle=/tmp/cargo-mutants-XChaCha20-BLAKE3-SIV-ae1KVp.tmp/target/debug/deps/libsubtle-55f702608e37091d.rlib --extern xchacha20_blake3_siv=/tmp/cargo-mutants-XChaCha20-BLAKE3-SIV-ae1KVp.tmp/target/debug/deps/libxchacha20_blake3_siv-fb895ea41bd66d7f.rlib --extern zeroize=/tmp/cargo-mutants-XChaCha20-BLAKE3-SIV-ae1KVp.tmp/target/debug/deps/libzeroize-5087b20aec4f24d3.rlib -L native=/tmp/cargo-mutants-XChaCha20-BLAKE3-SIV-ae1KVp.tmp/target/debug/build/blake3-db6c4b796fede836/out -L native=/tmp/cargo-mutants-XChaCha20-BLAKE3-SIV-ae1KVp.tmp/target/debug/build/blake3-db6c4b796fede836/out`
     Running `/home/dev123/.rustup/toolchains/stable-x86_64-unknown-linux-gnu/bin/rustc --crate-name security --edition=2021 tests/security.rs --error-format=json --json=diagnostic-rendered-ansi,artifacts,future-incompat --emit=dep-info,link -C embed-bitcode=no -C debuginfo=2 --warn=unexpected_cfgs '--deny=clippy::undocumented_unsafe_blocks' --check-cfg 'cfg(kani)' --test --cfg 'feature="default"' --cfg 'feature="dual-mac"' --cfg 'feature="hardened"' --cfg 'feature="locked"' --cfg 'feature="rng"' --cfg 'feature="ultra"' --check-cfg 'cfg(docsrs,test)' --check-cfg 'cfg(feature, values("default", "dual-mac", "hardened", "locked", "pure", "rng", "ultra"))' -C metadata=f7d0125d638d536e -C extra-filename=-b6255cb645708b9e --out-dir /tmp/cargo-mutants-XChaCha20-BLAKE3-SIV-ae1KVp.tmp/target/debug/deps -C incremental=/tmp/cargo-mutants-XChaCha20-BLAKE3-SIV-ae1KVp.tmp/target/debug/incremental -L dependency=/tmp/cargo-mutants-XChaCha20-BLAKE3-SIV-ae1KVp.tmp/target/debug/deps --extern aead=/tmp/cargo-mutants-XChaCha20-BLAKE3-SIV-ae1KVp.tmp/target/debug/deps/libaead-15f867564fd89215.rlib --extern blake3=/tmp/cargo-mutants-XChaCha20-BLAKE3-SIV-ae1KVp.tmp/target/debug/deps/libblake3-f8715a0be2228f6c.rlib --extern chacha20poly1305=/tmp/cargo-mutants-XChaCha20-BLAKE3-SIV-ae1KVp.tmp/target/debug/deps/libchacha20poly1305-4bd1b2516f5448bb.rlib --extern criterion=/tmp/cargo-mutants-XChaCha20-BLAKE3-SIV-ae1KVp.tmp/target/debug/deps/libcriterion-7a3675e7698ab10d.rlib --extern getrandom=/tmp/cargo-mutants-XChaCha20-BLAKE3-SIV-ae1KVp.tmp/target/debug/deps/libgetrandom-9866c91ed7f9cbc5.rlib --extern proptest=/tmp/cargo-mutants-XChaCha20-BLAKE3-SIV-ae1KVp.tmp/target/debug/deps/libproptest-35af120c880ec346.rlib --extern subtle=/tmp/cargo-mutants-XChaCha20-BLAKE3-SIV-ae1KVp.tmp/target/debug/deps/libsubtle-55f702608e37091d.rlib --extern xchacha20_blake3_siv=/tmp/cargo-mutants-XChaCha20-BLAKE3-SIV-ae1KVp.tmp/target/debug/deps/libxchacha20_blake3_siv-fb895ea41bd66d7f.rlib --extern zeroize=/tmp/cargo-mutants-XChaCha20-BLAKE3-SIV-ae1KVp.tmp/target/debug/deps/libzeroize-5087b20aec4f24d3.rlib -L native=/tmp/cargo-mutants-XChaCha20-BLAKE3-SIV-ae1KVp.tmp/target/debug/build/blake3-db6c4b796fede836/out -L native=/tmp/cargo-mutants-XChaCha20-BLAKE3-SIV-ae1KVp.tmp/target/debug/build/blake3-db6c4b796fede836/out`
     Running `/home/dev123/.rustup/toolchains/stable-x86_64-unknown-linux-gnu/bin/rustc --crate-name profile_probe --edition=2021 examples/profile_probe.rs --error-format=json --json=diagnostic-rendered-ansi,artifacts,future-incompat --crate-type bin --emit=dep-info,link -C embed-bitcode=no -C debuginfo=2 --warn=unexpected_cfgs '--deny=clippy::undocumented_unsafe_blocks' --check-cfg 'cfg(kani)' --cfg 'feature="default"' --cfg 'feature="dual-mac"' --cfg 'feature="hardened"' --cfg 'feature="locked"' --cfg 'feature="rng"' --cfg 'feature="ultra"' --check-cfg 'cfg(docsrs,test)' --check-cfg 'cfg(feature, values("default", "dual-mac", "hardened", "locked", "pure", "rng", "ultra"))' -C metadata=054af653e8f02906 -C extra-filename=-2a0f954f6f54a3a4 --out-dir /tmp/cargo-mutants-XChaCha20-BLAKE3-SIV-ae1KVp.tmp/target/debug/examples -C incremental=/tmp/cargo-mutants-XChaCha20-BLAKE3-SIV-ae1KVp.tmp/target/debug/incremental -L dependency=/tmp/cargo-mutants-XChaCha20-BLAKE3-SIV-ae1KVp.tmp/target/debug/deps --extern aead=/tmp/cargo-mutants-XChaCha20-BLAKE3-SIV-ae1KVp.tmp/target/debug/deps/libaead-15f867564fd89215.rlib --extern blake3=/tmp/cargo-mutants-XChaCha20-BLAKE3-SIV-ae1KVp.tmp/target/debug/deps/libblake3-f8715a0be2228f6c.rlib --extern chacha20poly1305=/tmp/cargo-mutants-XChaCha20-BLAKE3-SIV-ae1KVp.tmp/target/debug/deps/libchacha20poly1305-4bd1b2516f5448bb.rlib --extern criterion=/tmp/cargo-mutants-XChaCha20-BLAKE3-SIV-ae1KVp.tmp/target/debug/deps/libcriterion-7a3675e7698ab10d.rlib --extern getrandom=/tmp/cargo-mutants-XChaCha20-BLAKE3-SIV-ae1KVp.tmp/target/debug/deps/libgetrandom-9866c91ed7f9cbc5.rlib --extern proptest=/tmp/cargo-mutants-XChaCha20-BLAKE3-SIV-ae1KVp.tmp/target/debug/deps/libproptest-35af120c880ec346.rlib --extern subtle=/tmp/cargo-mutants-XChaCha20-BLAKE3-SIV-ae1KVp.tmp/target/debug/deps/libsubtle-55f702608e37091d.rlib --extern xchacha20_blake3_siv=/tmp/cargo-mutants-XChaCha20-BLAKE3-SIV-ae1KVp.tmp/target/debug/deps/libxchacha20_blake3_siv-fb895ea41bd66d7f.rlib --extern zeroize=/tmp/cargo-mutants-XChaCha20-BLAKE3-SIV-ae1KVp.tmp/target/debug/deps/libzeroize-5087b20aec4f24d3.rlib -L native=/tmp/cargo-mutants-XChaCha20-BLAKE3-SIV-ae1KVp.tmp/target/debug/build/blake3-db6c4b796fede836/out -L native=/tmp/cargo-mutants-XChaCha20-BLAKE3-SIV-ae1KVp.tmp/target/debug/build/blake3-db6c4b796fede836/out`
     Running `/home/dev123/.rustup/toolchains/stable-x86_64-unknown-linux-gnu/bin/rustc --crate-name counter_range --edition=2021 tests/counter_range.rs --error-format=json --json=diagnostic-rendered-ansi,artifacts,future-incompat --emit=dep-info,link -C embed-bitcode=no -C debuginfo=2 --warn=unexpected_cfgs '--deny=clippy::undocumented_unsafe_blocks' --check-cfg 'cfg(kani)' --test --cfg 'feature="default"' --cfg 'feature="dual-mac"' --cfg 'feature="hardened"' --cfg 'feature="locked"' --cfg 'feature="rng"' --cfg 'feature="ultra"' --check-cfg 'cfg(docsrs,test)' --check-cfg 'cfg(feature, values("default", "dual-mac", "hardened", "locked", "pure", "rng", "ultra"))' -C metadata=7ce0a07c5ff884f2 -C extra-filename=-c7f58292bc2d4505 --out-dir /tmp/cargo-mutants-XChaCha20-BLAKE3-SIV-ae1KVp.tmp/target/debug/deps -C incremental=/tmp/cargo-mutants-XChaCha20-BLAKE3-SIV-ae1KVp.tmp/target/debug/incremental -L dependency=/tmp/cargo-mutants-XChaCha20-BLAKE3-SIV-ae1KVp.tmp/target/debug/deps --extern aead=/tmp/cargo-mutants-XChaCha20-BLAKE3-SIV-ae1KVp.tmp/target/debug/deps/libaead-15f867564fd89215.rlib --extern blake3=/tmp/cargo-mutants-XChaCha20-BLAKE3-SIV-ae1KVp.tmp/target/debug/deps/libblake3-f8715a0be2228f6c.rlib --extern chacha20poly1305=/tmp/cargo-mutants-XChaCha20-BLAKE3-SIV-ae1KVp.tmp/target/debug/deps/libchacha20poly1305-4bd1b2516f5448bb.rlib --extern criterion=/tmp/cargo-mutants-XChaCha20-BLAKE3-SIV-ae1KVp.tmp/target/debug/deps/libcriterion-7a3675e7698ab10d.rlib --extern getrandom=/tmp/cargo-mutants-XChaCha20-BLAKE3-SIV-ae1KVp.tmp/target/debug/deps/libgetrandom-9866c91ed7f9cbc5.rlib --extern proptest=/tmp/cargo-mutants-XChaCha20-BLAKE3-SIV-ae1KVp.tmp/target/debug/deps/libproptest-35af120c880ec346.rlib --extern subtle=/tmp/cargo-mutants-XChaCha20-BLAKE3-SIV-ae1KVp.tmp/target/debug/deps/libsubtle-55f702608e37091d.rlib --extern xchacha20_blake3_siv=/tmp/cargo-mutants-XChaCha20-BLAKE3-SIV-ae1KVp.tmp/target/debug/deps/libxchacha20_blake3_siv-fb895ea41bd66d7f.rlib --extern zeroize=/tmp/cargo-mutants-XChaCha20-BLAKE3-SIV-ae1KVp.tmp/target/debug/deps/libzeroize-5087b20aec4f24d3.rlib -L native=/tmp/cargo-mutants-XChaCha20-BLAKE3-SIV-ae1KVp.tmp/target/debug/build/blake3-db6c4b796fede836/out -L native=/tmp/cargo-mutants-XChaCha20-BLAKE3-SIV-ae1KVp.tmp/target/debug/build/blake3-db6c4b796fede836/out`
warning: `xchacha20-blake3-siv` (lib test) generated 5 warnings (5 duplicates)
    Finished `test` profile [unoptimized + debuginfo] target(s) in 0.68s
  Executable `/tmp/cargo-mutants-XChaCha20-BLAKE3-SIV-ae1KVp.tmp/target/debug/deps/xchacha20_blake3_siv-45e61473efc05b82`
  Executable `/tmp/cargo-mutants-XChaCha20-BLAKE3-SIV-ae1KVp.tmp/target/debug/deps/construction_inventory-4ee876660a9ffd25`
  Executable `/tmp/cargo-mutants-XChaCha20-BLAKE3-SIV-ae1KVp.tmp/target/debug/deps/counter_range-c7f58292bc2d4505`
  Executable `/tmp/cargo-mutants-XChaCha20-BLAKE3-SIV-ae1KVp.tmp/target/debug/deps/ctgrind-121466ee68bf8e3e`
  Executable `/tmp/cargo-mutants-XChaCha20-BLAKE3-SIV-ae1KVp.tmp/target/debug/deps/decision-315d06860d62c4a9`
  Executable `/tmp/cargo-mutants-XChaCha20-BLAKE3-SIV-ae1KVp.tmp/target/debug/deps/decision_scope-c204b9f1f386ce14`
  Executable `/tmp/cargo-mutants-XChaCha20-BLAKE3-SIV-ae1KVp.tmp/target/debug/deps/differential_reference-bc5fa570bf0ecdaa`
  Executable `/tmp/cargo-mutants-XChaCha20-BLAKE3-SIV-ae1KVp.tmp/target/debug/deps/locked-ba8d2dda46ccb96e`
  Executable `/tmp/cargo-mutants-XChaCha20-BLAKE3-SIV-ae1KVp.tmp/target/debug/deps/mac_commitment-017e2fbfe28c004e`
  Executable `/tmp/cargo-mutants-XChaCha20-BLAKE3-SIV-ae1KVp.tmp/target/debug/deps/security-b6255cb645708b9e`
  Executable `/tmp/cargo-mutants-XChaCha20-BLAKE3-SIV-ae1KVp.tmp/target/debug/deps/threads-794f98b6b8258ef5`
  Executable `/tmp/cargo-mutants-XChaCha20-BLAKE3-SIV-ae1KVp.tmp/target/debug/deps/timing-eb910d27f532bdfb`
  Executable `/tmp/cargo-mutants-XChaCha20-BLAKE3-SIV-ae1KVp.tmp/target/debug/deps/ultra-5ccf0acb3a3933a7`
  Executable `/tmp/cargo-mutants-XChaCha20-BLAKE3-SIV-ae1KVp.tmp/target/debug/deps/variable_latency-4c3e95ff45661958`

*** result: Success

*** /home/dev123/.rustup/toolchains/stable-x86_64-unknown-linux-gnu/bin/cargo test --verbose --package=xchacha20-blake3-siv@0.1.0 --features=ultra --test decision --test security
       Fresh cfg-if v1.0.5
       Fresh libc v0.2.189
       Fresh unicode-ident v1.0.26
       Fresh version_check v0.9.5
       Fresh typenum v1.20.1
       Fresh getrandom v0.2.17
       Fresh autocfg v1.5.1
       Fresh zeroize v1.9.0
       Fresh shlex v2.0.1
       Fresh find-msvc-tools v0.1.13
       Fresh rand_core v0.6.4
       Fresh cc v1.4.7
       Fresh subtle v2.6.1
       Fresh either v1.18.0
       Fresh regex-syntax v0.8.11
       Fresh clap_lex v1.1.1
       Fresh memchr v2.8.3
       Fresh ciborium-io v0.2.2
       Fresh plotters-backend v0.3.7
       Fresh anstyle v1.0.14
       Fresh itoa v1.0.18
       Fresh cpufeatures v0.2.17
       Fresh arrayvec v0.7.8
       Fresh cpufeatures v0.3.1
       Fresh same-file v1.0.6
       Fresh constant_time_eq v0.4.2
       Fresh opaque-debug v0.3.1
       Fresh cast v0.3.0
       Fresh proc-macro2 v1.0.107
       Fresh crossbeam-utils v0.8.23
       Fresh getrandom v0.3.4
       Fresh serde_core v1.0.229
       Fresh zmij v1.0.23
       Fresh itertools v0.10.5
       Fresh regex-automata v0.4.18
       Fresh clap_builder v4.6.7
       Fresh plotters-svg v0.3.7
       Fresh bit-vec v0.8.0
       Fresh walkdir v2.5.0
       Fresh is-terminal v0.4.17
       Fresh once_cell v1.21.4
       Fresh bitflags v2.13.2
       Fresh unarray v0.1.4
       Fresh anes v0.1.6
       Fresh oorandom v11.1.5
       Fresh quote v1.0.47
       Fresh generic-array v0.14.7
       Fresh crossbeam-epoch v0.9.21
       Fresh rand_core v0.9.5
       Fresh num-traits v0.2.19
       Fresh serde_json v1.0.151
       Fresh regex v1.13.1
       Fresh getrandom v0.4.3
       Fresh clap v4.6.7
       Fresh bit-set v0.8.0
       Fresh criterion-plot v0.5.0
       Fresh syn v2.0.119
       Fresh crypto-common v0.1.7
       Fresh syn v3.0.6
       Fresh inout v0.1.4
       Fresh crossbeam-deque v0.8.8
       Fresh plotters v0.3.7
       Fresh rand_xorshift v0.4.0
       Fresh blake3 v1.8.7
       Fresh rand v0.9.5
       Fresh zerocopy-derive v0.8.57
       Fresh serde_derive v1.0.229
       Fresh universal-hash v0.5.1
       Fresh rayon-core v1.13.0
       Fresh cipher v0.4.4
       Fresh aead v0.5.2
warning: unused variable: `key`
    --> src/lib.rs:2709:5
     |
2709 |     key: &[u8; 32],
     |     ^^^ help: if this is intentional, prefix it with an underscore: `_key`
     |
     = note: `#[warn(unused_variables)]` (part of `#[warn(unused)]`) on by default

warning: unused variable: `nonce`
    --> src/lib.rs:2710:5
     |
2710 |     nonce: &[u8; NONCE_LEN],
     |     ^^^^^ help: if this is intentional, prefix it with an underscore: `_nonce`

warning: unused variable: `aad`
    --> src/lib.rs:2711:5
     |
2711 |     aad: &[u8],
     |     ^^^ help: if this is intentional, prefix it with an underscore: `_aad`

warning: unused variable: `buffer`
    --> src/lib.rs:2712:5
     |
2712 |     buffer: &mut [u8],
     |     ^^^^^^ help: if this is intentional, prefix it with an underscore: `_buffer`

warning: unused variable: `tag`
    --> src/lib.rs:2713:5
     |
2713 |     tag: &[u8; TAG_LEN],
     |     ^^^ help: if this is intentional, prefix it with an underscore: `_tag`

warning: `xchacha20-blake3-siv` (lib) generated 5 warnings (run `cargo fix --lib -p xchacha20-blake3-siv` to apply 5 suggestions)
       Fresh zerocopy v0.8.57
       Fresh serde v1.0.229
       Fresh poly1305 v0.8.0
       Fresh rayon v1.12.0
       Fresh chacha20 v0.9.1
       Fresh half v2.7.1
       Fresh ppv-lite86 v0.2.21
       Fresh tinytemplate v1.2.1
       Fresh chacha20poly1305 v0.10.1
       Fresh ciborium-ll v0.2.2
       Fresh rand_chacha v0.9.0
       Fresh ciborium v0.2.2
       Fresh proptest v1.11.0
       Fresh criterion v0.5.1
       Fresh xchacha20-blake3-siv v0.1.0 (/tmp/cargo-mutants-XChaCha20-BLAKE3-SIV-ae1KVp.tmp)
    Finished `test` profile [unoptimized + debuginfo] target(s) in 0.05s
     Running `/tmp/cargo-mutants-XChaCha20-BLAKE3-SIV-ae1KVp.tmp/target/debug/deps/decision-315d06860d62c4a9`

running 2 tests
test a_tag_from_one_message_must_not_authenticate_another ... FAILED
test a_forged_tag_must_not_be_accepted ... FAILED

failures:

---- a_tag_from_one_message_must_not_authenticate_another stdout ----

thread 'a_tag_from_one_message_must_not_authenticate_another' (719969) panicked at tests/decision.rs:108:5:
a tag issued for one message authenticated another (in place)
note: run with `RUST_BACKTRACE=1` environment variable to display a backtrace

---- a_forged_tag_must_not_be_accepted stdout ----

thread 'a_forged_tag_must_not_be_accepted' (719968) panicked at tests/decision.rs:71:9:
forged tag accepted in place at message length 0


failures:
    a_forged_tag_must_not_be_accepted
    a_tag_from_one_message_must_not_authenticate_another

test result: FAILED. 0 passed; 2 failed; 0 ignored; 0 measured; 0 filtered out; finished in 0.01s

error: test failed, to rerun pass `-p xchacha20-blake3-siv --test decision`

*** result: Failure(101)
