
*** src/lib.rs:1031:8: delete ! in accept_or_reject

*** mutation diff:
--- src/lib.rs
+++ delete ! in accept_or_reject
@@ -1023,17 +1023,17 @@
 // wasted computing a second one.
 #[inline(never)]
 fn accept_or_reject(
     gate0: subtle::Choice,
     gate1: subtle::Choice,
     buffer: &mut [u8],
     out: &mut Result<(), Error>,
 ) {
-    if !bool::from(gate0) {
+    if  /* ~ changed by cargo-mutants ~ */bool::from(gate0) {
         zeroize_slice(buffer);
         *out = Err(Error::AuthenticationFailed);
         return;
     }
 
     // Fault-injection hardening (opt-in `hardened` feature): a second *recomputed*
     // check with its own branch, so a single skipped instruction reaches this gate
     // instead of accepting. `&` and never `&&`: both comparisons always run in the


*** /home/dev123/.rustup/toolchains/stable-x86_64-unknown-linux-gnu/bin/cargo test --no-run --verbose --package=xchacha20-blake3-siv@0.1.0
       Fresh cfg-if v1.0.5
       Fresh unicode-ident v1.0.26
       Fresh version_check v0.9.5
       Fresh typenum v1.20.1
       Fresh libc v0.2.189
       Fresh autocfg v1.5.1
       Fresh zeroize v1.9.0
       Fresh find-msvc-tools v0.1.13
       Fresh shlex v2.0.1
       Fresh either v1.18.0
       Fresh regex-syntax v0.8.11
       Fresh subtle v2.6.1
       Fresh ciborium-io v0.2.2
       Fresh anstyle v1.0.14
       Fresh memchr v2.8.3
       Fresh plotters-backend v0.3.7
       Fresh itoa v1.0.18
       Fresh cpufeatures v0.2.17
       Fresh clap_lex v1.1.1
       Fresh bit-vec v0.8.0
       Fresh cpufeatures v0.3.1
       Fresh same-file v1.0.6
       Fresh constant_time_eq v0.4.2
       Fresh opaque-debug v0.3.1
       Fresh proc-macro2 v1.0.107
       Fresh getrandom v0.2.17
       Fresh cc v1.4.7
       Fresh arrayvec v0.7.8
       Fresh clap_builder v4.6.7
       Fresh regex-automata v0.4.18
       Fresh plotters-svg v0.3.7
       Fresh itertools v0.10.5
       Fresh cast v0.3.0
       Fresh bit-set v0.8.0
       Fresh is-terminal v0.4.17
       Fresh walkdir v2.5.0
       Fresh bitflags v2.13.2
       Fresh unarray v0.1.4
       Fresh oorandom v11.1.5
       Fresh anes v0.1.6
       Fresh once_cell v1.21.4
       Fresh quote v1.0.47
       Fresh generic-array v0.14.7
       Fresh rand_core v0.6.4
       Fresh serde_core v1.0.229
       Fresh getrandom v0.3.4
       Fresh crossbeam-utils v0.8.23
       Fresh zmij v1.0.23
       Fresh clap v4.6.7
       Fresh regex v1.13.1
       Fresh criterion-plot v0.5.0
       Fresh syn v2.0.119
       Fresh crypto-common v0.1.7
       Fresh syn v3.0.6
       Fresh crossbeam-epoch v0.9.21
       Fresh rand_core v0.9.5
       Fresh num-traits v0.2.19
       Fresh inout v0.1.4
       Fresh serde_json v1.0.151
       Fresh zerocopy-derive v0.8.57
       Fresh serde_derive v1.0.229
       Fresh crossbeam-deque v0.8.8
       Fresh cipher v0.4.4
       Fresh universal-hash v0.5.1
       Fresh rand_xorshift v0.4.0
       Fresh plotters v0.3.7
       Fresh rand v0.9.5
       Fresh aead v0.5.2
       Fresh blake3 v1.8.7
       Fresh zerocopy v0.8.57
       Fresh serde v1.0.229
       Fresh rayon-core v1.13.0
       Fresh poly1305 v0.8.0
       Fresh chacha20 v0.9.1
       Dirty xchacha20-blake3-siv v0.1.0 (/tmp/cargo-mutants-XChaCha20-BLAKE3-SIV-I6wMwi.tmp): the file `src/lib.rs` has changed (1790395582.791472790s, 691999871ns after last build at 1790395582.099472919s)
   Compiling xchacha20-blake3-siv v0.1.0 (/tmp/cargo-mutants-XChaCha20-BLAKE3-SIV-I6wMwi.tmp)
       Fresh half v2.7.1
       Fresh ppv-lite86 v0.2.21
       Fresh rayon v1.12.0
       Fresh tinytemplate v1.2.1
       Fresh chacha20poly1305 v0.10.1
       Fresh ciborium-ll v0.2.2
       Fresh rand_chacha v0.9.0
       Fresh ciborium v0.2.2
       Fresh proptest v1.11.0
       Fresh criterion v0.5.1
     Running `/home/dev123/.rustup/toolchains/stable-x86_64-unknown-linux-gnu/bin/rustc --crate-name xchacha20_blake3_siv --edition=2021 src/lib.rs --error-format=json --json=diagnostic-rendered-ansi,artifacts,future-incompat --crate-type lib --emit=dep-info,metadata,link -C embed-bitcode=no -C debuginfo=2 --warn=unexpected_cfgs '--deny=clippy::undocumented_unsafe_blocks' --check-cfg 'cfg(kani)' --check-cfg 'cfg(docsrs,test)' --check-cfg 'cfg(feature, values("hardened", "pure", "rng"))' -C metadata=9ae73a90edf5b93a -C extra-filename=-2db93173eacef0be --out-dir /tmp/cargo-mutants-XChaCha20-BLAKE3-SIV-I6wMwi.tmp/target/debug/deps -C incremental=/tmp/cargo-mutants-XChaCha20-BLAKE3-SIV-I6wMwi.tmp/target/debug/incremental -L dependency=/tmp/cargo-mutants-XChaCha20-BLAKE3-SIV-I6wMwi.tmp/target/debug/deps --extern blake3=/tmp/cargo-mutants-XChaCha20-BLAKE3-SIV-I6wMwi.tmp/target/debug/deps/libblake3-f8715a0be2228f6c.rmeta --extern subtle=/tmp/cargo-mutants-XChaCha20-BLAKE3-SIV-I6wMwi.tmp/target/debug/deps/libsubtle-55f702608e37091d.rmeta --extern zeroize=/tmp/cargo-mutants-XChaCha20-BLAKE3-SIV-I6wMwi.tmp/target/debug/deps/libzeroize-5087b20aec4f24d3.rmeta -L native=/tmp/cargo-mutants-XChaCha20-BLAKE3-SIV-I6wMwi.tmp/target/debug/build/blake3-db6c4b796fede836/out -L native=/tmp/cargo-mutants-XChaCha20-BLAKE3-SIV-I6wMwi.tmp/target/debug/build/blake3-db6c4b796fede836/out`
     Running `/home/dev123/.rustup/toolchains/stable-x86_64-unknown-linux-gnu/bin/rustc --crate-name xchacha20_blake3_siv --edition=2021 src/lib.rs --error-format=json --json=diagnostic-rendered-ansi,artifacts,future-incompat --emit=dep-info,link -C embed-bitcode=no -C debuginfo=2 --warn=unexpected_cfgs '--deny=clippy::undocumented_unsafe_blocks' --check-cfg 'cfg(kani)' --test --check-cfg 'cfg(docsrs,test)' --check-cfg 'cfg(feature, values("hardened", "pure", "rng"))' -C metadata=c5cac8e7956b7ff7 -C extra-filename=-776224aaae08c883 --out-dir /tmp/cargo-mutants-XChaCha20-BLAKE3-SIV-I6wMwi.tmp/target/debug/deps -C incremental=/tmp/cargo-mutants-XChaCha20-BLAKE3-SIV-I6wMwi.tmp/target/debug/incremental -L dependency=/tmp/cargo-mutants-XChaCha20-BLAKE3-SIV-I6wMwi.tmp/target/debug/deps --extern aead=/tmp/cargo-mutants-XChaCha20-BLAKE3-SIV-I6wMwi.tmp/target/debug/deps/libaead-15f867564fd89215.rlib --extern blake3=/tmp/cargo-mutants-XChaCha20-BLAKE3-SIV-I6wMwi.tmp/target/debug/deps/libblake3-f8715a0be2228f6c.rlib --extern chacha20poly1305=/tmp/cargo-mutants-XChaCha20-BLAKE3-SIV-I6wMwi.tmp/target/debug/deps/libchacha20poly1305-4bd1b2516f5448bb.rlib --extern criterion=/tmp/cargo-mutants-XChaCha20-BLAKE3-SIV-I6wMwi.tmp/target/debug/deps/libcriterion-7a3675e7698ab10d.rlib --extern proptest=/tmp/cargo-mutants-XChaCha20-BLAKE3-SIV-I6wMwi.tmp/target/debug/deps/libproptest-35af120c880ec346.rlib --extern subtle=/tmp/cargo-mutants-XChaCha20-BLAKE3-SIV-I6wMwi.tmp/target/debug/deps/libsubtle-55f702608e37091d.rlib --extern zeroize=/tmp/cargo-mutants-XChaCha20-BLAKE3-SIV-I6wMwi.tmp/target/debug/deps/libzeroize-5087b20aec4f24d3.rlib -L native=/tmp/cargo-mutants-XChaCha20-BLAKE3-SIV-I6wMwi.tmp/target/debug/build/blake3-db6c4b796fede836/out -L native=/tmp/cargo-mutants-XChaCha20-BLAKE3-SIV-I6wMwi.tmp/target/debug/build/blake3-db6c4b796fede836/out`
     Running `/home/dev123/.rustup/toolchains/stable-x86_64-unknown-linux-gnu/bin/rustc --crate-name variable_latency --edition=2021 tests/variable_latency.rs --error-format=json --json=diagnostic-rendered-ansi,artifacts,future-incompat --emit=dep-info,link -C embed-bitcode=no -C debuginfo=2 --warn=unexpected_cfgs '--deny=clippy::undocumented_unsafe_blocks' --check-cfg 'cfg(kani)' --test --check-cfg 'cfg(docsrs,test)' --check-cfg 'cfg(feature, values("hardened", "pure", "rng"))' -C metadata=f5c0b2f6d0bc80bb -C extra-filename=-391c09eabf365133 --out-dir /tmp/cargo-mutants-XChaCha20-BLAKE3-SIV-I6wMwi.tmp/target/debug/deps -C incremental=/tmp/cargo-mutants-XChaCha20-BLAKE3-SIV-I6wMwi.tmp/target/debug/incremental -L dependency=/tmp/cargo-mutants-XChaCha20-BLAKE3-SIV-I6wMwi.tmp/target/debug/deps --extern aead=/tmp/cargo-mutants-XChaCha20-BLAKE3-SIV-I6wMwi.tmp/target/debug/deps/libaead-15f867564fd89215.rlib --extern blake3=/tmp/cargo-mutants-XChaCha20-BLAKE3-SIV-I6wMwi.tmp/target/debug/deps/libblake3-f8715a0be2228f6c.rlib --extern chacha20poly1305=/tmp/cargo-mutants-XChaCha20-BLAKE3-SIV-I6wMwi.tmp/target/debug/deps/libchacha20poly1305-4bd1b2516f5448bb.rlib --extern criterion=/tmp/cargo-mutants-XChaCha20-BLAKE3-SIV-I6wMwi.tmp/target/debug/deps/libcriterion-7a3675e7698ab10d.rlib --extern proptest=/tmp/cargo-mutants-XChaCha20-BLAKE3-SIV-I6wMwi.tmp/target/debug/deps/libproptest-35af120c880ec346.rlib --extern subtle=/tmp/cargo-mutants-XChaCha20-BLAKE3-SIV-I6wMwi.tmp/target/debug/deps/libsubtle-55f702608e37091d.rlib --extern xchacha20_blake3_siv=/tmp/cargo-mutants-XChaCha20-BLAKE3-SIV-I6wMwi.tmp/target/debug/deps/libxchacha20_blake3_siv-2db93173eacef0be.rlib --extern zeroize=/tmp/cargo-mutants-XChaCha20-BLAKE3-SIV-I6wMwi.tmp/target/debug/deps/libzeroize-5087b20aec4f24d3.rlib -L native=/tmp/cargo-mutants-XChaCha20-BLAKE3-SIV-I6wMwi.tmp/target/debug/build/blake3-db6c4b796fede836/out -L native=/tmp/cargo-mutants-XChaCha20-BLAKE3-SIV-I6wMwi.tmp/target/debug/build/blake3-db6c4b796fede836/out`
     Running `/home/dev123/.rustup/toolchains/stable-x86_64-unknown-linux-gnu/bin/rustc --crate-name security --edition=2021 tests/security.rs --error-format=json --json=diagnostic-rendered-ansi,artifacts,future-incompat --emit=dep-info,link -C embed-bitcode=no -C debuginfo=2 --warn=unexpected_cfgs '--deny=clippy::undocumented_unsafe_blocks' --check-cfg 'cfg(kani)' --test --check-cfg 'cfg(docsrs,test)' --check-cfg 'cfg(feature, values("hardened", "pure", "rng"))' -C metadata=4f82cdf4ba9baba9 -C extra-filename=-00ded68e6cce22af --out-dir /tmp/cargo-mutants-XChaCha20-BLAKE3-SIV-I6wMwi.tmp/target/debug/deps -C incremental=/tmp/cargo-mutants-XChaCha20-BLAKE3-SIV-I6wMwi.tmp/target/debug/incremental -L dependency=/tmp/cargo-mutants-XChaCha20-BLAKE3-SIV-I6wMwi.tmp/target/debug/deps --extern aead=/tmp/cargo-mutants-XChaCha20-BLAKE3-SIV-I6wMwi.tmp/target/debug/deps/libaead-15f867564fd89215.rlib --extern blake3=/tmp/cargo-mutants-XChaCha20-BLAKE3-SIV-I6wMwi.tmp/target/debug/deps/libblake3-f8715a0be2228f6c.rlib --extern chacha20poly1305=/tmp/cargo-mutants-XChaCha20-BLAKE3-SIV-I6wMwi.tmp/target/debug/deps/libchacha20poly1305-4bd1b2516f5448bb.rlib --extern criterion=/tmp/cargo-mutants-XChaCha20-BLAKE3-SIV-I6wMwi.tmp/target/debug/deps/libcriterion-7a3675e7698ab10d.rlib --extern proptest=/tmp/cargo-mutants-XChaCha20-BLAKE3-SIV-I6wMwi.tmp/target/debug/deps/libproptest-35af120c880ec346.rlib --extern subtle=/tmp/cargo-mutants-XChaCha20-BLAKE3-SIV-I6wMwi.tmp/target/debug/deps/libsubtle-55f702608e37091d.rlib --extern xchacha20_blake3_siv=/tmp/cargo-mutants-XChaCha20-BLAKE3-SIV-I6wMwi.tmp/target/debug/deps/libxchacha20_blake3_siv-2db93173eacef0be.rlib --extern zeroize=/tmp/cargo-mutants-XChaCha20-BLAKE3-SIV-I6wMwi.tmp/target/debug/deps/libzeroize-5087b20aec4f24d3.rlib -L native=/tmp/cargo-mutants-XChaCha20-BLAKE3-SIV-I6wMwi.tmp/target/debug/build/blake3-db6c4b796fede836/out -L native=/tmp/cargo-mutants-XChaCha20-BLAKE3-SIV-I6wMwi.tmp/target/debug/build/blake3-db6c4b796fede836/out`
     Running `/home/dev123/.rustup/toolchains/stable-x86_64-unknown-linux-gnu/bin/rustc --crate-name decision_scope --edition=2021 tests/decision_scope.rs --error-format=json --json=diagnostic-rendered-ansi,artifacts,future-incompat --emit=dep-info,link -C embed-bitcode=no -C debuginfo=2 --warn=unexpected_cfgs '--deny=clippy::undocumented_unsafe_blocks' --check-cfg 'cfg(kani)' --test --check-cfg 'cfg(docsrs,test)' --check-cfg 'cfg(feature, values("hardened", "pure", "rng"))' -C metadata=762244dd8b817354 -C extra-filename=-c847c7de376c34ef --out-dir /tmp/cargo-mutants-XChaCha20-BLAKE3-SIV-I6wMwi.tmp/target/debug/deps -C incremental=/tmp/cargo-mutants-XChaCha20-BLAKE3-SIV-I6wMwi.tmp/target/debug/incremental -L dependency=/tmp/cargo-mutants-XChaCha20-BLAKE3-SIV-I6wMwi.tmp/target/debug/deps --extern aead=/tmp/cargo-mutants-XChaCha20-BLAKE3-SIV-I6wMwi.tmp/target/debug/deps/libaead-15f867564fd89215.rlib --extern blake3=/tmp/cargo-mutants-XChaCha20-BLAKE3-SIV-I6wMwi.tmp/target/debug/deps/libblake3-f8715a0be2228f6c.rlib --extern chacha20poly1305=/tmp/cargo-mutants-XChaCha20-BLAKE3-SIV-I6wMwi.tmp/target/debug/deps/libchacha20poly1305-4bd1b2516f5448bb.rlib --extern criterion=/tmp/cargo-mutants-XChaCha20-BLAKE3-SIV-I6wMwi.tmp/target/debug/deps/libcriterion-7a3675e7698ab10d.rlib --extern proptest=/tmp/cargo-mutants-XChaCha20-BLAKE3-SIV-I6wMwi.tmp/target/debug/deps/libproptest-35af120c880ec346.rlib --extern subtle=/tmp/cargo-mutants-XChaCha20-BLAKE3-SIV-I6wMwi.tmp/target/debug/deps/libsubtle-55f702608e37091d.rlib --extern xchacha20_blake3_siv=/tmp/cargo-mutants-XChaCha20-BLAKE3-SIV-I6wMwi.tmp/target/debug/deps/libxchacha20_blake3_siv-2db93173eacef0be.rlib --extern zeroize=/tmp/cargo-mutants-XChaCha20-BLAKE3-SIV-I6wMwi.tmp/target/debug/deps/libzeroize-5087b20aec4f24d3.rlib -L native=/tmp/cargo-mutants-XChaCha20-BLAKE3-SIV-I6wMwi.tmp/target/debug/build/blake3-db6c4b796fede836/out -L native=/tmp/cargo-mutants-XChaCha20-BLAKE3-SIV-I6wMwi.tmp/target/debug/build/blake3-db6c4b796fede836/out`
     Running `/home/dev123/.rustup/toolchains/stable-x86_64-unknown-linux-gnu/bin/rustc --crate-name xsiv_stdin --edition=2021 examples/xsiv_stdin.rs --error-format=json --json=diagnostic-rendered-ansi,artifacts,future-incompat --crate-type bin --emit=dep-info,link -C embed-bitcode=no -C debuginfo=2 --warn=unexpected_cfgs '--deny=clippy::undocumented_unsafe_blocks' --check-cfg 'cfg(kani)' --check-cfg 'cfg(docsrs,test)' --check-cfg 'cfg(feature, values("hardened", "pure", "rng"))' -C metadata=a20280307ebaa966 -C extra-filename=-68164135840bdbd9 --out-dir /tmp/cargo-mutants-XChaCha20-BLAKE3-SIV-I6wMwi.tmp/target/debug/examples -C incremental=/tmp/cargo-mutants-XChaCha20-BLAKE3-SIV-I6wMwi.tmp/target/debug/incremental -L dependency=/tmp/cargo-mutants-XChaCha20-BLAKE3-SIV-I6wMwi.tmp/target/debug/deps --extern aead=/tmp/cargo-mutants-XChaCha20-BLAKE3-SIV-I6wMwi.tmp/target/debug/deps/libaead-15f867564fd89215.rlib --extern blake3=/tmp/cargo-mutants-XChaCha20-BLAKE3-SIV-I6wMwi.tmp/target/debug/deps/libblake3-f8715a0be2228f6c.rlib --extern chacha20poly1305=/tmp/cargo-mutants-XChaCha20-BLAKE3-SIV-I6wMwi.tmp/target/debug/deps/libchacha20poly1305-4bd1b2516f5448bb.rlib --extern criterion=/tmp/cargo-mutants-XChaCha20-BLAKE3-SIV-I6wMwi.tmp/target/debug/deps/libcriterion-7a3675e7698ab10d.rlib --extern proptest=/tmp/cargo-mutants-XChaCha20-BLAKE3-SIV-I6wMwi.tmp/target/debug/deps/libproptest-35af120c880ec346.rlib --extern subtle=/tmp/cargo-mutants-XChaCha20-BLAKE3-SIV-I6wMwi.tmp/target/debug/deps/libsubtle-55f702608e37091d.rlib --extern xchacha20_blake3_siv=/tmp/cargo-mutants-XChaCha20-BLAKE3-SIV-I6wMwi.tmp/target/debug/deps/libxchacha20_blake3_siv-2db93173eacef0be.rlib --extern zeroize=/tmp/cargo-mutants-XChaCha20-BLAKE3-SIV-I6wMwi.tmp/target/debug/deps/libzeroize-5087b20aec4f24d3.rlib -L native=/tmp/cargo-mutants-XChaCha20-BLAKE3-SIV-I6wMwi.tmp/target/debug/build/blake3-db6c4b796fede836/out -L native=/tmp/cargo-mutants-XChaCha20-BLAKE3-SIV-I6wMwi.tmp/target/debug/build/blake3-db6c4b796fede836/out`
     Running `/home/dev123/.rustup/toolchains/stable-x86_64-unknown-linux-gnu/bin/rustc --crate-name differential_reference --edition=2021 tests/differential_reference.rs --error-format=json --json=diagnostic-rendered-ansi,artifacts,future-incompat --emit=dep-info,link -C embed-bitcode=no -C debuginfo=2 --warn=unexpected_cfgs '--deny=clippy::undocumented_unsafe_blocks' --check-cfg 'cfg(kani)' --test --check-cfg 'cfg(docsrs,test)' --check-cfg 'cfg(feature, values("hardened", "pure", "rng"))' -C metadata=62699bc5d3e628e0 -C extra-filename=-b8b2b3b7410d2fad --out-dir /tmp/cargo-mutants-XChaCha20-BLAKE3-SIV-I6wMwi.tmp/target/debug/deps -C incremental=/tmp/cargo-mutants-XChaCha20-BLAKE3-SIV-I6wMwi.tmp/target/debug/incremental -L dependency=/tmp/cargo-mutants-XChaCha20-BLAKE3-SIV-I6wMwi.tmp/target/debug/deps --extern aead=/tmp/cargo-mutants-XChaCha20-BLAKE3-SIV-I6wMwi.tmp/target/debug/deps/libaead-15f867564fd89215.rlib --extern blake3=/tmp/cargo-mutants-XChaCha20-BLAKE3-SIV-I6wMwi.tmp/target/debug/deps/libblake3-f8715a0be2228f6c.rlib --extern chacha20poly1305=/tmp/cargo-mutants-XChaCha20-BLAKE3-SIV-I6wMwi.tmp/target/debug/deps/libchacha20poly1305-4bd1b2516f5448bb.rlib --extern criterion=/tmp/cargo-mutants-XChaCha20-BLAKE3-SIV-I6wMwi.tmp/target/debug/deps/libcriterion-7a3675e7698ab10d.rlib --extern proptest=/tmp/cargo-mutants-XChaCha20-BLAKE3-SIV-I6wMwi.tmp/target/debug/deps/libproptest-35af120c880ec346.rlib --extern subtle=/tmp/cargo-mutants-XChaCha20-BLAKE3-SIV-I6wMwi.tmp/target/debug/deps/libsubtle-55f702608e37091d.rlib --extern xchacha20_blake3_siv=/tmp/cargo-mutants-XChaCha20-BLAKE3-SIV-I6wMwi.tmp/target/debug/deps/libxchacha20_blake3_siv-2db93173eacef0be.rlib --extern zeroize=/tmp/cargo-mutants-XChaCha20-BLAKE3-SIV-I6wMwi.tmp/target/debug/deps/libzeroize-5087b20aec4f24d3.rlib -L native=/tmp/cargo-mutants-XChaCha20-BLAKE3-SIV-I6wMwi.tmp/target/debug/build/blake3-db6c4b796fede836/out -L native=/tmp/cargo-mutants-XChaCha20-BLAKE3-SIV-I6wMwi.tmp/target/debug/build/blake3-db6c4b796fede836/out`
     Running `/home/dev123/.rustup/toolchains/stable-x86_64-unknown-linux-gnu/bin/rustc --crate-name bench_aead --edition=2021 examples/bench_aead.rs --error-format=json --json=diagnostic-rendered-ansi,artifacts,future-incompat --crate-type bin --emit=dep-info,link -C embed-bitcode=no -C debuginfo=2 --warn=unexpected_cfgs '--deny=clippy::undocumented_unsafe_blocks' --check-cfg 'cfg(kani)' --check-cfg 'cfg(docsrs,test)' --check-cfg 'cfg(feature, values("hardened", "pure", "rng"))' -C metadata=574a36ed75a3816a -C extra-filename=-a02ed9c922910164 --out-dir /tmp/cargo-mutants-XChaCha20-BLAKE3-SIV-I6wMwi.tmp/target/debug/examples -C incremental=/tmp/cargo-mutants-XChaCha20-BLAKE3-SIV-I6wMwi.tmp/target/debug/incremental -L dependency=/tmp/cargo-mutants-XChaCha20-BLAKE3-SIV-I6wMwi.tmp/target/debug/deps --extern aead=/tmp/cargo-mutants-XChaCha20-BLAKE3-SIV-I6wMwi.tmp/target/debug/deps/libaead-15f867564fd89215.rlib --extern blake3=/tmp/cargo-mutants-XChaCha20-BLAKE3-SIV-I6wMwi.tmp/target/debug/deps/libblake3-f8715a0be2228f6c.rlib --extern chacha20poly1305=/tmp/cargo-mutants-XChaCha20-BLAKE3-SIV-I6wMwi.tmp/target/debug/deps/libchacha20poly1305-4bd1b2516f5448bb.rlib --extern criterion=/tmp/cargo-mutants-XChaCha20-BLAKE3-SIV-I6wMwi.tmp/target/debug/deps/libcriterion-7a3675e7698ab10d.rlib --extern proptest=/tmp/cargo-mutants-XChaCha20-BLAKE3-SIV-I6wMwi.tmp/target/debug/deps/libproptest-35af120c880ec346.rlib --extern subtle=/tmp/cargo-mutants-XChaCha20-BLAKE3-SIV-I6wMwi.tmp/target/debug/deps/libsubtle-55f702608e37091d.rlib --extern xchacha20_blake3_siv=/tmp/cargo-mutants-XChaCha20-BLAKE3-SIV-I6wMwi.tmp/target/debug/deps/libxchacha20_blake3_siv-2db93173eacef0be.rlib --extern zeroize=/tmp/cargo-mutants-XChaCha20-BLAKE3-SIV-I6wMwi.tmp/target/debug/deps/libzeroize-5087b20aec4f24d3.rlib -L native=/tmp/cargo-mutants-XChaCha20-BLAKE3-SIV-I6wMwi.tmp/target/debug/build/blake3-db6c4b796fede836/out -L native=/tmp/cargo-mutants-XChaCha20-BLAKE3-SIV-I6wMwi.tmp/target/debug/build/blake3-db6c4b796fede836/out`
     Running `/home/dev123/.rustup/toolchains/stable-x86_64-unknown-linux-gnu/bin/rustc --crate-name threads --edition=2021 tests/threads.rs --error-format=json --json=diagnostic-rendered-ansi,artifacts,future-incompat --emit=dep-info,link -C embed-bitcode=no -C debuginfo=2 --warn=unexpected_cfgs '--deny=clippy::undocumented_unsafe_blocks' --check-cfg 'cfg(kani)' --test --check-cfg 'cfg(docsrs,test)' --check-cfg 'cfg(feature, values("hardened", "pure", "rng"))' -C metadata=ae5af60dc998a0ff -C extra-filename=-bfa5f8a51841f9ba --out-dir /tmp/cargo-mutants-XChaCha20-BLAKE3-SIV-I6wMwi.tmp/target/debug/deps -C incremental=/tmp/cargo-mutants-XChaCha20-BLAKE3-SIV-I6wMwi.tmp/target/debug/incremental -L dependency=/tmp/cargo-mutants-XChaCha20-BLAKE3-SIV-I6wMwi.tmp/target/debug/deps --extern aead=/tmp/cargo-mutants-XChaCha20-BLAKE3-SIV-I6wMwi.tmp/target/debug/deps/libaead-15f867564fd89215.rlib --extern blake3=/tmp/cargo-mutants-XChaCha20-BLAKE3-SIV-I6wMwi.tmp/target/debug/deps/libblake3-f8715a0be2228f6c.rlib --extern chacha20poly1305=/tmp/cargo-mutants-XChaCha20-BLAKE3-SIV-I6wMwi.tmp/target/debug/deps/libchacha20poly1305-4bd1b2516f5448bb.rlib --extern criterion=/tmp/cargo-mutants-XChaCha20-BLAKE3-SIV-I6wMwi.tmp/target/debug/deps/libcriterion-7a3675e7698ab10d.rlib --extern proptest=/tmp/cargo-mutants-XChaCha20-BLAKE3-SIV-I6wMwi.tmp/target/debug/deps/libproptest-35af120c880ec346.rlib --extern subtle=/tmp/cargo-mutants-XChaCha20-BLAKE3-SIV-I6wMwi.tmp/target/debug/deps/libsubtle-55f702608e37091d.rlib --extern xchacha20_blake3_siv=/tmp/cargo-mutants-XChaCha20-BLAKE3-SIV-I6wMwi.tmp/target/debug/deps/libxchacha20_blake3_siv-2db93173eacef0be.rlib --extern zeroize=/tmp/cargo-mutants-XChaCha20-BLAKE3-SIV-I6wMwi.tmp/target/debug/deps/libzeroize-5087b20aec4f24d3.rlib -L native=/tmp/cargo-mutants-XChaCha20-BLAKE3-SIV-I6wMwi.tmp/target/debug/build/blake3-db6c4b796fede836/out -L native=/tmp/cargo-mutants-XChaCha20-BLAKE3-SIV-I6wMwi.tmp/target/debug/build/blake3-db6c4b796fede836/out`
     Running `/home/dev123/.rustup/toolchains/stable-x86_64-unknown-linux-gnu/bin/rustc --crate-name ctgrind --edition=2021 tests/ctgrind.rs --error-format=json --json=diagnostic-rendered-ansi,artifacts,future-incompat --emit=dep-info,link -C embed-bitcode=no -C debuginfo=2 --warn=unexpected_cfgs '--deny=clippy::undocumented_unsafe_blocks' --check-cfg 'cfg(kani)' --test --check-cfg 'cfg(docsrs,test)' --check-cfg 'cfg(feature, values("hardened", "pure", "rng"))' -C metadata=1d8f1f249a850aa8 -C extra-filename=-5a73ab95801790d9 --out-dir /tmp/cargo-mutants-XChaCha20-BLAKE3-SIV-I6wMwi.tmp/target/debug/deps -C incremental=/tmp/cargo-mutants-XChaCha20-BLAKE3-SIV-I6wMwi.tmp/target/debug/incremental -L dependency=/tmp/cargo-mutants-XChaCha20-BLAKE3-SIV-I6wMwi.tmp/target/debug/deps --extern aead=/tmp/cargo-mutants-XChaCha20-BLAKE3-SIV-I6wMwi.tmp/target/debug/deps/libaead-15f867564fd89215.rlib --extern blake3=/tmp/cargo-mutants-XChaCha20-BLAKE3-SIV-I6wMwi.tmp/target/debug/deps/libblake3-f8715a0be2228f6c.rlib --extern chacha20poly1305=/tmp/cargo-mutants-XChaCha20-BLAKE3-SIV-I6wMwi.tmp/target/debug/deps/libchacha20poly1305-4bd1b2516f5448bb.rlib --extern criterion=/tmp/cargo-mutants-XChaCha20-BLAKE3-SIV-I6wMwi.tmp/target/debug/deps/libcriterion-7a3675e7698ab10d.rlib --extern proptest=/tmp/cargo-mutants-XChaCha20-BLAKE3-SIV-I6wMwi.tmp/target/debug/deps/libproptest-35af120c880ec346.rlib --extern subtle=/tmp/cargo-mutants-XChaCha20-BLAKE3-SIV-I6wMwi.tmp/target/debug/deps/libsubtle-55f702608e37091d.rlib --extern xchacha20_blake3_siv=/tmp/cargo-mutants-XChaCha20-BLAKE3-SIV-I6wMwi.tmp/target/debug/deps/libxchacha20_blake3_siv-2db93173eacef0be.rlib --extern zeroize=/tmp/cargo-mutants-XChaCha20-BLAKE3-SIV-I6wMwi.tmp/target/debug/deps/libzeroize-5087b20aec4f24d3.rlib -L native=/tmp/cargo-mutants-XChaCha20-BLAKE3-SIV-I6wMwi.tmp/target/debug/build/blake3-db6c4b796fede836/out -L native=/tmp/cargo-mutants-XChaCha20-BLAKE3-SIV-I6wMwi.tmp/target/debug/build/blake3-db6c4b796fede836/out`
     Running `/home/dev123/.rustup/toolchains/stable-x86_64-unknown-linux-gnu/bin/rustc --crate-name profile_probe --edition=2021 examples/profile_probe.rs --error-format=json --json=diagnostic-rendered-ansi,artifacts,future-incompat --crate-type bin --emit=dep-info,link -C embed-bitcode=no -C debuginfo=2 --warn=unexpected_cfgs '--deny=clippy::undocumented_unsafe_blocks' --check-cfg 'cfg(kani)' --check-cfg 'cfg(docsrs,test)' --check-cfg 'cfg(feature, values("hardened", "pure", "rng"))' -C metadata=fb9026df5f13a951 -C extra-filename=-2c1b90ee942f25df --out-dir /tmp/cargo-mutants-XChaCha20-BLAKE3-SIV-I6wMwi.tmp/target/debug/examples -C incremental=/tmp/cargo-mutants-XChaCha20-BLAKE3-SIV-I6wMwi.tmp/target/debug/incremental -L dependency=/tmp/cargo-mutants-XChaCha20-BLAKE3-SIV-I6wMwi.tmp/target/debug/deps --extern aead=/tmp/cargo-mutants-XChaCha20-BLAKE3-SIV-I6wMwi.tmp/target/debug/deps/libaead-15f867564fd89215.rlib --extern blake3=/tmp/cargo-mutants-XChaCha20-BLAKE3-SIV-I6wMwi.tmp/target/debug/deps/libblake3-f8715a0be2228f6c.rlib --extern chacha20poly1305=/tmp/cargo-mutants-XChaCha20-BLAKE3-SIV-I6wMwi.tmp/target/debug/deps/libchacha20poly1305-4bd1b2516f5448bb.rlib --extern criterion=/tmp/cargo-mutants-XChaCha20-BLAKE3-SIV-I6wMwi.tmp/target/debug/deps/libcriterion-7a3675e7698ab10d.rlib --extern proptest=/tmp/cargo-mutants-XChaCha20-BLAKE3-SIV-I6wMwi.tmp/target/debug/deps/libproptest-35af120c880ec346.rlib --extern subtle=/tmp/cargo-mutants-XChaCha20-BLAKE3-SIV-I6wMwi.tmp/target/debug/deps/libsubtle-55f702608e37091d.rlib --extern xchacha20_blake3_siv=/tmp/cargo-mutants-XChaCha20-BLAKE3-SIV-I6wMwi.tmp/target/debug/deps/libxchacha20_blake3_siv-2db93173eacef0be.rlib --extern zeroize=/tmp/cargo-mutants-XChaCha20-BLAKE3-SIV-I6wMwi.tmp/target/debug/deps/libzeroize-5087b20aec4f24d3.rlib -L native=/tmp/cargo-mutants-XChaCha20-BLAKE3-SIV-I6wMwi.tmp/target/debug/build/blake3-db6c4b796fede836/out -L native=/tmp/cargo-mutants-XChaCha20-BLAKE3-SIV-I6wMwi.tmp/target/debug/build/blake3-db6c4b796fede836/out`
     Running `/home/dev123/.rustup/toolchains/stable-x86_64-unknown-linux-gnu/bin/rustc --crate-name timing --edition=2021 tests/timing.rs --error-format=json --json=diagnostic-rendered-ansi,artifacts,future-incompat --emit=dep-info,link -C embed-bitcode=no -C debuginfo=2 --warn=unexpected_cfgs '--deny=clippy::undocumented_unsafe_blocks' --check-cfg 'cfg(kani)' --test --check-cfg 'cfg(docsrs,test)' --check-cfg 'cfg(feature, values("hardened", "pure", "rng"))' -C metadata=92b55272f7844ec6 -C extra-filename=-44d9d04a896c5f08 --out-dir /tmp/cargo-mutants-XChaCha20-BLAKE3-SIV-I6wMwi.tmp/target/debug/deps -C incremental=/tmp/cargo-mutants-XChaCha20-BLAKE3-SIV-I6wMwi.tmp/target/debug/incremental -L dependency=/tmp/cargo-mutants-XChaCha20-BLAKE3-SIV-I6wMwi.tmp/target/debug/deps --extern aead=/tmp/cargo-mutants-XChaCha20-BLAKE3-SIV-I6wMwi.tmp/target/debug/deps/libaead-15f867564fd89215.rlib --extern blake3=/tmp/cargo-mutants-XChaCha20-BLAKE3-SIV-I6wMwi.tmp/target/debug/deps/libblake3-f8715a0be2228f6c.rlib --extern chacha20poly1305=/tmp/cargo-mutants-XChaCha20-BLAKE3-SIV-I6wMwi.tmp/target/debug/deps/libchacha20poly1305-4bd1b2516f5448bb.rlib --extern criterion=/tmp/cargo-mutants-XChaCha20-BLAKE3-SIV-I6wMwi.tmp/target/debug/deps/libcriterion-7a3675e7698ab10d.rlib --extern proptest=/tmp/cargo-mutants-XChaCha20-BLAKE3-SIV-I6wMwi.tmp/target/debug/deps/libproptest-35af120c880ec346.rlib --extern subtle=/tmp/cargo-mutants-XChaCha20-BLAKE3-SIV-I6wMwi.tmp/target/debug/deps/libsubtle-55f702608e37091d.rlib --extern xchacha20_blake3_siv=/tmp/cargo-mutants-XChaCha20-BLAKE3-SIV-I6wMwi.tmp/target/debug/deps/libxchacha20_blake3_siv-2db93173eacef0be.rlib --extern zeroize=/tmp/cargo-mutants-XChaCha20-BLAKE3-SIV-I6wMwi.tmp/target/debug/deps/libzeroize-5087b20aec4f24d3.rlib -L native=/tmp/cargo-mutants-XChaCha20-BLAKE3-SIV-I6wMwi.tmp/target/debug/build/blake3-db6c4b796fede836/out -L native=/tmp/cargo-mutants-XChaCha20-BLAKE3-SIV-I6wMwi.tmp/target/debug/build/blake3-db6c4b796fede836/out`
     Running `/home/dev123/.rustup/toolchains/stable-x86_64-unknown-linux-gnu/bin/rustc --crate-name decision --edition=2021 tests/decision.rs --error-format=json --json=diagnostic-rendered-ansi,artifacts,future-incompat --emit=dep-info,link -C embed-bitcode=no -C debuginfo=2 --warn=unexpected_cfgs '--deny=clippy::undocumented_unsafe_blocks' --check-cfg 'cfg(kani)' --test --check-cfg 'cfg(docsrs,test)' --check-cfg 'cfg(feature, values("hardened", "pure", "rng"))' -C metadata=041a1c15b4ec45b0 -C extra-filename=-bb5606f9bfd472d8 --out-dir /tmp/cargo-mutants-XChaCha20-BLAKE3-SIV-I6wMwi.tmp/target/debug/deps -C incremental=/tmp/cargo-mutants-XChaCha20-BLAKE3-SIV-I6wMwi.tmp/target/debug/incremental -L dependency=/tmp/cargo-mutants-XChaCha20-BLAKE3-SIV-I6wMwi.tmp/target/debug/deps --extern aead=/tmp/cargo-mutants-XChaCha20-BLAKE3-SIV-I6wMwi.tmp/target/debug/deps/libaead-15f867564fd89215.rlib --extern blake3=/tmp/cargo-mutants-XChaCha20-BLAKE3-SIV-I6wMwi.tmp/target/debug/deps/libblake3-f8715a0be2228f6c.rlib --extern chacha20poly1305=/tmp/cargo-mutants-XChaCha20-BLAKE3-SIV-I6wMwi.tmp/target/debug/deps/libchacha20poly1305-4bd1b2516f5448bb.rlib --extern criterion=/tmp/cargo-mutants-XChaCha20-BLAKE3-SIV-I6wMwi.tmp/target/debug/deps/libcriterion-7a3675e7698ab10d.rlib --extern proptest=/tmp/cargo-mutants-XChaCha20-BLAKE3-SIV-I6wMwi.tmp/target/debug/deps/libproptest-35af120c880ec346.rlib --extern subtle=/tmp/cargo-mutants-XChaCha20-BLAKE3-SIV-I6wMwi.tmp/target/debug/deps/libsubtle-55f702608e37091d.rlib --extern xchacha20_blake3_siv=/tmp/cargo-mutants-XChaCha20-BLAKE3-SIV-I6wMwi.tmp/target/debug/deps/libxchacha20_blake3_siv-2db93173eacef0be.rlib --extern zeroize=/tmp/cargo-mutants-XChaCha20-BLAKE3-SIV-I6wMwi.tmp/target/debug/deps/libzeroize-5087b20aec4f24d3.rlib -L native=/tmp/cargo-mutants-XChaCha20-BLAKE3-SIV-I6wMwi.tmp/target/debug/build/blake3-db6c4b796fede836/out -L native=/tmp/cargo-mutants-XChaCha20-BLAKE3-SIV-I6wMwi.tmp/target/debug/build/blake3-db6c4b796fede836/out`
    Finished `test` profile [unoptimized + debuginfo] target(s) in 0.57s
  Executable `/tmp/cargo-mutants-XChaCha20-BLAKE3-SIV-I6wMwi.tmp/target/debug/deps/xchacha20_blake3_siv-776224aaae08c883`
  Executable `/tmp/cargo-mutants-XChaCha20-BLAKE3-SIV-I6wMwi.tmp/target/debug/deps/ctgrind-5a73ab95801790d9`
  Executable `/tmp/cargo-mutants-XChaCha20-BLAKE3-SIV-I6wMwi.tmp/target/debug/deps/decision-bb5606f9bfd472d8`
  Executable `/tmp/cargo-mutants-XChaCha20-BLAKE3-SIV-I6wMwi.tmp/target/debug/deps/decision_scope-c847c7de376c34ef`
  Executable `/tmp/cargo-mutants-XChaCha20-BLAKE3-SIV-I6wMwi.tmp/target/debug/deps/differential_reference-b8b2b3b7410d2fad`
  Executable `/tmp/cargo-mutants-XChaCha20-BLAKE3-SIV-I6wMwi.tmp/target/debug/deps/security-00ded68e6cce22af`
  Executable `/tmp/cargo-mutants-XChaCha20-BLAKE3-SIV-I6wMwi.tmp/target/debug/deps/threads-bfa5f8a51841f9ba`
  Executable `/tmp/cargo-mutants-XChaCha20-BLAKE3-SIV-I6wMwi.tmp/target/debug/deps/timing-44d9d04a896c5f08`
  Executable `/tmp/cargo-mutants-XChaCha20-BLAKE3-SIV-I6wMwi.tmp/target/debug/deps/variable_latency-391c09eabf365133`

*** result: Success

*** /home/dev123/.rustup/toolchains/stable-x86_64-unknown-linux-gnu/bin/cargo test --verbose --package=xchacha20-blake3-siv@0.1.0 --test decision
       Fresh cfg-if v1.0.5
       Fresh unicode-ident v1.0.26
       Fresh libc v0.2.189
       Fresh version_check v0.9.5
       Fresh typenum v1.20.1
       Fresh zeroize v1.9.0
       Fresh autocfg v1.5.1
       Fresh find-msvc-tools v0.1.13
       Fresh shlex v2.0.1
       Fresh subtle v2.6.1
       Fresh regex-syntax v0.8.11
       Fresh either v1.18.0
       Fresh cpufeatures v0.2.17
       Fresh memchr v2.8.3
       Fresh clap_lex v1.1.1
       Fresh itoa v1.0.18
       Fresh plotters-backend v0.3.7
       Fresh ciborium-io v0.2.2
       Fresh anstyle v1.0.14
       Fresh same-file v1.0.6
       Fresh bit-vec v0.8.0
       Fresh opaque-debug v0.3.1
       Fresh cpufeatures v0.3.1
       Fresh proc-macro2 v1.0.107
       Fresh getrandom v0.2.17
       Fresh cc v1.4.7
       Fresh clap_builder v4.6.7
       Fresh itertools v0.10.5
       Fresh plotters-svg v0.3.7
       Fresh regex-automata v0.4.18
       Fresh arrayvec v0.7.8
       Fresh cast v0.3.0
       Fresh constant_time_eq v0.4.2
       Fresh bit-set v0.8.0
       Fresh is-terminal v0.4.17
       Fresh walkdir v2.5.0
       Fresh unarray v0.1.4
       Fresh once_cell v1.21.4
       Fresh anes v0.1.6
       Fresh bitflags v2.13.2
       Fresh oorandom v11.1.5
       Fresh quote v1.0.47
       Fresh rand_core v0.6.4
       Fresh getrandom v0.3.4
       Fresh crossbeam-utils v0.8.23
       Fresh serde_core v1.0.229
       Fresh zmij v1.0.23
       Fresh regex v1.13.1
       Fresh criterion-plot v0.5.0
       Fresh clap v4.6.7
       Fresh syn v2.0.119
       Fresh generic-array v0.14.7
       Fresh syn v3.0.6
       Fresh rand_core v0.9.5
       Fresh crossbeam-epoch v0.9.21
       Fresh num-traits v0.2.19
       Fresh serde_json v1.0.151
       Fresh zerocopy-derive v0.8.57
       Fresh crypto-common v0.1.7
       Fresh serde_derive v1.0.229
       Fresh crossbeam-deque v0.8.8
       Fresh inout v0.1.4
       Fresh blake3 v1.8.7
       Fresh rand v0.9.5
       Fresh plotters v0.3.7
       Fresh rand_xorshift v0.4.0
       Fresh zerocopy v0.8.57
       Fresh serde v1.0.229
       Fresh universal-hash v0.5.1
       Fresh rayon-core v1.13.0
       Fresh cipher v0.4.4
       Fresh aead v0.5.2
       Fresh half v2.7.1
       Fresh ppv-lite86 v0.2.21
       Fresh chacha20 v0.9.1
       Fresh rayon v1.12.0
       Fresh poly1305 v0.8.0
       Fresh tinytemplate v1.2.1
       Fresh ciborium-ll v0.2.2
       Fresh rand_chacha v0.9.0
       Fresh chacha20poly1305 v0.10.1
       Fresh ciborium v0.2.2
       Fresh proptest v1.11.0
       Fresh criterion v0.5.1
       Fresh xchacha20-blake3-siv v0.1.0 (/tmp/cargo-mutants-XChaCha20-BLAKE3-SIV-I6wMwi.tmp)
    Finished `test` profile [unoptimized + debuginfo] target(s) in 0.05s
     Running `/tmp/cargo-mutants-XChaCha20-BLAKE3-SIV-I6wMwi.tmp/target/debug/deps/decision-bb5606f9bfd472d8`

running 1 test
test a_forged_tag_must_not_be_accepted ... FAILED

failures:

---- a_forged_tag_must_not_be_accepted stdout ----

thread 'a_forged_tag_must_not_be_accepted' (799160) panicked at tests/decision.rs:26:51:
called `Result::unwrap()` on an `Err` value: AuthenticationFailed
note: run with `RUST_BACKTRACE=1` environment variable to display a backtrace


failures:
    a_forged_tag_must_not_be_accepted

test result: FAILED. 0 passed; 1 failed; 0 ignored; 0 measured; 0 filtered out; finished in 0.00s

error: test failed, to rerun pass `-p xchacha20-blake3-siv --test decision`

*** result: Failure(101)
