
*** src/lib.rs:1138:5: replace decrypt -> Result<Plaintext, Error> with Ok(Default::default())

*** mutation diff:
--- src/lib.rs
+++ replace decrypt -> Result<Plaintext, Error> with Ok(Default::default())
@@ -1130,97 +1130,17 @@
 #[must_use = "the returned plaintext must be handled"]
 pub fn decrypt(
     key: &[u8; 32],
     nonce: &[u8; NONCE_LEN],
     aad: &[u8],
     ciphertext: &[u8],
     tag: &[u8; TAG_LEN],
 ) -> Result<Plaintext, Error> {
-    check_lengths(ciphertext.len(), aad.len())?;
-
-    let (mut mac_key, mut enc_seed) = derive_material(key, nonce);
-    let (mut enc_key, mut enc_nonce) = derive_enc(&enc_seed, tag);
-
-    let mut plaintext = alloc_zeroed(ciphertext.len())?;
-    chacha20_keystream(&enc_key, 0, &enc_nonce, ciphertext, &mut plaintext);
-
-    let mut computed_tag = derive_tag(&mac_key, key, nonce, aad, &plaintext);
-    #[cfg(feature = "hardened")]
-    let gates = {
-        // Two *recomputations*, not one result read twice.  The two gate
-        // expressions are identical, and an optimizer is entitled to
-        // common-subexpression-eliminate them into a single comparison — at which
-        // point one fault would carry both gates and the second gate would have
-        // stopped being a second gate.
-        //
-        // The volatile re-read is what forbids that merge, and it is here rather
-        // than `black_box` on purpose: whether `black_box` defeats CSE is a
-        // property of the optimizer's choices, not of the program, and this
-        // hardening must not rest on the difference between two compilers.  A
-        // volatile access is one the language requires to happen.
-        //
-        // Cost: two 65-byte copies and two wipes, only under this feature.
-        let first = computed_tag.ct_eq(tag) & tag.ct_eq(&computed_tag);
-
-        // SAFETY: `computed_tag` is a live local, initialised and aligned for a
-        // `[u8; TAG_LEN]` read for the whole statement; nothing writes through the
-        // pointer, and a volatile read of live memory has no effect beyond being
-        // the read itself.
-        let mut computed_tag_copy = unsafe { core::ptr::read_volatile(&computed_tag) };
-        // SAFETY: as above, for the caller's reference: `tag` is a live `&[u8;
-        // TAG_LEN]` and this only reads through it, so aliasing rules hold.
-        let mut tag_copy = unsafe { core::ptr::read_volatile(tag) };
-        let second = computed_tag_copy.ct_eq(&tag_copy) & tag_copy.ct_eq(&computed_tag_copy);
-
-        // The copies are secret-derived (they are the computed MAC), so they are
-        // wiped like every other copy in this function rather than left in the
-        // frame of the `hardened` build.
-        zeroize_array(&mut computed_tag_copy);
-        zeroize_array(&mut tag_copy);
-
-        (first, second)
-    };
-    #[cfg(not(feature = "hardened"))]
-    let auth_ok = computed_tag.ct_eq(tag);
-
-    zeroize_array(&mut mac_key);
-    zeroize_array(&mut enc_seed);
-    zeroize_array(&mut enc_key);
-    // The per-message ChaCha20 nonce is secret-derived too (it comes out of
-    // the same XOF call as `enc_key`), so it is wiped with the rest rather
-    // than left on the stack.
-    zeroize_array(&mut enc_nonce);
-    zeroize_array(&mut computed_tag);
-
-    // Two rejections until the decision proves otherwise, written *before* the call:
-    // a fault that skips the call leaves both standing, and a fault that corrupts one
-    // outcome leaves the other -- so accepting would take two faults. See the comment
-    // on `accept_or_reject`.
-    let mut decision0: Result<(), Error> = Err(Error::AuthenticationFailed);
-    let mut decision1: Result<(), Error> = Err(Error::AuthenticationFailed);
-    #[cfg(not(feature = "hardened"))]
-    accept_or_reject(auth_ok, auth_ok, &mut decision0, &mut decision1);
-    #[cfg(feature = "hardened")]
-    accept_or_reject(gates.0, gates.1, &mut decision0, &mut decision1);
-
-    // Two checks in series, each jumping *to the rejection*: accepting is the
-    // fall-through of both, so no single corrupted branch accepts -- whichever one is
-    // corrupted, the other still rejects. A corrupted jump *target* can skip both,
-    // and that residual is measured (`tools/fi_instruction.sh --bits`) and pinned in
-    // the README's table rather than claimed away.
-    if decision0.is_err() {
-        zeroize_slice(&mut plaintext);
-        return Err(Error::AuthenticationFailed);
-    }
-    if decision1.is_err() {
-        zeroize_slice(&mut plaintext);
-        return Err(Error::AuthenticationFailed);
-    }
-    Ok(Plaintext(plaintext))
+    Ok(Default::default()) /* ~ changed by cargo-mutants ~ */
 }
 
 /// [`decrypt`] with an allocation bound that is checked **before** the buffer is
 /// allocated.
 ///
 /// `max_len` is the caller's policy, not the format's: a ciphertext longer than it
 /// is refused with [`Error::MessageTooLong`] and nothing is allocated. This exists
 /// because [`MAX_MSG_SIZE`] (256 GiB) is a format limit and does not bound a remote


*** /home/dev123/.rustup/toolchains/stable-x86_64-unknown-linux-gnu/bin/cargo test --no-run --verbose --package=xchacha20-blake3-siv@0.1.0 --features=hardened
       Fresh cfg-if v1.0.5
       Fresh libc v0.2.189
       Fresh unicode-ident v1.0.26
       Fresh version_check v0.9.5
       Fresh typenum v1.20.1
       Fresh getrandom v0.2.17
       Fresh zeroize v1.9.0
       Fresh autocfg v1.5.1
       Fresh find-msvc-tools v0.1.13
       Fresh shlex v2.0.1
       Fresh either v1.18.0
       Fresh regex-syntax v0.8.11
       Fresh subtle v2.6.1
       Fresh memchr v2.8.3
       Fresh plotters-backend v0.3.7
       Fresh clap_lex v1.1.1
       Fresh ciborium-io v0.2.2
       Fresh anstyle v1.0.14
       Fresh rand_core v0.6.4
       Fresh cc v1.4.7
       Fresh cpufeatures v0.2.17
       Fresh itoa v1.0.18
       Fresh arrayvec v0.7.8
       Fresh clap_builder v4.6.7
       Fresh itertools v0.10.5
       Fresh regex-automata v0.4.18
       Fresh plotters-svg v0.3.7
       Fresh opaque-debug v0.3.1
       Fresh constant_time_eq v0.4.2
       Fresh cast v0.3.0
       Fresh cpufeatures v0.3.1
       Fresh bit-vec v0.8.0
       Fresh same-file v1.0.6
       Fresh is-terminal v0.4.17
       Fresh once_cell v1.21.4
       Fresh unarray v0.1.4
       Fresh anes v0.1.6
       Fresh proc-macro2 v1.0.107
       Fresh getrandom v0.3.4
       Fresh serde_core v1.0.229
       Fresh crossbeam-utils v0.8.23
       Fresh zmij v1.0.23
       Fresh criterion-plot v0.5.0
       Fresh clap v4.6.7
       Fresh walkdir v2.5.0
       Fresh regex v1.13.1
       Fresh bit-set v0.8.0
       Fresh bitflags v2.13.2
       Fresh oorandom v11.1.5
       Fresh quote v1.0.47
       Fresh generic-array v0.14.7
       Fresh crossbeam-epoch v0.9.21
       Fresh rand_core v0.9.5
       Fresh num-traits v0.2.19
       Fresh serde_json v1.0.151
       Fresh syn v2.0.119
       Fresh crypto-common v0.1.7
       Fresh syn v3.0.6
       Fresh inout v0.1.4
       Fresh crossbeam-deque v0.8.8
       Fresh plotters v0.3.7
       Fresh rand v0.9.5
       Fresh blake3 v1.8.7
       Fresh rand_xorshift v0.4.0
       Fresh zerocopy-derive v0.8.57
       Fresh serde_derive v1.0.229
       Fresh universal-hash v0.5.1
       Fresh rayon-core v1.13.0
       Fresh cipher v0.4.4
       Fresh aead v0.5.2
       Dirty xchacha20-blake3-siv v0.1.0 (/tmp/cargo-mutants-XChaCha20-BLAKE3-SIV-AcAq62.tmp): the file `src/lib.rs` has changed (1790412549.920438885s, 647999849ns after last build at 1790412549.272439036s)
   Compiling xchacha20-blake3-siv v0.1.0 (/tmp/cargo-mutants-XChaCha20-BLAKE3-SIV-AcAq62.tmp)
       Fresh zerocopy v0.8.57
       Fresh serde v1.0.229
       Fresh poly1305 v0.8.0
       Fresh chacha20 v0.9.1
       Fresh rayon v1.12.0
       Fresh half v2.7.1
       Fresh ppv-lite86 v0.2.21
       Fresh tinytemplate v1.2.1
       Fresh chacha20poly1305 v0.10.1
       Fresh ciborium-ll v0.2.2
       Fresh rand_chacha v0.9.0
       Fresh ciborium v0.2.2
       Fresh proptest v1.11.0
       Fresh criterion v0.5.1
     Running `/home/dev123/.rustup/toolchains/stable-x86_64-unknown-linux-gnu/bin/rustc --crate-name xchacha20_blake3_siv --edition=2021 src/lib.rs --error-format=json --json=diagnostic-rendered-ansi,artifacts,future-incompat --crate-type lib --emit=dep-info,metadata,link -C embed-bitcode=no -C debuginfo=2 --warn=unexpected_cfgs '--deny=clippy::undocumented_unsafe_blocks' --check-cfg 'cfg(kani)' --cfg 'feature="default"' --cfg 'feature="hardened"' --check-cfg 'cfg(docsrs,test)' --check-cfg 'cfg(feature, values("default", "hardened", "pure", "rng"))' -C metadata=ba4b5fbb4fee2cd0 -C extra-filename=-10b0469e57c0fbf3 --out-dir /tmp/cargo-mutants-XChaCha20-BLAKE3-SIV-AcAq62.tmp/target/debug/deps -C incremental=/tmp/cargo-mutants-XChaCha20-BLAKE3-SIV-AcAq62.tmp/target/debug/incremental -L dependency=/tmp/cargo-mutants-XChaCha20-BLAKE3-SIV-AcAq62.tmp/target/debug/deps --extern blake3=/tmp/cargo-mutants-XChaCha20-BLAKE3-SIV-AcAq62.tmp/target/debug/deps/libblake3-f8715a0be2228f6c.rmeta --extern subtle=/tmp/cargo-mutants-XChaCha20-BLAKE3-SIV-AcAq62.tmp/target/debug/deps/libsubtle-55f702608e37091d.rmeta --extern zeroize=/tmp/cargo-mutants-XChaCha20-BLAKE3-SIV-AcAq62.tmp/target/debug/deps/libzeroize-5087b20aec4f24d3.rmeta -L native=/tmp/cargo-mutants-XChaCha20-BLAKE3-SIV-AcAq62.tmp/target/debug/build/blake3-db6c4b796fede836/out -L native=/tmp/cargo-mutants-XChaCha20-BLAKE3-SIV-AcAq62.tmp/target/debug/build/blake3-db6c4b796fede836/out`
     Running `/home/dev123/.rustup/toolchains/stable-x86_64-unknown-linux-gnu/bin/rustc --crate-name xchacha20_blake3_siv --edition=2021 src/lib.rs --error-format=json --json=diagnostic-rendered-ansi,artifacts,future-incompat --emit=dep-info,link -C embed-bitcode=no -C debuginfo=2 --warn=unexpected_cfgs '--deny=clippy::undocumented_unsafe_blocks' --check-cfg 'cfg(kani)' --test --cfg 'feature="default"' --cfg 'feature="hardened"' --check-cfg 'cfg(docsrs,test)' --check-cfg 'cfg(feature, values("default", "hardened", "pure", "rng"))' -C metadata=bfc4d0ed8b4ade13 -C extra-filename=-37033d2b0be6e653 --out-dir /tmp/cargo-mutants-XChaCha20-BLAKE3-SIV-AcAq62.tmp/target/debug/deps -C incremental=/tmp/cargo-mutants-XChaCha20-BLAKE3-SIV-AcAq62.tmp/target/debug/incremental -L dependency=/tmp/cargo-mutants-XChaCha20-BLAKE3-SIV-AcAq62.tmp/target/debug/deps --extern aead=/tmp/cargo-mutants-XChaCha20-BLAKE3-SIV-AcAq62.tmp/target/debug/deps/libaead-15f867564fd89215.rlib --extern blake3=/tmp/cargo-mutants-XChaCha20-BLAKE3-SIV-AcAq62.tmp/target/debug/deps/libblake3-f8715a0be2228f6c.rlib --extern chacha20poly1305=/tmp/cargo-mutants-XChaCha20-BLAKE3-SIV-AcAq62.tmp/target/debug/deps/libchacha20poly1305-4bd1b2516f5448bb.rlib --extern criterion=/tmp/cargo-mutants-XChaCha20-BLAKE3-SIV-AcAq62.tmp/target/debug/deps/libcriterion-7a3675e7698ab10d.rlib --extern proptest=/tmp/cargo-mutants-XChaCha20-BLAKE3-SIV-AcAq62.tmp/target/debug/deps/libproptest-35af120c880ec346.rlib --extern subtle=/tmp/cargo-mutants-XChaCha20-BLAKE3-SIV-AcAq62.tmp/target/debug/deps/libsubtle-55f702608e37091d.rlib --extern zeroize=/tmp/cargo-mutants-XChaCha20-BLAKE3-SIV-AcAq62.tmp/target/debug/deps/libzeroize-5087b20aec4f24d3.rlib -L native=/tmp/cargo-mutants-XChaCha20-BLAKE3-SIV-AcAq62.tmp/target/debug/build/blake3-db6c4b796fede836/out -L native=/tmp/cargo-mutants-XChaCha20-BLAKE3-SIV-AcAq62.tmp/target/debug/build/blake3-db6c4b796fede836/out`
error[E0277]: the trait bound `Plaintext: Default` is not satisfied
    --> src/lib.rs:1138:8
     |
1138 |     Ok(Default::default()) /* ~ changed by cargo-mutants ~ */
     |        ^^^^^^^^^^^^^^^^^^ the trait `Default` is not implemented for `Plaintext`
     |
help: consider annotating `Plaintext` with `#[derive(Default)]`
     |
 364 + #[derive(Default)]
 365 | pub struct Plaintext(Vec<u8>);
     |

For more information about this error, try `rustc --explain E0277`.
error: could not compile `xchacha20-blake3-siv` (lib) due to 1 previous error

Caused by:
  process didn't exit successfully: `/home/dev123/.rustup/toolchains/stable-x86_64-unknown-linux-gnu/bin/rustc --crate-name xchacha20_blake3_siv --edition=2021 src/lib.rs --error-format=json --json=diagnostic-rendered-ansi,artifacts,future-incompat --crate-type lib --emit=dep-info,metadata,link -C embed-bitcode=no -C debuginfo=2 --warn=unexpected_cfgs '--deny=clippy::undocumented_unsafe_blocks' --check-cfg 'cfg(kani)' --cfg 'feature="default"' --cfg 'feature="hardened"' --check-cfg 'cfg(docsrs,test)' --check-cfg 'cfg(feature, values("default", "hardened", "pure", "rng"))' -C metadata=ba4b5fbb4fee2cd0 -C extra-filename=-10b0469e57c0fbf3 --out-dir /tmp/cargo-mutants-XChaCha20-BLAKE3-SIV-AcAq62.tmp/target/debug/deps -C incremental=/tmp/cargo-mutants-XChaCha20-BLAKE3-SIV-AcAq62.tmp/target/debug/incremental -L dependency=/tmp/cargo-mutants-XChaCha20-BLAKE3-SIV-AcAq62.tmp/target/debug/deps --extern blake3=/tmp/cargo-mutants-XChaCha20-BLAKE3-SIV-AcAq62.tmp/target/debug/deps/libblake3-f8715a0be2228f6c.rmeta --extern subtle=/tmp/cargo-mutants-XChaCha20-BLAKE3-SIV-AcAq62.tmp/target/debug/deps/libsubtle-55f702608e37091d.rmeta --extern zeroize=/tmp/cargo-mutants-XChaCha20-BLAKE3-SIV-AcAq62.tmp/target/debug/deps/libzeroize-5087b20aec4f24d3.rmeta -L native=/tmp/cargo-mutants-XChaCha20-BLAKE3-SIV-AcAq62.tmp/target/debug/build/blake3-db6c4b796fede836/out -L native=/tmp/cargo-mutants-XChaCha20-BLAKE3-SIV-AcAq62.tmp/target/debug/build/blake3-db6c4b796fede836/out` (exit status: 1)
warning: build failed, waiting for other jobs to finish...
error: could not compile `xchacha20-blake3-siv` (lib test) due to 1 previous error

Caused by:
  process didn't exit successfully: `/home/dev123/.rustup/toolchains/stable-x86_64-unknown-linux-gnu/bin/rustc --crate-name xchacha20_blake3_siv --edition=2021 src/lib.rs --error-format=json --json=diagnostic-rendered-ansi,artifacts,future-incompat --emit=dep-info,link -C embed-bitcode=no -C debuginfo=2 --warn=unexpected_cfgs '--deny=clippy::undocumented_unsafe_blocks' --check-cfg 'cfg(kani)' --test --cfg 'feature="default"' --cfg 'feature="hardened"' --check-cfg 'cfg(docsrs,test)' --check-cfg 'cfg(feature, values("default", "hardened", "pure", "rng"))' -C metadata=bfc4d0ed8b4ade13 -C extra-filename=-37033d2b0be6e653 --out-dir /tmp/cargo-mutants-XChaCha20-BLAKE3-SIV-AcAq62.tmp/target/debug/deps -C incremental=/tmp/cargo-mutants-XChaCha20-BLAKE3-SIV-AcAq62.tmp/target/debug/incremental -L dependency=/tmp/cargo-mutants-XChaCha20-BLAKE3-SIV-AcAq62.tmp/target/debug/deps --extern aead=/tmp/cargo-mutants-XChaCha20-BLAKE3-SIV-AcAq62.tmp/target/debug/deps/libaead-15f867564fd89215.rlib --extern blake3=/tmp/cargo-mutants-XChaCha20-BLAKE3-SIV-AcAq62.tmp/target/debug/deps/libblake3-f8715a0be2228f6c.rlib --extern chacha20poly1305=/tmp/cargo-mutants-XChaCha20-BLAKE3-SIV-AcAq62.tmp/target/debug/deps/libchacha20poly1305-4bd1b2516f5448bb.rlib --extern criterion=/tmp/cargo-mutants-XChaCha20-BLAKE3-SIV-AcAq62.tmp/target/debug/deps/libcriterion-7a3675e7698ab10d.rlib --extern proptest=/tmp/cargo-mutants-XChaCha20-BLAKE3-SIV-AcAq62.tmp/target/debug/deps/libproptest-35af120c880ec346.rlib --extern subtle=/tmp/cargo-mutants-XChaCha20-BLAKE3-SIV-AcAq62.tmp/target/debug/deps/libsubtle-55f702608e37091d.rlib --extern zeroize=/tmp/cargo-mutants-XChaCha20-BLAKE3-SIV-AcAq62.tmp/target/debug/deps/libzeroize-5087b20aec4f24d3.rlib -L native=/tmp/cargo-mutants-XChaCha20-BLAKE3-SIV-AcAq62.tmp/target/debug/build/blake3-db6c4b796fede836/out -L native=/tmp/cargo-mutants-XChaCha20-BLAKE3-SIV-AcAq62.tmp/target/debug/build/blake3-db6c4b796fede836/out` (exit status: 1)

*** result: Failure(101)
