
*** src/lib.rs:1200:5: replace decrypt_bounded -> Result<Plaintext, Error> with Ok(Default::default())

*** mutation diff:
--- src/lib.rs
+++ replace decrypt_bounded -> Result<Plaintext, Error> with Ok(Default::default())
@@ -1192,20 +1192,17 @@
 pub fn decrypt_bounded(
     key: &[u8; 32],
     nonce: &[u8; NONCE_LEN],
     aad: &[u8],
     ciphertext: &[u8],
     tag: &[u8; TAG_LEN],
     max_len: usize,
 ) -> Result<Plaintext, Error> {
-    if ciphertext.len() > max_len {
-        return Err(Error::MessageTooLong);
-    }
-    decrypt(key, nonce, aad, ciphertext, tag)
+    Ok(Default::default()) /* ~ changed by cargo-mutants ~ */
 }
 
 /// Decrypt `buffer` in place, verifying the detached tag.
 ///
 /// On failure the buffer is zeroized, so unverified plaintext is never left in
 /// place. Note this destroys the caller's buffer on the failure path.
 pub fn decrypt_in_place_detached(
     key: &[u8; 32],


*** /home/dev123/.rustup/toolchains/stable-x86_64-unknown-linux-gnu/bin/cargo test --no-run --verbose --package=xchacha20-blake3-siv@0.1.0 --features=hardened
       Fresh cfg-if v1.0.5
       Fresh unicode-ident v1.0.26
       Fresh version_check v0.9.5
       Fresh typenum v1.20.1
       Fresh zeroize v1.9.0
       Fresh autocfg v1.5.1
       Fresh find-msvc-tools v0.1.13
       Fresh shlex v2.0.1
       Fresh regex-syntax v0.8.11
       Fresh subtle v2.6.1
       Fresh either v1.18.0
       Fresh plotters-backend v0.3.7
       Fresh anstyle v1.0.14
       Fresh cpufeatures v0.2.17
       Fresh itoa v1.0.18
       Fresh ciborium-io v0.2.2
       Fresh memchr v2.8.3
       Fresh clap_lex v1.1.1
       Fresh opaque-debug v0.3.1
       Fresh cpufeatures v0.3.1
       Fresh cast v0.3.0
       Fresh libc v0.2.189
       Fresh proc-macro2 v1.0.107
       Fresh cc v1.4.7
       Fresh itertools v0.10.5
       Fresh plotters-svg v0.3.7
       Fresh clap_builder v4.6.7
       Fresh arrayvec v0.7.8
       Fresh regex-automata v0.4.18
       Fresh same-file v1.0.6
       Fresh constant_time_eq v0.4.2
       Fresh bit-vec v0.8.0
       Fresh anes v0.1.6
       Fresh bitflags v2.13.2
       Fresh oorandom v11.1.5
       Fresh once_cell v1.21.4
       Fresh unarray v0.1.4
       Fresh quote v1.0.47
       Fresh getrandom v0.2.17
       Fresh serde_core v1.0.229
       Fresh crossbeam-utils v0.8.23
       Fresh getrandom v0.3.4
       Fresh zmij v1.0.23
       Fresh walkdir v2.5.0
       Fresh is-terminal v0.4.17
       Fresh clap v4.6.7
       Fresh criterion-plot v0.5.0
       Fresh regex v1.13.1
       Fresh bit-set v0.8.0
       Fresh syn v2.0.119
       Fresh generic-array v0.14.7
       Fresh rand_core v0.6.4
       Fresh syn v3.0.6
       Fresh rand_core v0.9.5
       Fresh crossbeam-epoch v0.9.21
       Fresh num-traits v0.2.19
       Fresh serde_json v1.0.151
       Fresh zerocopy-derive v0.8.57
       Fresh crypto-common v0.1.7
       Fresh serde_derive v1.0.229
       Fresh crossbeam-deque v0.8.8
       Fresh inout v0.1.4
       Fresh rand v0.9.5
       Fresh rand_xorshift v0.4.0
       Fresh blake3 v1.8.7
       Fresh plotters v0.3.7
       Fresh zerocopy v0.8.57
       Fresh serde v1.0.229
       Fresh cipher v0.4.4
       Fresh rayon-core v1.13.0
       Fresh universal-hash v0.5.1
       Fresh aead v0.5.2
       Dirty xchacha20-blake3-siv v0.1.0 (/tmp/cargo-mutants-XChaCha20-BLAKE3-SIV-yaz5mX.tmp): couldn't read metadata for file `target/debug/deps/libxchacha20_blake3_siv-10b0469e57c0fbf3.rlib`
   Compiling xchacha20-blake3-siv v0.1.0 (/tmp/cargo-mutants-XChaCha20-BLAKE3-SIV-yaz5mX.tmp)
       Fresh half v2.7.1
       Fresh ppv-lite86 v0.2.21
       Fresh poly1305 v0.8.0
       Fresh rayon v1.12.0
       Fresh chacha20 v0.9.1
       Fresh tinytemplate v1.2.1
       Fresh ciborium-ll v0.2.2
       Fresh rand_chacha v0.9.0
       Fresh chacha20poly1305 v0.10.1
     Running `/home/dev123/.rustup/toolchains/stable-x86_64-unknown-linux-gnu/bin/rustc --crate-name xchacha20_blake3_siv --edition=2021 src/lib.rs --error-format=json --json=diagnostic-rendered-ansi,artifacts,future-incompat --crate-type lib --emit=dep-info,metadata,link -C embed-bitcode=no -C debuginfo=2 --warn=unexpected_cfgs '--deny=clippy::undocumented_unsafe_blocks' --check-cfg 'cfg(kani)' --cfg 'feature="default"' --cfg 'feature="hardened"' --check-cfg 'cfg(docsrs,test)' --check-cfg 'cfg(feature, values("default", "hardened", "pure", "rng"))' -C metadata=ba4b5fbb4fee2cd0 -C extra-filename=-10b0469e57c0fbf3 --out-dir /tmp/cargo-mutants-XChaCha20-BLAKE3-SIV-yaz5mX.tmp/target/debug/deps -C incremental=/tmp/cargo-mutants-XChaCha20-BLAKE3-SIV-yaz5mX.tmp/target/debug/incremental -L dependency=/tmp/cargo-mutants-XChaCha20-BLAKE3-SIV-yaz5mX.tmp/target/debug/deps --extern blake3=/tmp/cargo-mutants-XChaCha20-BLAKE3-SIV-yaz5mX.tmp/target/debug/deps/libblake3-f8715a0be2228f6c.rmeta --extern subtle=/tmp/cargo-mutants-XChaCha20-BLAKE3-SIV-yaz5mX.tmp/target/debug/deps/libsubtle-55f702608e37091d.rmeta --extern zeroize=/tmp/cargo-mutants-XChaCha20-BLAKE3-SIV-yaz5mX.tmp/target/debug/deps/libzeroize-5087b20aec4f24d3.rmeta -L native=/tmp/cargo-mutants-XChaCha20-BLAKE3-SIV-yaz5mX.tmp/target/debug/build/blake3-db6c4b796fede836/out -L native=/tmp/cargo-mutants-XChaCha20-BLAKE3-SIV-yaz5mX.tmp/target/debug/build/blake3-db6c4b796fede836/out`
       Fresh ciborium v0.2.2
       Fresh proptest v1.11.0
       Fresh criterion v0.5.1
     Running `/home/dev123/.rustup/toolchains/stable-x86_64-unknown-linux-gnu/bin/rustc --crate-name xchacha20_blake3_siv --edition=2021 src/lib.rs --error-format=json --json=diagnostic-rendered-ansi,artifacts,future-incompat --emit=dep-info,link -C embed-bitcode=no -C debuginfo=2 --warn=unexpected_cfgs '--deny=clippy::undocumented_unsafe_blocks' --check-cfg 'cfg(kani)' --test --cfg 'feature="default"' --cfg 'feature="hardened"' --check-cfg 'cfg(docsrs,test)' --check-cfg 'cfg(feature, values("default", "hardened", "pure", "rng"))' -C metadata=bfc4d0ed8b4ade13 -C extra-filename=-37033d2b0be6e653 --out-dir /tmp/cargo-mutants-XChaCha20-BLAKE3-SIV-yaz5mX.tmp/target/debug/deps -C incremental=/tmp/cargo-mutants-XChaCha20-BLAKE3-SIV-yaz5mX.tmp/target/debug/incremental -L dependency=/tmp/cargo-mutants-XChaCha20-BLAKE3-SIV-yaz5mX.tmp/target/debug/deps --extern aead=/tmp/cargo-mutants-XChaCha20-BLAKE3-SIV-yaz5mX.tmp/target/debug/deps/libaead-15f867564fd89215.rlib --extern blake3=/tmp/cargo-mutants-XChaCha20-BLAKE3-SIV-yaz5mX.tmp/target/debug/deps/libblake3-f8715a0be2228f6c.rlib --extern chacha20poly1305=/tmp/cargo-mutants-XChaCha20-BLAKE3-SIV-yaz5mX.tmp/target/debug/deps/libchacha20poly1305-4bd1b2516f5448bb.rlib --extern criterion=/tmp/cargo-mutants-XChaCha20-BLAKE3-SIV-yaz5mX.tmp/target/debug/deps/libcriterion-7a3675e7698ab10d.rlib --extern proptest=/tmp/cargo-mutants-XChaCha20-BLAKE3-SIV-yaz5mX.tmp/target/debug/deps/libproptest-35af120c880ec346.rlib --extern subtle=/tmp/cargo-mutants-XChaCha20-BLAKE3-SIV-yaz5mX.tmp/target/debug/deps/libsubtle-55f702608e37091d.rlib --extern zeroize=/tmp/cargo-mutants-XChaCha20-BLAKE3-SIV-yaz5mX.tmp/target/debug/deps/libzeroize-5087b20aec4f24d3.rlib -L native=/tmp/cargo-mutants-XChaCha20-BLAKE3-SIV-yaz5mX.tmp/target/debug/build/blake3-db6c4b796fede836/out -L native=/tmp/cargo-mutants-XChaCha20-BLAKE3-SIV-yaz5mX.tmp/target/debug/build/blake3-db6c4b796fede836/out`
error[E0277]: the trait bound `Plaintext: Default` is not satisfied
    --> src/lib.rs:1200:8
     |
1200 |     Ok(Default::default()) /* ~ changed by cargo-mutants ~ */
     |        ^^^^^^^^^^^^^^^^^^ the trait `Default` is not implemented for `Plaintext`
     |
help: consider annotating `Plaintext` with `#[derive(Default)]`
     |
 341 + #[derive(Default)]
 342 | pub struct Plaintext(Vec<u8>);
     |

For more information about this error, try `rustc --explain E0277`.
error: could not compile `xchacha20-blake3-siv` (lib) due to 1 previous error

Caused by:
  process didn't exit successfully: `/home/dev123/.rustup/toolchains/stable-x86_64-unknown-linux-gnu/bin/rustc --crate-name xchacha20_blake3_siv --edition=2021 src/lib.rs --error-format=json --json=diagnostic-rendered-ansi,artifacts,future-incompat --crate-type lib --emit=dep-info,metadata,link -C embed-bitcode=no -C debuginfo=2 --warn=unexpected_cfgs '--deny=clippy::undocumented_unsafe_blocks' --check-cfg 'cfg(kani)' --cfg 'feature="default"' --cfg 'feature="hardened"' --check-cfg 'cfg(docsrs,test)' --check-cfg 'cfg(feature, values("default", "hardened", "pure", "rng"))' -C metadata=ba4b5fbb4fee2cd0 -C extra-filename=-10b0469e57c0fbf3 --out-dir /tmp/cargo-mutants-XChaCha20-BLAKE3-SIV-yaz5mX.tmp/target/debug/deps -C incremental=/tmp/cargo-mutants-XChaCha20-BLAKE3-SIV-yaz5mX.tmp/target/debug/incremental -L dependency=/tmp/cargo-mutants-XChaCha20-BLAKE3-SIV-yaz5mX.tmp/target/debug/deps --extern blake3=/tmp/cargo-mutants-XChaCha20-BLAKE3-SIV-yaz5mX.tmp/target/debug/deps/libblake3-f8715a0be2228f6c.rmeta --extern subtle=/tmp/cargo-mutants-XChaCha20-BLAKE3-SIV-yaz5mX.tmp/target/debug/deps/libsubtle-55f702608e37091d.rmeta --extern zeroize=/tmp/cargo-mutants-XChaCha20-BLAKE3-SIV-yaz5mX.tmp/target/debug/deps/libzeroize-5087b20aec4f24d3.rmeta -L native=/tmp/cargo-mutants-XChaCha20-BLAKE3-SIV-yaz5mX.tmp/target/debug/build/blake3-db6c4b796fede836/out -L native=/tmp/cargo-mutants-XChaCha20-BLAKE3-SIV-yaz5mX.tmp/target/debug/build/blake3-db6c4b796fede836/out` (exit status: 1)
warning: build failed, waiting for other jobs to finish...
error: could not compile `xchacha20-blake3-siv` (lib test) due to 1 previous error

Caused by:
  process didn't exit successfully: `/home/dev123/.rustup/toolchains/stable-x86_64-unknown-linux-gnu/bin/rustc --crate-name xchacha20_blake3_siv --edition=2021 src/lib.rs --error-format=json --json=diagnostic-rendered-ansi,artifacts,future-incompat --emit=dep-info,link -C embed-bitcode=no -C debuginfo=2 --warn=unexpected_cfgs '--deny=clippy::undocumented_unsafe_blocks' --check-cfg 'cfg(kani)' --test --cfg 'feature="default"' --cfg 'feature="hardened"' --check-cfg 'cfg(docsrs,test)' --check-cfg 'cfg(feature, values("default", "hardened", "pure", "rng"))' -C metadata=bfc4d0ed8b4ade13 -C extra-filename=-37033d2b0be6e653 --out-dir /tmp/cargo-mutants-XChaCha20-BLAKE3-SIV-yaz5mX.tmp/target/debug/deps -C incremental=/tmp/cargo-mutants-XChaCha20-BLAKE3-SIV-yaz5mX.tmp/target/debug/incremental -L dependency=/tmp/cargo-mutants-XChaCha20-BLAKE3-SIV-yaz5mX.tmp/target/debug/deps --extern aead=/tmp/cargo-mutants-XChaCha20-BLAKE3-SIV-yaz5mX.tmp/target/debug/deps/libaead-15f867564fd89215.rlib --extern blake3=/tmp/cargo-mutants-XChaCha20-BLAKE3-SIV-yaz5mX.tmp/target/debug/deps/libblake3-f8715a0be2228f6c.rlib --extern chacha20poly1305=/tmp/cargo-mutants-XChaCha20-BLAKE3-SIV-yaz5mX.tmp/target/debug/deps/libchacha20poly1305-4bd1b2516f5448bb.rlib --extern criterion=/tmp/cargo-mutants-XChaCha20-BLAKE3-SIV-yaz5mX.tmp/target/debug/deps/libcriterion-7a3675e7698ab10d.rlib --extern proptest=/tmp/cargo-mutants-XChaCha20-BLAKE3-SIV-yaz5mX.tmp/target/debug/deps/libproptest-35af120c880ec346.rlib --extern subtle=/tmp/cargo-mutants-XChaCha20-BLAKE3-SIV-yaz5mX.tmp/target/debug/deps/libsubtle-55f702608e37091d.rlib --extern zeroize=/tmp/cargo-mutants-XChaCha20-BLAKE3-SIV-yaz5mX.tmp/target/debug/deps/libzeroize-5087b20aec4f24d3.rlib -L native=/tmp/cargo-mutants-XChaCha20-BLAKE3-SIV-yaz5mX.tmp/target/debug/build/blake3-db6c4b796fede836/out -L native=/tmp/cargo-mutants-XChaCha20-BLAKE3-SIV-yaz5mX.tmp/target/debug/build/blake3-db6c4b796fede836/out` (exit status: 1)

*** result: Failure(101)
